E/AuthorizationBluetoothService( 3026): Proximity feature is not enabled.
V/GmsCoreStatsServiceLauncher( 3217): Received broadcast intent Intent { act=com.google.android.gms.INITIALIZE pkg=com.google.android.gms cmp=com.google.android.gms/.common.stats.GmsCoreStatsServiceLauncher }
D/LocationInitializer( 3217): Restart initialization of location
D/dalvikvm( 3217): GC_CONCURRENT freed 381K, 44% free 4181K/7431K, external 0K/0K, paused 2ms+3ms
D/dalvikvm( 3935): GC_CONCURRENT freed 384K, 52% free 2847K/5895K, external 0K/0K, paused 2ms+2ms
D/szipinf ( 3072): Initializing inflate state
D/szipinf ( 3072): Initializing inflate state
W/ConfigFetchTask( 3217): exception on config fetch: java.net.UnknownHostException: android.clients.google.com
W/ConfigFetchTask( 3217): java.net.UnknownHostException: android.clients.google.com
W/ConfigFetchTask( 3217): 	at java.net.InetAddress.lookupHostByName(InetAddress.java:497)
W/ConfigFetchTask( 3217): 	at java.net.InetAddress.getAllByNameImpl(InetAddress.java:294)
W/ConfigFetchTask( 3217): 	at java.net.InetAddress.getAllByName(InetAddress.java:256)
W/ConfigFetchTask( 3217): 	at org.apache.harmony.luni.internal.net.www.protocol.http.HttpConnection.<init>(HttpConnection.java:69)
W/ConfigFetchTask( 3217): 	at org.apache.harmony.luni.internal.net.www.protocol.http.HttpConnection.<init>(HttpConnection.java:48)
W/ConfigFetchTask( 3217): 	at org.apache.harmony.luni.internal.net.www.protocol.http.HttpConnection$Address.connect(HttpConnection.java:322)
W/ConfigFetchTask( 3217): 	at org.apache.harmony.luni.internal.net.www.protocol.http.HttpConnectionPool.get(HttpConnectionPool.java:89)
W/ConfigFetchTask( 3217): 	at org.apache.harmony.luni.internal.net.www.protocol.http.HttpURLConnectionImpl.getHttpConnection(HttpURLConnectionImpl.java:285)
W/ConfigFetchTask( 3217): 	at org.apache.harmony.luni.internal.net.www.protocol.http.HttpURLConnectionImpl.makeConnection(HttpURLConnectionImpl.java:267)
W/ConfigFetchTask( 3217): 	at org.apache.harmony.luni.internal.net.www.protocol.https.HttpsURLConnectionImpl$HttpsEngine.makeSslConnection(HttpsURLConnectionImpl.java:406)
W/ConfigFetchTask( 3217): 	at org.apache.harmony.luni.internal.net.www.protocol.https.HttpsURLConnectionImpl$HttpsEngine.makeConnection(HttpsURLConnectionImpl.java:387)
W/ConfigFetchTask( 3217): 	at org.apache.harmony.luni.internal.net.www.protocol.http.HttpURLConnectionImpl.connect(HttpURLConnectionImpl.java:205)
W/ConfigFetchTask( 3217): 	at org.apache.harmony.luni.internal.net.www.protocol.http.HttpURLConnectionImpl.getOutputStream(HttpURLConnectionImpl.java:614)
W/ConfigFetchTask( 3217): 	at org.apache.harmony.luni.internal.net.www.protocol.https.HttpsURLConnectionImpl.getOutputStream(HttpsURLConnectionImpl.java:268)
W/ConfigFetchTask( 3217): 	at com.google.android.gms.config.h.a(SourceFile:121)
W/ConfigFetchTask( 3217): 	at com.google.android.gms.config.h.doInBackground(SourceFile:42)
W/ConfigFetchTask( 3217): 	at android.os.AsyncTask$2.call(AsyncTask.java:185)
W/ConfigFetchTask( 3217): 	at java.util.concurrent.FutureTask$Sync.innerRun(FutureTask.java:306)
W/ConfigFetchTask( 3217): 	at java.util.concurrent.FutureTask.run(FutureTask.java:138)
W/ConfigFetchTask( 3217): 	at java.util.concurrent.ThreadPoolExecutor.runWorker(ThreadPoolExecutor.java:1088)
W/ConfigFetchTask( 3217): 	at java.util.concurrent.ThreadPoolExecutor$Worker.run(ThreadPoolExecutor.java:581)
W/ConfigFetchTask( 3217): 	at java.lang.Thread.run(Thread.java:1019)
I/ConfigFetchService( 3217): fetch service done; releasing wakelock
I/ConfigFetchService( 3217): stopping self
D/szipinf ( 3072): Initializing inflate state
D/dalvikvm( 3072): GC_CONCURRENT freed 196K, 51% free 3045K/6151K, external 0K/0K, paused 1ms+3ms
D/szipinf ( 3072): Initializing inflate state
I/iu.UploadsManager( 3217): NEW; upload media id: 7606; iu: -1
I/iu.UploadsManager( 3217): NEW; add media id: 7606
D/PictureFrame( 4015): updateSlideShow Next - appWidgetId 6
D/PictureFrame( 4015): do not update widget, saved file is under 1
E/com.samsung.app( 3982): [MSC]>>> WeatherWidgetProvider.java:1523 [0:0] Handler:{ what=101 when=-2ms }
E/com.samsung.app( 3982): [MSC]>>> WeatherWidgetProvider.java:1535 [0:0] HANDLER_EVENT_WEATHER_SCROLL : 1
E/com.samsung.app( 3982): [MSC]>>> WidgetIdManager.java:39 [0:0] AccuWeatherClockWidgetID_Length
E/com.samsung.app( 3982): [MSC]>>> WidgetIdManager.java:40 [0:0] getPrefIDs() : length = 1
E/com.samsung.app( 3982): [MSC]>>> WidgetIdManager.java:46 [0:0] getPrefIDs() : Ids1 = 2
E/com.samsung.app( 3982): [MSC]>>> WeatherWidgetProvider.java:1005 [0:0] setWeaterData 2 2130903087 true
E/com.samsung.app( 3982): [MSC]>>> WeatherWidgetProvider.java:1013 [0:0] setWeatherData dbhelper!=null
E/com.samsung.app( 3982): [MSC]>>> WeatherWidgetProvider.java:1015 [0:0] mWeatherCount : 2
E/com.samsung.app( 3982): [MSC]>>> WeatherWidgetProvider.java:1027 [0:0] onReceive Qiryat Yam cityId:213165
E/com.samsung.app( 3982): [MSC]>>> WeatherWidgetProvider.java:1027 [0:0] onReceive Qiryat Bialik cityId:213162
E/com.samsung.app( 3982): [MSC]>>> WeatherWidgetProvider.java:1631 [0:0] @@@@@ mainLayoutId--> :3
D/dalvikvm( 3217): GC_FOR_MALLOC freed 223K, 44% free 4174K/7431K, external 0K/0K, paused 54ms
E/com.samsung.app( 3982): [MSC]>>> WeatherWidgetProvider.java:1264 [0:0] =========2
I/iu.UploadsManager( 3217): NEW; upload media id: 7607; iu: -1
I/iu.UploadsManager( 3217): NEW; add media id: 7607
D/PowerManagerService( 2806): onSensorChanged: light value: 100
D/dalvikvm( 3982): GC_CONCURRENT freed 449K, 54% free 2711K/5831K, external 0K/0K, paused 2ms+2ms
D/dalvikvm( 3935): GC_CONCURRENT freed 314K, 50% free 2982K/5959K, external 0K/0K, paused 2ms+3ms
D/dalvikvm( 3217): GC_FOR_MALLOC freed 116K, 44% free 4165K/7431K, external 0K/0K, paused 22ms
I/iu.UploadsManager( 3217): NEW; upload media id: 7608; iu: -1
I/iu.UploadsManager( 3217): NEW; add media id: 7608
D/dalvikvm( 3217): GC_FOR_MALLOC freed 100K, 44% free 4166K/7431K, external 0K/0K, paused 36ms
I/iu.UploadsManager( 3217): NEW; upload media id: 7609; iu: -1
I/iu.UploadsManager( 3217): NEW; add media id: 7609
D/dalvikvm( 3217): GC_FOR_MALLOC freed 97K, 44% free 4167K/7431K, external 0K/0K, paused 68ms
I/iu.UploadsManager( 3217): NEW; upload media id: 7610; iu: -1
I/iu.UploadsManager( 3217): NEW; add media id: 7610
D/dalvikvm( 3217): GC_FOR_MALLOC freed 112K, 44% free 4167K/7431K, external 0K/0K, paused 37ms
I/iu.UploadsManager( 3217): NEW; upload media id: 7611; iu: -1
I/iu.UploadsManager( 3217): NEW; add media id: 7611
D/dalvikvm( 3217): GC_FOR_MALLOC freed 110K, 44% free 4168K/7431K, external 0K/0K, paused 54ms
I/iu.UploadsManager( 3217): NEW; upload media id: 7612; iu: -1
I/iu.UploadsManager( 3217): NEW; add media id: 7612
I/iu.UploadsManager( 3217): NEW; upload media id: 7613; iu: -1
I/iu.UploadsManager( 3217): NEW; add media id: 7613
D/dalvikvm( 3217): GC_FOR_MALLOC freed 187K, 44% free 4172K/7431K, external 0K/0K, paused 33ms
I/iu.UploadsManager( 3217): NEW; upload media id: 7614; iu: -1
I/iu.UploadsManager( 3217): NEW; add media id: 7614
D/dalvikvm( 2957): GC_EXPLICIT freed 258K, 52% free 2878K/5959K, external 9K/732K, paused 35ms
I/iu.UploadsManager( 3217): NEW; upload media id: 7615; iu: -1
I/iu.UploadsManager( 3217): NEW; add media id: 7615
D/dalvikvm( 3217): GC_FOR_MALLOC freed 193K, 44% free 4172K/7431K, external 0K/0K, paused 48ms
I/iu.UploadsManager( 3217): NEW; upload media id: 7616; iu: -1
I/iu.UploadsManager( 3217): NEW; add media id: 7616
D/dalvikvm( 3217): GC_FOR_MALLOC freed 107K, 44% free 4165K/7431K, external 0K/0K, paused 34ms
I/iu.UploadsManager( 3217): NEW; upload media id: 7617; iu: -1
I/iu.UploadsManager( 3217): NEW; add media id: 7617
D/dalvikvm( 3217): GC_FOR_MALLOC freed 98K, 44% free 4165K/7431K, external 0K/0K, paused 37ms
D/PictureFrame( 4015): updateSlideShow Next - appWidgetId 6
D/PictureFrame( 4015): do not update widget, saved file is under 1
I/iu.UploadsManager( 3217): NEW; upload media id: 7618; iu: -1
I/iu.UploadsManager( 3217): NEW; add media id: 7618
D/dalvikvm( 2806): GC_EXPLICIT freed 1208K, 35% free 8669K/13319K, external 2026K/2302K, paused 115ms
D/dalvikvm( 3217): GC_FOR_MALLOC freed 102K, 44% free 4166K/7431K, external 0K/0K, paused 33ms
D/PowerManagerService( 2806): onSensorChanged: light value: 100
I/iu.UploadsManager( 3217): NEW; upload media id: 7619; iu: -1
I/iu.UploadsManager( 3217): NEW; add media id: 7619
D/dalvikvm( 3217): GC_FOR_MALLOC freed 110K, 44% free 4166K/7431K, external 0K/0K, paused 30ms
I/iu.UploadsManager( 3217): NEW; upload media id: 7620; iu: -1
I/iu.UploadsManager( 3217): NEW; add media id: 7620
I/ConfigService( 3026): onDestroy
I/iu.UploadsManager( 3217): NEW; upload media id: 7621; iu: -1
I/iu.UploadsManager( 3217): NEW; add media id: 7621
D/dalvikvm( 3217): GC_FOR_MALLOC freed 184K, 44% free 4169K/7431K, external 0K/0K, paused 41ms
I/iu.UploadsManager( 3217): NEW; upload media id: 7622; iu: -1
I/iu.UploadsManager( 3217): NEW; add media id: 7622
D/dalvikvm( 3217): GC_FOR_MALLOC freed 103K, 44% free 4167K/7431K, external 0K/0K, paused 36ms
I/iu.UploadsManager( 3217): NEW; upload media id: 7623; iu: -1
I/iu.UploadsManager( 3217): NEW; add media id: 7623
D/dalvikvm( 3217): GC_FOR_MALLOC freed 115K, 44% free 4168K/7431K, external 0K/0K, paused 40ms
I/iu.UploadsManager( 3217): NEW; upload media id: 7624; iu: -1
I/iu.UploadsManager( 3217): NEW; add media id: 7624
D/dalvikvm( 2957): GC_EXPLICIT freed 250K, 52% free 2879K/5959K, external 9K/732K, paused 37ms
E/lights  ( 2806): write_int: path /sys/class/leds/red/brightness, value 255
E/lights  ( 2806): write_int: path /sys/class/leds/green/brightness, value 0
E/lights  ( 2806): write_int: path /sys/class/leds/blue/brightness, value 0
E/lights  ( 2806): write_int: path /sys/class/leds/red/device/blink, value 0
E/lights  ( 2806): write_int: path /sys/class/leds/red/brightness, value 255
E/lights  ( 2806): write_int: path /sys/class/leds/green/brightness, value 0
E/lights  ( 2806): write_int: path /sys/class/leds/blue/brightness, value 0
E/lights  ( 2806): write_int: path /sys/class/leds/red/device/blink, value 0
I/StatusBarManagerService( 2806): REMOVE-Scanning new software , 0x7f02000b
I/iu.UploadsManager( 3217): NEW; upload media id: 7625; iu: -1
I/iu.UploadsManager( 3217): NEW; add media id: 7625
D/dalvikvm( 3909): GC_CONCURRENT freed 439K, 52% free 2935K/6023K, external 0K/0K, paused 3ms+3ms
D/dalvikvm( 3217): GC_FOR_MALLOC freed 175K, 44% free 4170K/7431K, external 0K/0K, paused 46ms
I/iu.UploadsManager( 3217): NEW; upload media id: 7626; iu: -1
I/iu.UploadsManager( 3217): NEW; add media id: 7626
D/dalvikvm( 3217): GC_FOR_MALLOC freed 112K, 44% free 4163K/7431K, external 0K/0K, paused 46ms
I/iu.UploadsManager( 3217): NEW; upload media id: 7627; iu: -1
I/iu.UploadsManager( 3217): NEW; add media id: 7627
D/dalvikvm( 3217): GC_FOR_MALLOC freed 100K, 44% free 4164K/7431K, external 0K/0K, paused 36ms
I/iu.UploadsManager( 3217): NEW; upload media id: 7628; iu: -1
I/iu.UploadsManager( 3217): NEW; add media id: 7628
D/dalvikvm( 3217): GC_FOR_MALLOC freed 105K, 44% free 4165K/7431K, external 0K/0K, paused 33ms
I/iu.UploadsManager( 3217): NEW; upload media id: 7629; iu: -1
I/iu.UploadsManager( 3217): NEW; add media id: 7629
D/dalvikvm( 3217): GC_FOR_MALLOC freed 104K, 44% free 4165K/7431K, external 0K/0K, paused 33ms
I/iu.UploadsManager( 3217): NEW; upload media id: 7630; iu: -1
I/iu.UploadsManager( 3217): NEW; add media id: 7630
D/dalvikvm( 3217): GC_FOR_MALLOC freed 106K, 44% free 4166K/7431K, external 0K/0K, paused 43ms
I/iu.UploadsManager( 3217): NEW; upload media id: 7631; iu: -1
I/iu.UploadsManager( 3217): NEW; add media id: 7631
D/PictureFrame( 4015): updateSlideShow Next - appWidgetId 6
D/PictureFrame( 4015): do not update widget, saved file is under 1
D/dalvikvm( 3217): GC_FOR_MALLOC freed 97K, 44% free 4167K/7431K, external 0K/0K, paused 36ms
I/iu.UploadsManager( 3217): NEW; upload media id: 7632; iu: -1
I/iu.UploadsManager( 3217): NEW; add media id: 7632
D/dalvikvm( 3217): GC_FOR_MALLOC freed 108K, 44% free 4167K/7431K, external 0K/0K, paused 47ms
I/iu.UploadsManager( 3217): NEW; upload media id: 7633; iu: -1
I/iu.UploadsManager( 3217): NEW; add media id: 7633
D/PowerManagerService( 2806): onSensorChanged: light value: 100
D/Finsky  ( 3796): [1] 2.onErrorResponse: CheckForPendingNotifications failed: error=com.android.volley.NoConnectionError: java.net.UnknownHostException: android.clients.google.com
D/Finsky  ( 3796): [35] PendingNotificationsService.setMarketAlarm: Setting alarm for account=elix22@gmail.com, duration=80000
D/dalvikvm( 3217): GC_FOR_MALLOC freed 107K, 44% free 4168K/7431K, external 0K/0K, paused 51ms
I/iu.UploadsManager( 3217): NEW; upload media id: 7634; iu: -1
I/iu.UploadsManager( 3217): NEW; add media id: 7634
I/wpa_supplicant( 2929): CTRL-EVENT-NO-CONNECTION
V/WifiMonitor( 2806): Event [ SCAN-RESULTS ]
V/WifiMonitor( 2806): Event [CTRL-EVENT-NO-CONNECTION]
I/wpa_supplicant( 2929): SCAN_RESULTS : [14] 
I/NetworkStatusReceiver( 4073): action: android.net.wifi.SHOW_AP_LIST_DIALOG
E/WifiManager( 4073): showApDialog
I/wpa_supplicant( 2929): SCAN_RESULTS : [14] 
I/WifiService( 2806): isShowingAccessPointListDialog():false
I/WifiService( 2806): setShowAccessPointListDialog():false
I/wpa_supplicant( 2929): SCAN_RESULTS : [14] 
D/dalvikvm( 2957): GC_EXPLICIT freed 252K, 52% free 2878K/5959K, external 9K/732K, paused 46ms
I/iu.UploadsManager( 3217): NEW; upload media id: 7635; iu: -1
I/iu.UploadsManager( 3217): NEW; add media id: 7635
D/dalvikvm( 3217): GC_FOR_MALLOC freed 191K, 44% free 4170K/7431K, external 0K/0K, paused 33ms
I/iu.UploadsManager( 3217): NEW; upload media id: 7636; iu: -1
I/iu.UploadsManager( 3217): NEW; add media id: 7636
I/StatusBarManagerService( 2806): UPDATE-PowerTutor , 0x7f020003
E/com.samsung.app( 3982): [MSC]>>> WeatherWidgetProvider.java:1523 [0:0] Handler:{ what=101 when=-9ms }
E/com.samsung.app( 3982): [MSC]>>> WeatherWidgetProvider.java:1535 [0:0] HANDLER_EVENT_WEATHER_SCROLL : 0
E/com.samsung.app( 3982): [MSC]>>> WidgetIdManager.java:39 [0:0] AccuWeatherClockWidgetID_Length
E/com.samsung.app( 3982): [MSC]>>> WidgetIdManager.java:40 [0:0] getPrefIDs() : length = 1
E/com.samsung.app( 3982): [MSC]>>> WidgetIdManager.java:46 [0:0] getPrefIDs() : Ids1 = 2
E/com.samsung.app( 3982): [MSC]>>> WeatherWidgetProvider.java:1005 [0:0] setWeaterData 2 2130903087 true
E/com.samsung.app( 3982): [MSC]>>> WeatherWidgetProvider.java:1013 [0:0] setWeatherData dbhelper!=null
E/com.samsung.app( 3982): [MSC]>>> WeatherWidgetProvider.java:1015 [0:0] mWeatherCount : 2
E/com.samsung.app( 3982): [MSC]>>> WeatherWidgetProvider.java:1027 [0:0] onReceive Qiryat Yam cityId:213165
E/com.samsung.app( 3982): [MSC]>>> WeatherWidgetProvider.java:1027 [0:0] onReceive Qiryat Bialik cityId:213162
E/com.samsung.app( 3982): [MSC]>>> WeatherWidgetProvider.java:1631 [0:0] @@@@@ mainLayoutId--> :3
E/com.samsung.app( 3982): [MSC]>>> WeatherWidgetProvider.java:1264 [0:0] =========2
D/dalvikvm( 3217): GC_FOR_MALLOC freed 174K, 44% free 4171K/7431K, external 0K/0K, paused 37ms
I/iu.UploadsManager( 3217): NEW; upload media id: 7641; iu: -1
I/iu.UploadsManager( 3217): NEW; add media id: 7641
I/iu.UploadsManager( 3217): NEW; upload media id: 7642; iu: -1
I/iu.UploadsManager( 3217): NEW; add media id: 7642
D/dalvikvm( 3217): GC_FOR_MALLOC freed 195K, 44% free 4169K/7431K, external 0K/0K, paused 34ms
I/iu.UploadsManager( 3217): NEW; upload media id: 7643; iu: -1
I/iu.UploadsManager( 3217): NEW; add media id: 7643
D/dalvikvm( 2806): GC_EXPLICIT freed 560K, 36% free 8614K/13319K, external 1957K/2302K, paused 162ms
I/iu.UploadsManager( 3217): NEW; upload media id: 7644; iu: -1
I/iu.UploadsManager( 3217): NEW; add media id: 7644
D/dalvikvm( 3217): GC_FOR_MALLOC freed 193K, 44% free 4170K/7431K, external 0K/0K, paused 46ms
I/iu.UploadsManager( 3217): NEW; upload media id: 7645; iu: -1
I/iu.UploadsManager( 3217): NEW; add media id: 7645
D/dalvikvm( 2957): GC_EXPLICIT freed 259K, 52% free 2882K/5959K, external 9K/732K, paused 47ms
I/iu.UploadsManager( 3217): NEW; upload media id: 7646; iu: -1
I/iu.UploadsManager( 3217): NEW; add media id: 7646
D/dalvikvm( 3217): GC_FOR_MALLOC freed 190K, 44% free 4170K/7431K, external 0K/0K, paused 66ms
D/PictureFrame( 4015): updateSlideShow Next - appWidgetId 6
D/PictureFrame( 4015): do not update widget, saved file is under 1
I/iu.UploadsManager( 3217): NEW; upload media id: 7647; iu: -1
I/iu.UploadsManager( 3217): NEW; add media id: 7647
I/iu.UploadsManager( 3217): NEW; upload media id: 7648; iu: -1
I/iu.UploadsManager( 3217): NEW; add media id: 7648
D/dalvikvm( 3217): GC_FOR_MALLOC freed 195K, 44% free 4167K/7431K, external 0K/0K, paused 37ms
D/PowerManagerService( 2806): onSensorChanged: light value: 100
I/iu.UploadsManager( 3217): NEW; upload media id: 7649; iu: -1
I/iu.UploadsManager( 3217): NEW; add media id: 7649
D/dalvikvm( 3217): GC_FOR_MALLOC freed 100K, 44% free 4165K/7431K, external 0K/0K, paused 44ms
I/iu.UploadsManager( 3217): NEW; upload media id: 7650; iu: -1
I/iu.UploadsManager( 3217): NEW; add media id: 7650
D/dalvikvm( 3217): GC_FOR_MALLOC freed 108K, 44% free 4165K/7431K, external 0K/0K, paused 47ms
I/iu.UploadsManager( 3217): NEW; upload media id: 7651; iu: -1
I/iu.UploadsManager( 3217): NEW; add media id: 7651
D/dalvikvm( 3217): GC_FOR_MALLOC freed 111K, 44% free 4166K/7431K, external 0K/0K, paused 33ms
I/iu.UploadsManager( 3217): NEW; upload media id: 7652; iu: -1
I/iu.UploadsManager( 3217): NEW; add media id: 7652
D/dalvikvm( 3217): GC_FOR_MALLOC freed 106K, 44% free 4166K/7431K, external 0K/0K, paused 46ms
I/iu.UploadsManager( 3217): NEW; upload media id: 7653; iu: -1
I/iu.UploadsManager( 3217): NEW; add media id: 7653
D/dalvikvm( 3217): GC_FOR_MALLOC freed 108K, 44% free 4167K/7431K, external 0K/0K, paused 36ms
I/iu.UploadsManager( 3217): NEW; upload media id: 7654; iu: -1
I/iu.UploadsManager( 3217): NEW; add media id: 7654
D/dalvikvm( 3217): GC_FOR_MALLOC freed 104K, 44% free 4167K/7431K, external 0K/0K, paused 35ms
I/iu.UploadsManager( 3217): NEW; upload media id: 7655; iu: -1
I/iu.UploadsManager( 3217): NEW; add media id: 7655
D/dalvikvm( 2957): GC_EXPLICIT freed 256K, 52% free 2878K/5959K, external 9K/732K, paused 35ms
D/dalvikvm( 3217): GC_FOR_MALLOC freed 105K, 44% free 4167K/7431K, external 0K/0K, paused 46ms
I/iu.UploadsManager( 3217): NEW; upload media id: 7656; iu: -1
I/iu.UploadsManager( 3217): NEW; add media id: 7656
D/dalvikvm( 3217): GC_FOR_MALLOC freed 109K, 44% free 4163K/7431K, external 0K/0K, paused 34ms
I/iu.UploadsManager( 3217): NEW; upload media id: 7657; iu: -1
I/iu.UploadsManager( 3217): NEW; add media id: 7657
D/dalvikvm( 3333): GC_EXTERNAL_ALLOC freed 96K, 53% free 2700K/5639K, external 582K/595K, paused 48ms
D/dalvikvm( 3909): GC_CONCURRENT freed 386K, 51% free 2959K/6023K, external 0K/0K, paused 3ms+3ms
D/dalvikvm( 3217): GC_FOR_MALLOC freed 101K, 44% free 4163K/7431K, external 0K/0K, paused 45ms
D/PictureFrame( 4015): updateSlideShow Next - appWidgetId 6
D/PictureFrame( 4015): do not update widget, saved file is under 1
I/iu.UploadsManager( 3217): NEW; upload media id: 7658; iu: -1
I/iu.UploadsManager( 3217): NEW; add media id: 7658
D/dalvikvm( 3217): GC_FOR_MALLOC freed 97K, 44% free 4164K/7431K, external 0K/0K, paused 36ms
I/iu.UploadsManager( 3217): NEW; upload media id: 7659; iu: -1
I/iu.UploadsManager( 3217): NEW; add media id: 7659
D/dalvikvm( 3217): GC_FOR_MALLOC freed 99K, 44% free 4164K/7431K, external 0K/0K, paused 37ms
I/iu.UploadsManager( 3217): NEW; upload media id: 7660; iu: -1
I/iu.UploadsManager( 3217): NEW; add media id: 7660
D/dalvikvm( 3217): GC_FOR_MALLOC freed 107K, 44% free 4165K/7431K, external 0K/0K, paused 32ms
I/iu.UploadsManager( 3217): NEW; upload media id: 7661; iu: -1
I/iu.UploadsManager( 3217): NEW; add media id: 7661
D/dalvikvm( 3217): GC_FOR_MALLOC freed 106K, 44% free 4166K/7431K, external 0K/0K, paused 32ms
I/iu.UploadsManager( 3217): NEW; upload media id: 8238; iu: -1
I/iu.UploadsManager( 3217): NEW; add media id: 8238
D/dalvikvm( 3217): GC_FOR_MALLOC freed 112K, 44% free 4166K/7431K, external 0K/0K, paused 48ms
I/iu.UploadsManager( 3217): NEW; upload media id: 8239; iu: -1
I/iu.UploadsManager( 3217): NEW; add media id: 8239
D/dalvikvm( 3217): GC_FOR_MALLOC freed 109K, 44% free 4166K/7431K, external 0K/0K, paused 22ms
I/iu.UploadsManager( 3217): NEW; upload media id: 8240; iu: -1
I/iu.UploadsManager( 3217): NEW; add media id: 8240
D/dalvikvm( 3217): GC_FOR_MALLOC freed 107K, 44% free 4167K/7431K, external 0K/0K, paused 48ms
I/iu.UploadsManager( 3217): NEW; upload media id: 8241; iu: -1
I/iu.UploadsManager( 3217): NEW; add media id: 8241
D/SntpClient( 2806): request time failed: java.net.UnknownHostException: north-america.pool.ntp.org
D/SntpClient( 2806): request time failed: java.net.UnknownHostException: north-america.pool.ntp.org
D/SntpClient( 2806): request time failed: java.net.UnknownHostException: north-america.pool.ntp.org
D/dalvikvm( 2957): GC_EXPLICIT freed 251K, 52% free 2879K/5959K, external 9K/732K, paused 32ms
D/dalvikvm( 3217): GC_FOR_MALLOC freed 114K, 44% free 4166K/7431K, external 0K/0K, paused 36ms
I/iu.UploadsManager( 3217): NEW; upload media id: 8242; iu: -1
I/iu.UploadsManager( 3217): NEW; add media id: 8242
D/dalvikvm( 3217): GC_FOR_MALLOC freed 112K, 44% free 4162K/7431K, external 0K/0K, paused 33ms
I/iu.UploadsManager( 3217): NEW; upload media id: 8243; iu: -1
I/iu.UploadsManager( 3217): NEW; add media id: 8243
D/dalvikvm( 3796): GC_CONCURRENT freed 198K, 46% free 4228K/7751K, external 0K/0K, paused 3ms+5ms
D/dalvikvm( 3217): GC_FOR_MALLOC freed 108K, 44% free 4163K/7431K, external 0K/0K, paused 24ms
D/dalvikvm( 3796): GC_CONCURRENT freed 167K, 42% free 4523K/7751K, external 0K/0K, paused 2ms+2ms
I/iu.UploadsManager( 3217): NEW; upload media id: 8244; iu: -1
I/iu.UploadsManager( 3217): NEW; add media id: 8244
D/dalvikvm( 2806): GC_EXPLICIT freed 573K, 36% free 8598K/13319K, external 2131K/2302K, paused 57ms
D/Finsky  ( 3796): [1] AppStatesReplicator.handleContentSyncResponse: Completed 1 account content syncs with 0 successful.
D/Finsky  ( 3796): [1] 5.onFinished: Installation state replication failed.
D/Finsky  ( 3796): [1] 5.onFinished: Scheduling replication attempt 2.
D/dalvikvm( 3217): GC_FOR_MALLOC freed 116K, 44% free 4163K/7431K, external 0K/0K, paused 16ms
I/iu.UploadsManager( 3217): NEW; upload media id: 8245; iu: -1
I/iu.UploadsManager( 3217): NEW; add media id: 8245
D/dalvikvm( 3217): GC_FOR_MALLOC freed 106K, 44% free 4164K/7431K, external 0K/0K, paused 35ms
I/iu.UploadsManager( 3217): NEW; upload media id: 8246; iu: -1
I/iu.UploadsManager( 3217): NEW; add media id: 8246
D/dalvikvm( 3217): GC_FOR_MALLOC freed 107K, 44% free 4165K/7431K, external 0K/0K, paused 46ms
I/iu.UploadsManager( 3217): NEW; upload media id: 8247; iu: -1
I/iu.UploadsManager( 3217): NEW; add media id: 8247
E/com.samsung.app( 3982): [MSC]>>> WeatherWidgetProvider.java:1523 [0:0] Handler:{ what=101 when=-9ms }
E/com.samsung.app( 3982): [MSC]>>> WeatherWidgetProvider.java:1535 [0:0] HANDLER_EVENT_WEATHER_SCROLL : 1
E/com.samsung.app( 3982): [MSC]>>> WidgetIdManager.java:39 [0:0] AccuWeatherClockWidgetID_Length
E/com.samsung.app( 3982): [MSC]>>> WidgetIdManager.java:40 [0:0] getPrefIDs() : length = 1
E/com.samsung.app( 3982): [MSC]>>> WidgetIdManager.java:46 [0:0] getPrefIDs() : Ids1 = 2
E/com.samsung.app( 3982): [MSC]>>> WeatherWidgetProvider.java:1005 [0:0] setWeaterData 2 2130903087 true
E/com.samsung.app( 3982): [MSC]>>> WeatherWidgetProvider.java:1013 [0:0] setWeatherData dbhelper!=null
E/com.samsung.app( 3982): [MSC]>>> WeatherWidgetProvider.java:1015 [0:0] mWeatherCount : 2
E/com.samsung.app( 3982): [MSC]>>> WeatherWidgetProvider.java:1027 [0:0] onReceive Qiryat Yam cityId:213165
E/com.samsung.app( 3982): [MSC]>>> WeatherWidgetProvider.java:1027 [0:0] onReceive Qiryat Bialik cityId:213162
E/com.samsung.app( 3982): [MSC]>>> WeatherWidgetProvider.java:1631 [0:0] @@@@@ mainLayoutId--> :3
D/dalvikvm( 3217): GC_FOR_MALLOC freed 109K, 44% free 4165K/7431K, external 0K/0K, paused 35ms
D/PictureFrame( 4015): updateSlideShow Next - appWidgetId 6
D/PictureFrame( 4015): do not update widget, saved file is under 1
E/com.samsung.app( 3982): [MSC]>>> WeatherWidgetProvider.java:1264 [0:0] =========2
I/iu.UploadsManager( 3217): NEW; upload media id: 8248; iu: -1
I/iu.UploadsManager( 3217): NEW; add media id: 8248
D/dalvikvm( 3217): GC_FOR_MALLOC freed 109K, 44% free 4166K/7431K, external 0K/0K, paused 34ms
I/iu.UploadsManager( 3217): NEW; upload media id: 8249; iu: -1
I/iu.UploadsManager( 3217): NEW; add media id: 8249
D/dalvikvm( 3217): GC_FOR_MALLOC freed 109K, 44% free 4167K/7431K, external 0K/0K, paused 46ms
I/iu.UploadsManager( 3217): NEW; upload media id: 8250; iu: -1
I/iu.UploadsManager( 3217): NEW; add media id: 8250
D/dalvikvm( 3217): GC_FOR_MALLOC freed 114K, 44% free 4167K/7431K, external 0K/0K, paused 32ms
I/iu.UploadsManager( 3217): NEW; upload media id: 8251; iu: -1
I/iu.UploadsManager( 3217): NEW; add media id: 8251
D/dalvikvm( 2957): GC_EXPLICIT freed 250K, 52% free 2880K/5959K, external 9K/732K, paused 46ms
D/dalvikvm( 3217): GC_FOR_MALLOC freed 112K, 44% free 4166K/7431K, external 0K/0K, paused 46ms
I/iu.UploadsManager( 3217): NEW; upload media id: 8252; iu: -1
I/iu.UploadsManager( 3217): NEW; add media id: 8252
D/dalvikvm( 3217): GC_FOR_MALLOC freed 115K, 44% free 4162K/7431K, external 0K/0K, paused 75ms
I/iu.UploadsManager( 3217): NEW; upload media id: 8253; iu: -1
I/iu.UploadsManager( 3217): NEW; add media id: 8253
D/dalvikvm( 3217): GC_FOR_MALLOC freed 107K, 44% free 4163K/7431K, external 0K/0K, paused 33ms
I/iu.UploadsManager( 3217): NEW; upload media id: 8254; iu: -1
I/iu.UploadsManager( 3217): NEW; add media id: 8254
D/dalvikvm( 3217): GC_FOR_MALLOC freed 112K, 44% free 4163K/7431K, external 0K/0K, paused 36ms
I/iu.UploadsManager( 3217): NEW; upload media id: 9404; iu: -1
I/iu.UploadsManager( 3217): NEW; add media id: 9404
D/dalvikvm( 3217): GC_FOR_MALLOC freed 121K, 44% free 4168K/7431K, external 0K/0K, paused 47ms
I/iu.UploadsManager( 3217): NEW; upload media id: 11058; iu: -1
I/iu.UploadsManager( 3217): NEW; add media id: 11058
D/dalvikvm( 3217): GC_FOR_MALLOC freed 111K, 44% free 4166K/7431K, external 0K/0K, paused 36ms
I/iu.UploadsManager( 3217): NEW; upload media id: 11059; iu: -1
I/iu.UploadsManager( 3217): NEW; add media id: 11059
D/dalvikvm( 3217): GC_FOR_MALLOC freed 104K, 44% free 4166K/7431K, external 0K/0K, paused 33ms
I/iu.UploadsManager( 3217): NEW; upload media id: 11060; iu: -1
I/iu.UploadsManager( 3217): NEW; add media id: 11060
D/dalvikvm( 2957): GC_EXPLICIT freed 263K, 52% free 2881K/5959K, external 9K/732K, paused 56ms
D/PictureFrame( 4015): updateSlideShow Next - appWidgetId 6
D/PictureFrame( 4015): do not update widget, saved file is under 1
I/iu.UploadsManager( 3217): NEW; upload media id: 12562; iu: -1
I/iu.UploadsManager( 3217): NEW; add media id: 12562
I/iu.UploadsManager( 3217): NEW; upload media id: 12563; iu: -1
I/iu.UploadsManager( 3217): NEW; add media id: 12563
I/StatusBarManagerService( 2806): UPDATE-PowerTutor , 0x7f020003
I/iu.UploadsManager( 3217): NEW; upload media id: 13063; iu: -1
I/iu.UploadsManager( 3217): NEW; add media id: 13063
I/iu.UploadsManager( 3217): NEW; upload media id: 13064; iu: -1
I/iu.UploadsManager( 3217): NEW; add media id: 13064
D/dalvikvm( 3217): GC_CONCURRENT freed 448K, 44% free 4165K/7431K, external 0K/0K, paused 4ms+6ms
I/iu.UploadsManager( 3217): NEW; upload media id: 13065; iu: -1
I/iu.UploadsManager( 3217): NEW; add media id: 13065
I/iu.UploadsManager( 3217): NEW; upload media id: 13066; iu: -1
I/iu.UploadsManager( 3217): NEW; add media id: 13066
D/dalvikvm( 2806): GC_EXPLICIT freed 446K, 36% free 8594K/13319K, external 2054K/2302K, paused 121ms
I/iu.UploadsManager( 3217): NEW; upload media id: 13067; iu: -1
I/iu.UploadsManager( 3217): NEW; add media id: 13067
D/dalvikvm( 3217): GC_FOR_MALLOC freed 288K, 44% free 4173K/7431K, external 0K/0K, paused 38ms
I/iu.UploadsManager( 3217): NEW; upload media id: 13068; iu: -1
I/iu.UploadsManager( 3217): NEW; add media id: 13068
I/iu.UploadsManager( 3217): NEW; upload media id: 13069; iu: -1
I/iu.UploadsManager( 3217): NEW; add media id: 13069
D/dalvikvm( 3909): GC_CONCURRENT freed 454K, 52% free 2964K/6087K, external 0K/0K, paused 4ms+3ms
D/dalvikvm( 2957): GC_EXPLICIT freed 238K, 52% free 2895K/5959K, external 9K/732K, paused 36ms
D/dalvikvm( 3217): GC_FOR_MALLOC freed 184K, 44% free 4169K/7431K, external 0K/0K, paused 36ms
I/iu.UploadsManager( 3217): NEW; upload media id: 13070; iu: -1
I/iu.UploadsManager( 3217): NEW; add media id: 13070
D/PictureFrame( 4015): updateSlideShow Next - appWidgetId 6
D/PictureFrame( 4015): do not update widget, saved file is under 1
E/com.samsung.app( 3982): [MSC]>>> WeatherWidgetProvider.java:1523 [0:0] Handler:{ what=101 when=-7ms }
E/com.samsung.app( 3982): [MSC]>>> WeatherWidgetProvider.java:1535 [0:0] HANDLER_EVENT_WEATHER_SCROLL : 0
E/com.samsung.app( 3982): [MSC]>>> WidgetIdManager.java:39 [0:0] AccuWeatherClockWidgetID_Length
E/com.samsung.app( 3982): [MSC]>>> WidgetIdManager.java:40 [0:0] getPrefIDs() : length = 1
E/com.samsung.app( 3982): [MSC]>>> WidgetIdManager.java:46 [0:0] getPrefIDs() : Ids1 = 2
E/com.samsung.app( 3982): [MSC]>>> WeatherWidgetProvider.java:1005 [0:0] setWeaterData 2 2130903087 true
E/com.samsung.app( 3982): [MSC]>>> WeatherWidgetProvider.java:1013 [0:0] setWeatherData dbhelper!=null
E/com.samsung.app( 3982): [MSC]>>> WeatherWidgetProvider.java:1015 [0:0] mWeatherCount : 2
E/com.samsung.app( 3982): [MSC]>>> WeatherWidgetProvider.java:1027 [0:0] onReceive Qiryat Yam cityId:213165
E/com.samsung.app( 3982): [MSC]>>> WeatherWidgetProvider.java:1027 [0:0] onReceive Qiryat Bialik cityId:213162
E/com.samsung.app( 3982): [MSC]>>> WeatherWidgetProvider.java:1631 [0:0] @@@@@ mainLayoutId--> :3
D/dalvikvm( 2957): GC_EXPLICIT freed 294K, 52% free 2900K/5959K, external 9K/732K, paused 40ms
E/com.samsung.app( 3982): [MSC]>>> WeatherWidgetProvider.java:1264 [0:0] =========2
D/dalvikvm( 2994): GC_EXTERNAL_ALLOC freed 1069K, 50% free 4622K/9223K, external 13363K/13441K, paused 44ms
D/dalvikvm( 3217): GC_EXPLICIT freed 350K, 44% free 4173K/7431K, external 0K/0K, paused 64ms
I/InputReader( 2806): dispatchTouch::touch event's action is 0
I/InputDispatcher( 2806): Delivering touch to current input target: action: 0, channel '40aaed30 com.sec.android.app.twlauncher/com.sec.android.app.twlauncher.Launcher (server)'
I/InputDispatcher( 2806): Delivering touch to current input target: action: 0, channel '40ad0c30 com.android.internal.service.wallpaper.ImageWallpaper (server)'
E/lights  ( 2806): write_int: path /sys/devices/virtual/misc/melfas_touchkey/brightness, value 1
I/PowerManagerService( 2806): Ulight 3->7|0
D/PowerManagerService( 2806): setLightBrightness : mButtonLight : 255
I/InputReader( 2806): dispatchTouch::touch event's action is 1
I/InputDispatcher( 2806): Delivering touch to current input target: action: 1, channel '40aaed30 com.sec.android.app.twlauncher/com.sec.android.app.twlauncher.Launcher (server)'
I/InputDispatcher( 2806): Delivering touch to current input target: action: 1, channel '40ad0c30 com.android.internal.service.wallpaper.ImageWallpaper (server)'
D/PictureFrame( 4015): updateSlideShow Next - appWidgetId 6
D/PictureFrame( 4015): do not update widget, saved file is under 1
D/dalvikvm( 2957): GC_EXPLICIT freed 203K, 50% free 2984K/5959K, external 9K/732K, paused 26ms
D/dalvikvm( 2806): GC_EXPLICIT freed 419K, 36% free 8591K/13319K, external 2037K/2302K, paused 143ms
E/lights  ( 2806): write_int: path /sys/devices/virtual/misc/melfas_touchkey/brightness, value 2
W/PowerManagerService( 2806): Timer 0x7->0x3|0x0
I/PowerManagerService( 2806): Ulight 7->3|0
D/PowerManagerService( 2806): setLightBrightness : mButtonLight : 0
D/dalvikvm( 3217): GC_EXPLICIT freed 304K, 44% free 4175K/7431K, external 0K/0K, paused 53ms
I/InputReader( 2806): dispatchTouch::touch event's action is 0
I/InputDispatcher( 2806): Delivering touch to current input target: action: 0, channel '40aaed30 com.sec.android.app.twlauncher/com.sec.android.app.twlauncher.Launcher (server)'
I/InputDispatcher( 2806): Delivering touch to current input target: action: 0, channel '40ad0c30 com.android.internal.service.wallpaper.ImageWallpaper (server)'
E/lights  ( 2806): write_int: path /sys/devices/virtual/misc/melfas_touchkey/brightness, value 1
I/PowerManagerService( 2806): Ulight 3->7|0
D/PowerManagerService( 2806): setLightBrightness : mButtonLight : 255
I/InputReader( 2806): dispatchTouch::touch event's action is 1
I/InputDispatcher( 2806): Delivering touch to current input target: action: 1, channel '40aaed30 com.sec.android.app.twlauncher/com.sec.android.app.twlauncher.Launcher (server)'
I/InputDispatcher( 2806): Delivering touch to current input target: action: 1, channel '40ad0c30 com.android.internal.service.wallpaper.ImageWallpaper (server)'
E/power   ( 2806): acquire_dvfs_lock entry g_error=0 
I/power   ( 2806): acquire_dvfs_lock level=0 
I/power   ( 2806): acquire_dvfs_lock level=0, duration=1000, val=1000 
D/PowerManagerService( 2806): acquireDVFSlock : level : 0,    timeMS : 1000
D/dalvikvm( 2957): GC_EXPLICIT freed 320K, 51% free 2965K/5959K, external 9K/732K, paused 31ms
D/AppMenu ( 2994): freeResources 10
D/PictureFrame( 4015): updateSlideShow Next - appWidgetId 6
D/PictureFrame( 4015): do not update widget, saved file is under 1
E/lights  ( 2806): write_int: path /sys/devices/virtual/misc/melfas_touchkey/brightness, value 2
W/PowerManagerService( 2806): Timer 0x7->0x3|0x0
I/PowerManagerService( 2806): Ulight 7->3|0
D/PowerManagerService( 2806): setLightBrightness : mButtonLight : 0
I/InputReader( 2806): dispatchTouch::touch event's action is 0
I/InputDispatcher( 2806): Delivering touch to current input target: action: 0, channel '40aaed30 com.sec.android.app.twlauncher/com.sec.android.app.twlauncher.Launcher (server)'
I/InputDispatcher( 2806): Delivering touch to current input target: action: 0, channel '40ad0c30 com.android.internal.service.wallpaper.ImageWallpaper (server)'
E/lights  ( 2806): write_int: path /sys/devices/virtual/misc/melfas_touchkey/brightness, value 1
I/PowerManagerService( 2806): Ulight 3->7|0
D/PowerManagerService( 2806): setLightBrightness : mButtonLight : 255
I/InputReader( 2806): dispatchTouch::touch event's action is 1
I/InputDispatcher( 2806): Delivering touch to current input target: action: 1, channel '40aaed30 com.sec.android.app.twlauncher/com.sec.android.app.twlauncher.Launcher (server)'
I/InputDispatcher( 2806): Delivering touch to current input target: action: 1, channel '40ad0c30 com.android.internal.service.wallpaper.ImageWallpaper (server)'
E/power   ( 2806): acquire_dvfs_lock entry g_error=0 
I/power   ( 2806): acquire_dvfs_lock level=0 
I/power   ( 2806): acquire_dvfs_lock level=0, duration=1000, val=1000 
D/PowerManagerService( 2806): acquireDVFSlock : level : 0,    timeMS : 1000
D/AppMenu ( 2994): freeResources 9
D/dalvikvm( 3217): GC_EXPLICIT freed 306K, 44% free 4175K/7431K, external 0K/0K, paused 79ms
D/dalvikvm( 2957): GC_EXPLICIT freed 323K, 51% free 2930K/5959K, external 9K/732K, paused 23ms
I/InputReader( 2806): dispatchTouch::touch event's action is 0
I/InputDispatcher( 2806): Delivering touch to current input target: action: 0, channel '40aaed30 com.sec.android.app.twlauncher/com.sec.android.app.twlauncher.Launcher (server)'
I/InputDispatcher( 2806): Delivering touch to current input target: action: 0, channel '40ad0c30 com.android.internal.service.wallpaper.ImageWallpaper (server)'
I/InputReader( 2806): dispatchTouch::touch event's action is 1
I/InputDispatcher( 2806): Delivering touch to current input target: action: 1, channel '40aaed30 com.sec.android.app.twlauncher/com.sec.android.app.twlauncher.Launcher (server)'
I/InputDispatcher( 2806): Delivering touch to current input target: action: 1, channel '40ad0c30 com.android.internal.service.wallpaper.ImageWallpaper (server)'
E/power   ( 2806): acquire_dvfs_lock entry g_error=0 
I/power   ( 2806): acquire_dvfs_lock level=0 
I/power   ( 2806): acquire_dvfs_lock level=0, duration=1000, val=1000 
D/PowerManagerService( 2806): acquireDVFSlock : level : 0,    timeMS : 1000
D/AppMenu ( 2994): freeResources 8
D/dalvikvm( 2994): GC_EXTERNAL_ALLOC freed 677K, 51% free 4530K/9223K, external 13639K/13647K, paused 33ms
E/BatteryService( 2806): TMU status = 0
D/BatteryService( 2806): update start
D/BatteryService( 2806): updateBattery level:3 scale:100 status:2 health:2 present:true voltage: 3862 temperature: 250 technology: Li-ion AC powered:false USB powered:true icon:17302229
I/StatusBarPolicy( 2926): BAT. S:2 H:2
D/dalvikvm( 3909): GC_CONCURRENT freed 463K, 52% free 2952K/6087K, external 0K/0K, paused 3ms+4ms
D/dalvikvm( 2806): GC_EXPLICIT freed 419K, 36% free 8591K/13319K, external 2026K/2302K, paused 137ms
E/lights  ( 2806): write_int: path /sys/devices/virtual/misc/melfas_touchkey/brightness, value 2
W/PowerManagerService( 2806): Timer 0x7->0x3|0x0
I/PowerManagerService( 2806): Ulight 7->3|0
D/PowerManagerService( 2806): setLightBrightness : mButtonLight : 0
D/dalvikvm( 3796): GC_CONCURRENT freed 959K, 47% free 4199K/7815K, external 0K/0K, paused 3ms+4ms
D/dalvikvm( 3796): GC_CONCURRENT freed 59K, 42% free 4585K/7815K, external 0K/0K, paused 4ms+4ms
D/dalvikvm( 3333): GC_EXTERNAL_ALLOC freed 88K, 53% free 2700K/5639K, external 590K/601K, paused 16ms
D/Finsky  ( 3796): [1] AppStatesReplicator.handleContentSyncResponse: Completed 1 account content syncs with 0 successful.
D/Finsky  ( 3796): [1] 5.onFinished: Installation state replication failed.
D/Finsky  ( 3796): [1] 5.onFinished: Scheduling replication attempt 3.
I/StatusBarManagerService( 2806): UPDATE-PowerTutor , 0x7f020003
D/dalvikvm( 2957): GC_EXPLICIT freed 320K, 52% free 2897K/5959K, external 9K/732K, paused 41ms
E/com.samsung.app( 3982): [MSC]>>> WeatherWidgetProvider.java:1523 [0:0] Handler:{ what=101 when=-10ms }
E/com.samsung.app( 3982): [MSC]>>> WeatherWidgetProvider.java:1535 [0:0] HANDLER_EVENT_WEATHER_SCROLL : 1
E/com.samsung.app( 3982): [MSC]>>> WidgetIdManager.java:39 [0:0] AccuWeatherClockWidgetID_Length
E/com.samsung.app( 3982): [MSC]>>> WidgetIdManager.java:40 [0:0] getPrefIDs() : length = 1
E/com.samsung.app( 3982): [MSC]>>> WidgetIdManager.java:46 [0:0] getPrefIDs() : Ids1 = 2
E/com.samsung.app( 3982): [MSC]>>> WeatherWidgetProvider.java:1005 [0:0] setWeaterData 2 2130903087 true
E/com.samsung.app( 3982): [MSC]>>> WeatherWidgetProvider.java:1013 [0:0] setWeatherData dbhelper!=null
E/com.samsung.app( 3982): [MSC]>>> WeatherWidgetProvider.java:1015 [0:0] mWeatherCount : 2
E/com.samsung.app( 3982): [MSC]>>> WeatherWidgetProvider.java:1027 [0:0] onReceive Qiryat Yam cityId:213165
E/com.samsung.app( 3982): [MSC]>>> WeatherWidgetProvider.java:1027 [0:0] onReceive Qiryat Bialik cityId:213162
E/com.samsung.app( 3982): [MSC]>>> WeatherWidgetProvider.java:1631 [0:0] @@@@@ mainLayoutId--> :3
D/dalvikvm( 3982): GC_CONCURRENT freed 473K, 54% free 2758K/5895K, external 0K/0K, paused 2ms+5ms
E/com.samsung.app( 3982): [MSC]>>> WeatherWidgetProvider.java:1264 [0:0] =========2
D/dalvikvm( 3217): GC_EXPLICIT freed 306K, 44% free 4177K/7431K, external 0K/0K, paused 57ms
D/PictureFrame( 4015): updateSlideShow Next - appWidgetId 6
D/PictureFrame( 4015): do not update widget, saved file is under 1
D/PowerManagerService( 2806): onSensorChanged: light value: 100
D/dalvikvm( 2957): GC_EXPLICIT freed 197K, 50% free 3000K/5959K, external 9K/732K, paused 47ms
V/WifiMonitor( 2806): Event [ SCAN-RESULTS ]
I/wpa_supplicant( 2929): CTRL-EVENT-NO-CONNECTION
V/WifiMonitor( 2806): Event [CTRL-EVENT-NO-CONNECTION]
I/wpa_supplicant( 2929): SCAN_RESULTS : [13] 
I/NetworkStatusReceiver( 4073): action: android.net.wifi.SHOW_AP_LIST_DIALOG
E/WifiManager( 4073): showApDialog
I/wpa_supplicant( 2929): SCAN_RESULTS : [13] 
I/WifiService( 2806): isShowingAccessPointListDialog():false
I/WifiService( 2806): setShowAccessPointListDialog():false
I/wpa_supplicant( 2929): SCAN_RESULTS : [13] 
D/dalvikvm( 3217): GC_EXPLICIT freed 310K, 44% free 4173K/7431K, external 0K/0K, paused 58ms
I/DBG_WSS_DM( 3404): [wssTelephonyData.java Line:153] getInstance PHONE_TYPE_GSM
I/DBG_WSS_DM( 3404): [wssdmTask.java Line:183] smlTaskHandler SMLMSG_DM_SYNCML_INIT
I/DBG_WSS_DM( 3404): [DMService.java Line:1418] ProtoIsWIFIConnected WiFi DisConnected
I/DBG_WSS_DM( 3404): [wssdminitadapter.java Line:44] smlNetAdpGetNetStatus Network Status is DATA DISCONNECTED!
I/DBG_WSS_DM( 3404): [wssdmTask.java Line:186] smlTaskHandler  Network Status is not ready. DM Not Initialized
D/dalvikvm( 3404): GC_CONCURRENT freed 236K, 52% free 2731K/5639K, external 0K/0K, paused 2ms+2ms
D/PictureFrame( 4015): updateSlideShow Next - appWidgetId 6
D/PictureFrame( 4015): do not update widget, saved file is under 1
D/dalvikvm( 2957): GC_EXPLICIT freed 317K, 51% free 2971K/5959K, external 9K/732K, paused 39ms
D/dalvikvm( 2806): GC_EXPLICIT freed 547K, 36% free 8606K/13319K, external 1957K/2302K, paused 100ms
D/PowerManagerService( 2806): onSensorChanged: light value: 100
I/iu.UploadsManager( 3217): NEW; upload media id: 14655; iu: -1
I/iu.UploadsManager( 3217): NEW; add media id: 14655
D/dalvikvm( 3217): GC_FOR_MALLOC freed 356K, 44% free 4190K/7431K, external 0K/0K, paused 68ms
I/iu.UploadsManager( 3217): NEW; upload media id: 14656; iu: -1
I/iu.UploadsManager( 3217): NEW; add media id: 14656
I/iu.UploadsManager( 3217): NEW; upload media id: 14657; iu: -1
I/iu.UploadsManager( 3217): NEW; add media id: 14657
I/iu.UploadsManager( 3217): NEW; upload media id: 15157; iu: -1
I/iu.UploadsManager( 3217): NEW; add media id: 15157
D/dalvikvm( 3217): GC_FOR_MALLOC freed 328K, 45% free 4172K/7495K, external 0K/0K, paused 38ms
I/iu.UploadsManager( 3217): NEW; upload media id: 15158; iu: -1
I/iu.UploadsManager( 3217): NEW; add media id: 15158
D/dalvikvm( 3909): GC_CONCURRENT freed 375K, 52% free 2975K/6087K, external 0K/0K, paused 3ms+3ms
D/dalvikvm( 2957): GC_EXPLICIT freed 306K, 51% free 2941K/5959K, external 9K/732K, paused 48ms
D/PictureFrame( 4015): updateSlideShow Next - appWidgetId 6
D/PictureFrame( 4015): do not update widget, saved file is under 1
I/StatusBarPolicy( 2926): onDataActivity-D:0
I/TelephonyRegistry( 2806): notifyDataConnection: state=0 activeState=0 isDataConnectivityPossible=false reason=gprsDetached apn=null interfaceName=null networkType=3
I/StatusBarPolicy( 2926): onDataConnectionStateChanged-S:0 T:3
I/StatusBarPolicy( 2926): updateDataNetType-T:3
I/StatusBarPolicy( 2926): onDataActivity-D:0
I/TelephonyRegistry( 2806): notifyDataConnection: state=0 activeState=0 isDataConnectivityPossible=false reason=gprsDetached apn=null interfaceName=null networkType=3
I/StatusBarPolicy( 2926): onDataConnectionStateChanged-S:0 T:3
I/StatusBarPolicy( 2926): updateDataNetType-T:3
I/TelephonyRegistry( 2806): notifyDataConnection: state=0 activeState=0 isDataConnectivityPossible=false reason=gprsDetached apn=null interfaceName=null networkType=3
I/StatusBarPolicy( 2926): onDataActivity-D:0
I/StatusBarPolicy( 2926): onDataConnectionStateChanged-S:0 T:3
I/StatusBarPolicy( 2926): updateDataNetType-T:3
I/StatusBarPolicy( 2926): onDataActivity-D:0
D/dalvikvm( 2957): GC_EXPLICIT freed 327K, 52% free 2901K/5959K, external 9K/732K, paused 39ms
E/com.samsung.app( 3982): [MSC]>>> WeatherWidgetProvider.java:1523 [0:0] Handler:{ what=101 when=-4ms }
E/com.samsung.app( 3982): [MSC]>>> WeatherWidgetProvider.java:1535 [0:0] HANDLER_EVENT_WEATHER_SCROLL : 0
E/com.samsung.app( 3982): [MSC]>>> WidgetIdManager.java:39 [0:0] AccuWeatherClockWidgetID_Length
E/com.samsung.app( 3982): [MSC]>>> WidgetIdManager.java:40 [0:0] getPrefIDs() : length = 1
E/com.samsung.app( 3982): [MSC]>>> WidgetIdManager.java:46 [0:0] getPrefIDs() : Ids1 = 2
E/com.samsung.app( 3982): [MSC]>>> WeatherWidgetProvider.java:1005 [0:0] setWeaterData 2 2130903087 true
E/com.samsung.app( 3982): [MSC]>>> WeatherWidgetProvider.java:1013 [0:0] setWeatherData dbhelper!=null
E/com.samsung.app( 3982): [MSC]>>> WeatherWidgetProvider.java:1015 [0:0] mWeatherCount : 2
E/com.samsung.app( 3982): [MSC]>>> WeatherWidgetProvider.java:1027 [0:0] onReceive Qiryat Yam cityId:213165
E/com.samsung.app( 3982): [MSC]>>> WeatherWidgetProvider.java:1027 [0:0] onReceive Qiryat Bialik cityId:213162
E/com.samsung.app( 3982): [MSC]>>> WeatherWidgetProvider.java:1631 [0:0] @@@@@ mainLayoutId--> :3
E/com.samsung.app( 3982): [MSC]>>> WeatherWidgetProvider.java:1264 [0:0] =========2
D/dalvikvm( 3217): GC_EXPLICIT freed 351K, 45% free 4179K/7495K, external 0K/0K, paused 60ms
D/dalvikvm( 2806): GC_EXPLICIT freed 423K, 36% free 8586K/13319K, external 2049K/2302K, paused 113ms
D/PictureFrame( 4015): updateSlideShow Next - appWidgetId 6
D/PictureFrame( 4015): do not update widget, saved file is under 1
D/dalvikvm( 2957): GC_EXPLICIT freed 194K, 50% free 3007K/5959K, external 9K/732K, paused 40ms
D/dalvikvm( 3217): GC_EXPLICIT freed 325K, 45% free 4174K/7495K, external 0K/0K, paused 69ms
I/StatusBarManagerService( 2806): UPDATE-PowerTutor , 0x7f020003
D/dalvikvm( 2957): GC_EXPLICIT freed 320K, 50% free 2980K/5959K, external 9K/732K, paused 84ms
D/PictureFrame( 4015): updateSlideShow Next - appWidgetId 6
D/PictureFrame( 4015): do not update widget, saved file is under 1
D/dalvikvm( 3217): GC_EXPLICIT freed 313K, 45% free 4175K/7495K, external 0K/0K, paused 59ms
D/dalvikvm( 2806): GC_EXPLICIT freed 480K, 36% free 8589K/13319K, external 2054K/2302K, paused 121ms
D/dalvikvm( 3909): GC_CONCURRENT freed 445K, 52% free 2982K/6087K, external 0K/0K, paused 3ms+3ms
D/dalvikvm( 2957): GC_EXPLICIT freed 326K, 51% free 2954K/5959K, external 9K/732K, paused 33ms
D/dalvikvm( 3796): GC_CONCURRENT freed 1131K, 48% free 4137K/7943K, external 0K/0K, paused 3ms+5ms
D/dalvikvm( 3796): GC_CONCURRENT freed 39K, 43% free 4598K/7943K, external 0K/0K, paused 2ms+3ms
D/Finsky  ( 3796): [1] AppStatesReplicator.handleContentSyncResponse: Completed 1 account content syncs with 0 successful.
D/Finsky  ( 3796): [1] 5.onFinished: Installation state replication failed.
D/Finsky  ( 3796): [1] 5.onFinished: Scheduling replication attempt 4.
E/com.samsung.app( 3982): [MSC]>>> WeatherWidgetProvider.java:1523 [0:0] Handler:{ what=101 when=-19ms }
D/dalvikvm( 3333): GC_EXTERNAL_ALLOC freed 78K, 53% free 2700K/5639K, external 521K/594K, paused 96ms
E/com.samsung.app( 3982): [MSC]>>> WeatherWidgetProvider.java:1535 [0:0] HANDLER_EVENT_WEATHER_SCROLL : 1
E/com.samsung.app( 3982): [MSC]>>> WidgetIdManager.java:39 [0:0] AccuWeatherClockWidgetID_Length
E/com.samsung.app( 3982): [MSC]>>> WidgetIdManager.java:40 [0:0] getPrefIDs() : length = 1
E/com.samsung.app( 3982): [MSC]>>> WidgetIdManager.java:46 [0:0] getPrefIDs() : Ids1 = 2
E/com.samsung.app( 3982): [MSC]>>> WeatherWidgetProvider.java:1005 [0:0] setWeaterData 2 2130903087 true
E/com.samsung.app( 3982): [MSC]>>> WeatherWidgetProvider.java:1013 [0:0] setWeatherData dbhelper!=null
E/com.samsung.app( 3982): [MSC]>>> WeatherWidgetProvider.java:1015 [0:0] mWeatherCount : 2
E/com.samsung.app( 3982): [MSC]>>> WeatherWidgetProvider.java:1027 [0:0] onReceive Qiryat Yam cityId:213165
E/com.samsung.app( 3982): [MSC]>>> WeatherWidgetProvider.java:1027 [0:0] onReceive Qiryat Bialik cityId:213162
E/com.samsung.app( 3982): [MSC]>>> WeatherWidgetProvider.java:1631 [0:0] @@@@@ mainLayoutId--> :3
E/com.samsung.app( 3982): [MSC]>>> WeatherWidgetProvider.java:1264 [0:0] =========2
D/dalvikvm( 3217): GC_EXPLICIT freed 320K, 45% free 4176K/7495K, external 0K/0K, paused 66ms
D/PictureFrame( 4015): updateSlideShow Next - appWidgetId 6
D/PictureFrame( 4015): do not update widget, saved file is under 1
D/dalvikvm( 2957): GC_EXPLICIT freed 325K, 51% free 2930K/5959K, external 9K/732K, paused 26ms
D/dalvikvm( 2957): GC_EXPLICIT freed 323K, 52% free 2895K/5959K, external 9K/732K, paused 30ms
D/dalvikvm( 3217): GC_EXPLICIT freed 305K, 45% free 4176K/7495K, external 0K/0K, paused 45ms
D/dalvikvm( 2806): GC_EXPLICIT freed 511K, 36% free 8592K/13319K, external 2026K/2302K, paused 97ms
D/PictureFrame( 4015): updateSlideShow Next - appWidgetId 6
D/PictureFrame( 4015): do not update widget, saved file is under 1
D/dalvikvm( 2957): GC_EXPLICIT freed 185K, 50% free 2997K/5959K, external 9K/732K, paused 69ms
I/iu.UploadsManager( 3217): NEW; upload media id: 15825; iu: -1
I/iu.UploadsManager( 3217): NEW; add media id: 15825
I/iu.UploadsManager( 3217): NEW; upload media id: 15826; iu: -1
I/iu.UploadsManager( 3217): NEW; add media id: 15826
D/dalvikvm( 3217): GC_CONCURRENT freed 456K, 44% free 4233K/7495K, external 0K/0K, paused 4ms+5ms
I/iu.UploadsManager( 3217): NEW; upload media id: 15827; iu: -1
I/iu.UploadsManager( 3217): NEW; add media id: 15827
I/iu.UploadsManager( 3217): NEW; upload media id: 15828; iu: -1
I/iu.UploadsManager( 3217): NEW; add media id: 15828
D/dalvikvm( 3217): GC_FOR_MALLOC freed 219K, 45% free 4167K/7495K, external 0K/0K, paused 37ms
I/iu.UploadsManager( 3217): NEW; upload media id: 15829; iu: -1
I/iu.UploadsManager( 3217): NEW; add media id: 15829
D/PictureFrame( 4015): updateSlideShow Next - appWidgetId 6
D/PictureFrame( 4015): do not update widget, saved file is under 1
D/dalvikvm( 2957): GC_EXPLICIT freed 309K, 51% free 2963K/5959K, external 9K/732K, paused 71ms
I/StatusBarManagerService( 2806): UPDATE-PowerTutor , 0x7f020003
