I/InputDispatcher( 2806): Delivering key to current input target: action: 0, channel '40bdd808 com.lenovo.easy.connect/com.lenovo.easy.connect.Splash (server)'
I/PowerManagerService( 2806): Ulight 3->7|0
D/PowerManagerService( 2806): setLightBrightness : mButtonLight : 255
W/KeyCharacterMap( 5053): No keyboard for id 0
W/KeyCharacterMap( 5053): Using default keymap: /system/usr/keychars/qwerty.kcm.bin
D/InputReader( 2806): Input event: value=0
I/InputDispatcher( 2806): Delivering key to current input target: action: 1, channel '40bdd808 com.lenovo.easy.connect/com.lenovo.easy.connect.Splash (server)'
I/OrientationDebug( 2806): [pwm] in updateOrientationListenerLp()
V/OrientationDebug( 2806): in updateOrientationListenerLp(), Screen status=true, current orientation=-1, SensorEnabled=true
I/OrientationDebug( 2806): [pwm] needSensorRunningLp(), return true #4
V/SDL     ( 5030): onResume()
V/SDL     ( 5030): surfaceCreated()
V/SDL     ( 5030): surfaceChanged()
V/SDL     ( 5030): pixel format RGB_565
V/SDL     ( 5030): Window size: 480x800
V/SDL     ( 5030): onWindowFocusChanged(): true
V/SDL     ( 5030): nativeResume()
E/SensorManager( 5030): registerListener :: handle = 0  name= K3DH Acceleration Sensor delay= 20000 Listener= org.libsdl.app.SDLSurface@40523bd0
E/SensorManager( 5030): reg :: handle = 0
D/CLIPBOARD( 5053): Hide Clipboard dialog at Starting input: finished by someone else... !
W/InputManagerService( 2806): Window already focused, ignoring focus gain of: com.android.internal.view.IInputMethodClient$Stub$Proxy@40aa3b40
I/dna     ( 5030):   thread:1  2 
I/dna     ( 5030): 
I/dna     ( 5030):   thread:1  3 
I/dna     ( 5030): 
I/ActivityManager( 2806): Starting: Intent { act=com.lenovo.easy.connect.startwifivapact cmp=com.lenovo.easy.connect/.WifiVapListActivity } from pid 5053
D/PhoneWindow( 5030): couldn't save which view has focus because the focused view org.libsdl.app.SDLSurface@40523bd0 has no id.
V/SDL     ( 5030): onPause()
V/SDL     ( 5030): nativePause()
E/libEGL  ( 5030): call to OpenGL ES API with no current context (logged once per thread)
E/SensorManager( 5030): unregisterListener:: handle = 0 Listener= org.libsdl.app.SDLSurface@40523bd0 name = K3DH Acceleration Sensor
I/OrientationDebug( 2806): [pwm] in updateOrientationListenerLp()
V/OrientationDebug( 2806): in updateOrientationListenerLp(), Screen status=true, current orientation=1, SensorEnabled=true
I/OrientationDebug( 2806): [pwm] needSensorRunningLp(), return true #4
W/ActivityManager( 2806): Trying to launch com.lenovo.easy.connect/.WifiVapListActivity
V/SDL     ( 5030): onWindowFocusChanged(): false
V/SDL     ( 5030): surfaceDestroyed()
I/StatusBarManagerService( 2806): UPDATE-PowerTutor , 0x7f020003
E/yamaha::media::Parameters( 2592): SalesCode = XEF
I/dna     ( 5030): Third, 1 
I/dna     ( 5030): 
I/dna     ( 5030): Secondary, 2 
I/dna     ( 5030): 
D/dalvikvm( 5053): GC_EXTERNAL_ALLOC freed 83K, 52% free 2626K/5379K, external 1898K/2306K, paused 19ms
I/dna     ( 5030):   thread:1  4 
I/dna     ( 5030): 
I/dna     ( 5030):   thread:1  5 
I/dna     ( 5030): 
I/dna     ( 5030):   thread:1  6 
I/dna     ( 5030): 
I/dna     ( 5030):   thread:1  7 
I/dna     ( 5030): 
I/dna     ( 5030):   thread:1  8 
I/dna     ( 5030): 
I/wpa_supplicant( 2929): SCAN_RESULTS : [16] 
E/wpa_supplicant( 2929): Ongoing Scan action...
D/CLIPBOARD( 2806): Hide Clipboard dialog inside windowGainedFocus() !
W/InputManagerService( 2806): Starting input on non-focused client com.android.internal.view.IInputMethodClient$Stub$Proxy@40a84620 (uid=10178 pid=5030)
I/ActivityManager( 2806): Displayed com.lenovo.easy.connect/.WifiVapListActivity: +447ms
I/dna     ( 5030):   thread:1  9 
I/dna     ( 5030): 
I/dna     ( 5030):   thread:0  0 
I/dna     ( 5030): 
I/DBG_WSS_DM( 3404): [wssTelephonyData.java Line:153] getInstance PHONE_TYPE_GSM
I/DBG_WSS_DM( 3404): [wssdmTask.java Line:183] smlTaskHandler SMLMSG_DM_SYNCML_INIT
I/DBG_WSS_DM( 3404): [DMService.java Line:1418] ProtoIsWIFIConnected WiFi DisConnected
I/DBG_WSS_DM( 3404): [wssdminitadapter.java Line:44] smlNetAdpGetNetStatus Network Status is DATA DISCONNECTED!
I/DBG_WSS_DM( 3404): [wssdmTask.java Line:186] smlTaskHandler  Network Status is not ready. DM Not Initialized
I/dna     ( 5030): Secondary, 3 
I/dna     ( 5030): 
I/dna     ( 5030):   thread:0  1 
I/dna     ( 5030): 
D/InputReader( 2806): Input event: value=1
I/InputDispatcher( 2806): Delivering key to current input target: action: 0, channel '40bea328 com.lenovo.easy.connect/com.lenovo.easy.connect.WifiVapListActivity (server)'
I/dna     ( 5030):   thread:0  2 
I/dna     ( 5030): 
W/KeyCharacterMap( 5053): No keyboard for id 0
W/KeyCharacterMap( 5053): Using default keymap: /system/usr/keychars/qwerty.kcm.bin
D/InputReader( 2806): Input event: value=0
I/InputDispatcher( 2806): Delivering key to current input target: action: 1, channel '40bea328 com.lenovo.easy.connect/com.lenovo.easy.connect.WifiVapListActivity (server)'
I/OrientationDebug( 2806): [pwm] in updateOrientationListenerLp()
V/OrientationDebug( 2806): in updateOrientationListenerLp(), Screen status=true, current orientation=-1, SensorEnabled=true
I/OrientationDebug( 2806): [pwm] needSensorRunningLp(), return true #4
V/SDL     ( 5030): onResume()
V/SDL     ( 5030): surfaceCreated()
V/SDL     ( 5030): surfaceChanged()
V/SDL     ( 5030): pixel format RGB_565
V/SDL     ( 5030): Window size: 480x800
V/SDL     ( 5030): onWindowFocusChanged(): true
V/SDL     ( 5030): nativeResume()
E/SensorManager( 5030): registerListener :: handle = 0  name= K3DH Acceleration Sensor delay= 20000 Listener= org.libsdl.app.SDLSurface@40523bd0
E/SensorManager( 5030): reg :: handle = 0
D/CLIPBOARD( 2806): Hide Clipboard dialog inside windowGainedFocus() !
W/InputManagerService( 2806): Starting input on non-focused client com.android.internal.view.IInputMethodClient$Stub$Proxy@40ae6a78 (uid=10154 pid=5053)
I/dna     ( 5030):   thread:0  3 
I/dna     ( 5030): 
D/dalvikvm( 5053): GC_EXPLICIT freed 105K, 51% free 2646K/5379K, external 4206K/4423K, paused 50ms
I/dna     ( 5030): Third, 2 
I/dna     ( 5030): 
I/dna     ( 5030): Secondary, 4 
I/dna     ( 5030): 
I/dna     ( 5030):   thread:0  4 
I/dna     ( 5030): 
I/dna     ( 5030):   thread:0  5 
I/dna     ( 5030): 
D/dalvikvm( 5053): GC_EXPLICIT freed 13K, 52% free 2633K/5379K, external 1931K/2443K, paused 39ms
I/dna     ( 5030):   thread:0  6 
I/dna     ( 5030): 
E/lights  ( 2806): write_int: path /sys/devices/virtual/misc/melfas_touchkey/brightness, value 2
W/PowerManagerService( 2806): Timer 0x7->0x3|0x3
I/PowerManagerService( 2806): Ulight 7->3|0
D/PowerManagerService( 2806): setLightBrightness : mButtonLight : 0
D/dalvikvm( 3909): GC_CONCURRENT freed 477K, 51% free 3018K/6151K, external 0K/0K, paused 1ms+1ms
I/dna     ( 5030): Secondary, 5 
I/dna     ( 5030): 
I/dna     ( 5030):   thread:0  7 
I/dna     ( 5030): 
I/dna     ( 5030):   thread:0  8 
I/dna     ( 5030): 
I/dna     ( 5030):   thread:0  9 
I/dna     ( 5030): 
I/dna     ( 5030):   thread:  0 
I/dna     ( 5030): 
I/dna     ( 5030):   thread:  1 
I/dna     ( 5030): 
I/dna     ( 5030):   thread:  2 
I/dna     ( 5030): 
I/dna     ( 5030):   thread:  3 
I/dna     ( 5030): 
I/wpa_supplicant( 2929): CTRL-EVENT-NO-CONNECTION
V/WifiMonitor( 2806): Event [ SCAN-RESULTS ]
V/WifiMonitor( 2806): Event [CTRL-EVENT-NO-CONNECTION]
I/NetworkStatusReceiver( 4073): action: android.net.wifi.SHOW_AP_LIST_DIALOG
E/WifiManager( 4073): showApDialog
I/WifiService( 2806): isShowingAccessPointListDialog():false
I/WifiService( 2806): setShowAccessPointListDialog():false
I/wpa_supplicant( 2929): SCAN_RESULTS : [17] 
I/wpa_supplicant( 2929): SCAN_RESULTS : [17] 
I/wpa_supplicant( 2929): SCAN_RESULTS : [17] 
I/dna     ( 5030):   thread:  4 
I/dna     ( 5030): 
I/dna     ( 5030):   thread:  5 
I/dna     ( 5030): 
I/dna     ( 5030):   thread:  6 
I/dna     ( 5030): 
I/dna     ( 5030):   thread:  7 
I/dna     ( 5030): 
D/PowerManagerService( 2806): onSensorChanged: light value: 100
I/dna     ( 5030):   thread:  8 
I/dna     ( 5030): 
I/dna     ( 5030):   thread:  9 
I/dna     ( 5030): 
I/dna     ( 5030): Third, 3 
I/dna     ( 5030): 
I/dna     ( 5030): Secondary, 6 
I/dna     ( 5030): 
I/dna     ( 5030): Secondary, 7 
I/dna     ( 5030): 
I/InputReader( 2806): dispatchTouch::touch event's action is 0
I/InputDispatcher( 2806): Delivering touch to current input target: action: 0, channel '40a78478 org.libsdl.app/org.libsdl.app.SDLActivity (server)'
E/lights  ( 2806): write_int: path /sys/devices/virtual/misc/melfas_touchkey/brightness, value 1
I/PowerManagerService( 2806): Ulight 3->7|0
D/PowerManagerService( 2806): setLightBrightness : mButtonLight : 255
I/InputReader( 2806): dispatchTouch::touch event's action is 1
I/InputDispatcher( 2806): Delivering touch to current input target: action: 1, channel '40a78478 org.libsdl.app/org.libsdl.app.SDLActivity (server)'
I/dna     ( 5030): Third, 4 
I/dna     ( 5030): 
I/dna     ( 5030): Secondary, 8 
I/dna     ( 5030): 
I/InputReader( 2806): dispatchTouch::touch event's action is 0
I/InputDispatcher( 2806): Delivering touch to current input target: action: 0, channel '40a78478 org.libsdl.app/org.libsdl.app.SDLActivity (server)'
I/InputReader( 2806): dispatchTouch::touch event's action is 1
I/InputDispatcher( 2806): Delivering touch to current input target: action: 1, channel '40a78478 org.libsdl.app/org.libsdl.app.SDLActivity (server)'
I/dna     ( 5030): Secondary, 9 
I/dna     ( 5030): 
I/InputReader( 2806): dispatchTouch::touch event's action is 0
I/InputDispatcher( 2806): Delivering touch to current input target: action: 0, channel '40a78478 org.libsdl.app/org.libsdl.app.SDLActivity (server)'
I/InputReader( 2806): dispatchTouch::touch event's action is 1
I/InputDispatcher( 2806): Delivering touch to current input target: action: 1, channel '40a78478 org.libsdl.app/org.libsdl.app.SDLActivity (server)'
I/InputReader( 2806): dispatchTouch::touch event's action is 0
I/InputDispatcher( 2806): Delivering touch to current input target: action: 0, channel '40a78478 org.libsdl.app/org.libsdl.app.SDLActivity (server)'
I/InputReader( 2806): dispatchTouch::touch event's action is 1
I/InputDispatcher( 2806): Delivering touch to current input target: action: 1, channel '40a78478 org.libsdl.app/org.libsdl.app.SDLActivity (server)'
D/PowerManagerService( 2806): onSensorChanged: light value: 100
I/dna     ( 5030): Third, 5 
I/dna     ( 5030): 
I/DBG_WSS_DM( 3404): [wssTelephonyData.java Line:153] getInstance PHONE_TYPE_GSM
I/DBG_WSS_DM( 3404): [wssdmTask.java Line:183] smlTaskHandler SMLMSG_DM_SYNCML_INIT
I/DBG_WSS_DM( 3404): [DMService.java Line:1418] ProtoIsWIFIConnected WiFi DisConnected
I/DBG_WSS_DM( 3404): [wssdminitadapter.java Line:44] smlNetAdpGetNetStatus Network Status is DATA DISCONNECTED!
I/DBG_WSS_DM( 3404): [wssdmTask.java Line:186] smlTaskHandler  Network Status is not ready. DM Not Initialized
D/dalvikvm( 2994): GC_EXPLICIT freed 1061K, 48% free 4828K/9223K, external 13429K/13591K, paused 172ms
I/InputReader( 2806): dispatchTouch::touch event's action is 0
I/InputDispatcher( 2806): Delivering touch to current input target: action: 0, channel '40a78478 org.libsdl.app/org.libsdl.app.SDLActivity (server)'
I/InputReader( 2806): dispatchTouch::touch event's action is 1
I/InputDispatcher( 2806): Delivering touch to current input target: action: 1, channel '40a78478 org.libsdl.app/org.libsdl.app.SDLActivity (server)'
I/dna     ( 5030): Third, 6 
I/dna     ( 5030): 
E/lights  ( 2806): write_int: path /sys/devices/virtual/misc/melfas_touchkey/brightness, value 2
W/PowerManagerService( 2806): Timer 0x7->0x3|0x3
I/PowerManagerService( 2806): Ulight 7->3|0
D/PowerManagerService( 2806): setLightBrightness : mButtonLight : 0
I/dna     ( 5030): Third, 7 
I/dna     ( 5030): 
I/InputReader( 2806): dispatchTouch::touch event's action is 0
I/InputDispatcher( 2806): Delivering touch to current input target: action: 0, channel '40a78478 org.libsdl.app/org.libsdl.app.SDLActivity (server)'
E/lights  ( 2806): write_int: path /sys/devices/virtual/misc/melfas_touchkey/brightness, value 1
I/PowerManagerService( 2806): Ulight 3->7|0
D/PowerManagerService( 2806): setLightBrightness : mButtonLight : 255
I/InputReader( 2806): dispatchTouch::touch event's action is 1
I/InputDispatcher( 2806): Delivering touch to current input target: action: 1, channel '40a78478 org.libsdl.app/org.libsdl.app.SDLActivity (server)'
D/dalvikvm( 3041): GC_EXPLICIT freed 110K, 43% free 4399K/7623K, external 0K/0K, paused 122ms
I/dna     ( 5030): Third, 8 
I/dna     ( 5030): 
D/dalvikvm( 3909): GC_CONCURRENT freed 415K, 51% free 3023K/6151K, external 0K/0K, paused 7ms+1ms
I/InputReader( 2806): dispatchTouch::touch event's action is 0
I/InputDispatcher( 2806): Delivering touch to current input target: action: 0, channel '40a78478 org.libsdl.app/org.libsdl.app.SDLActivity (server)'
I/InputReader( 2806): dispatchTouch::touch event's action is 1
I/InputDispatcher( 2806): Delivering touch to current input target: action: 1, channel '40a78478 org.libsdl.app/org.libsdl.app.SDLActivity (server)'
I/StatusBarManagerService( 2806): UPDATE-PowerTutor , 0x7f020003
I/InputReader( 2806): dispatchTouch::touch event's action is 0
I/InputDispatcher( 2806): Delivering touch to current input target: action: 0, channel '40a78478 org.libsdl.app/org.libsdl.app.SDLActivity (server)'
I/InputReader( 2806): dispatchTouch::touch event's action is 1
I/InputDispatcher( 2806): Delivering touch to current input target: action: 1, channel '40a78478 org.libsdl.app/org.libsdl.app.SDLActivity (server)'
I/dna     ( 5030): Third, 9 
I/dna     ( 5030): 
W/PowerManagerService( 2806): Timer 0x7->0x3|0x3
E/lights  ( 2806): write_int: path /sys/devices/virtual/misc/melfas_touchkey/brightness, value 2
I/PowerManagerService( 2806): Ulight 7->3|0
D/PowerManagerService( 2806): setLightBrightness : mButtonLight : 0
I/DBG_WSS_DM( 3404): [wssTelephonyData.java Line:153] getInstance PHONE_TYPE_GSM
I/DBG_WSS_DM( 3404): [wssdmTask.java Line:183] smlTaskHandler SMLMSG_DM_SYNCML_INIT
I/DBG_WSS_DM( 3404): [DMService.java Line:1418] ProtoIsWIFIConnected WiFi DisConnected
I/DBG_WSS_DM( 3404): [wssdminitadapter.java Line:44] smlNetAdpGetNetStatus Network Status is DATA DISCONNECTED!
I/DBG_WSS_DM( 3404): [wssdmTask.java Line:186] smlTaskHandler  Network Status is not ready. DM Not Initialized
I/InputReader( 2806): dispatchTouch::touch event's action is 0
I/InputDispatcher( 2806): Delivering touch to current input target: action: 0, channel '40a78478 org.libsdl.app/org.libsdl.app.SDLActivity (server)'
E/lights  ( 2806): write_int: path /sys/devices/virtual/misc/melfas_touchkey/brightness, value 1
I/PowerManagerService( 2806): Ulight 3->7|0
D/PowerManagerService( 2806): setLightBrightness : mButtonLight : 255
I/InputReader( 2806): dispatchTouch::touch event's action is 1
I/InputDispatcher( 2806): Delivering touch to current input target: action: 1, channel '40a78478 org.libsdl.app/org.libsdl.app.SDLActivity (server)'
E/Surface ( 5030): surface (identity=21) is invalid, err=-19 (No such device)
E/Surface ( 5030): surface (identity=21) is invalid, err=-19 (No such device)
V/SDL     ( 5030): onPause()
V/SDL     ( 5030): nativePause()
E/SensorManager( 5030): unregisterListener:: handle = 0 Listener= org.libsdl.app.SDLSurface@40523bd0 name = K3DH Acceleration Sensor
I/OrientationDebug( 2806): [pwm] in updateOrientationListenerLp()
V/OrientationDebug( 2806): in updateOrientationListenerLp(), Screen status=true, current orientation=1, SensorEnabled=true
I/OrientationDebug( 2806): [pwm] needSensorRunningLp(), return true #4
I/Launcher( 2994): onResume(). mIsNewIntent : false screenOff: false
E/com.samsung.app( 3982): [MSC]>>> WeatherWidgetProvider.java:303 [0:0] onReceive()@@@ sec.android.intent.action.HOME_RESUME
E/com.samsung.app( 3982): [MSC]>>> WidgetIdManager.java:39 [0:0] AccuWeatherClockWidgetID_Length
E/com.samsung.app( 3982): [MSC]>>> WidgetIdManager.java:40 [0:0] getPrefIDs() : length = 1
E/com.samsung.app( 3982): [MSC]>>> WidgetIdManager.java:46 [0:0] getPrefIDs() : Ids1 = 2
V/SDL     ( 5030): onWindowFocusChanged(): false
D/PhotoAppWidgetProvider( 4015): OnReceive Start
D/PhotoAppWidgetProvider( 4015): RestartSlideShow Start
D/Buddies--------------------------->( 4161): Service:OnReceive ACTION_HOME_RESUME called
I/Launcher( 2994): onWindowFocusChanged(true)
W/InputManagerService( 2806): Starting input on non-focused client com.android.internal.view.IInputMethodClient$Stub$Proxy@40a84620 (uid=10178 pid=5030)
V/SDL     ( 5030): surfaceDestroyed()
I/ActivityManager( 2806): No longer want com.android.defcontainer (pid 4385): hidden #26
V/SDL     ( 5030): onDestroy()
E/lights  ( 2806): write_int: path /sys/devices/virtual/misc/melfas_touchkey/brightness, value 2
W/PowerManagerService( 2806): Timer 0x7->0x3|0x0
I/PowerManagerService( 2806): Ulight 7->3|0
D/PowerManagerService( 2806): setLightBrightness : mButtonLight : 0
I/wpa_supplicant( 2929): CTRL-EVENT-NO-CONNECTION
V/WifiMonitor( 2806): Event [ SCAN-RESULTS ]
V/WifiMonitor( 2806): Event [CTRL-EVENT-NO-CONNECTION]
I/wpa_supplicant( 2929): SCAN_RESULTS : [20] 
I/NetworkStatusReceiver( 4073): action: android.net.wifi.SHOW_AP_LIST_DIALOG
I/wpa_supplicant( 2929): SCAN_RESULTS : [20] 
E/WifiManager( 4073): showApDialog
I/wpa_supplicant( 2929): SCAN_RESULTS : [20] 
I/WifiService( 2806): isShowingAccessPointListDialog():false
I/WifiService( 2806): setShowAccessPointListDialog():false
D/PictureFrame( 4015): updateSlideShow Next - appWidgetId 6
D/PictureFrame( 4015): do not update widget, saved file is under 1
D/dalvikvm( 3333): GC_EXTERNAL_ALLOC freed 96K, 53% free 2701K/5639K, external 583K/597K, paused 75ms
I/WindowOrientationListener( 2806): orientation 75.996414 gives new rotation = 1
I/OrientationDebug( 2806): [pwm] in MyOrientationListener.onOrientationChanged() rotation=1  mFancyRotationAnimation=0   now call mWindowManager.setRotation()
I/OrientationDebug( 2806): [wms] in setRotation() rotation=1 alwaysSendConfiguration=false animFlags=0
I/OrientationDebug( 2806): [wms] in setRotation() now call setRotationUnchecked()
I/WindowOrientationListener( 2806): orientation 75.996414 gives new rotation = 1
D/PictureFrame( 4015): updateSlideShow Next - appWidgetId 6
D/PictureFrame( 4015): do not update widget, saved file is under 1
D/PowerManagerService( 2806): onSensorChanged: light value: 100
D/dalvikvm( 3909): GC_CONCURRENT freed 442K, 51% free 3028K/6151K, external 0K/0K, paused 8ms+2ms
E/com.samsung.app( 3982): [MSC]>>> WeatherWidgetProvider.java:1523 [0:0] Handler:{ what=101 when=-2ms }
E/com.samsung.app( 3982): [MSC]>>> WeatherWidgetProvider.java:1535 [0:0] HANDLER_EVENT_WEATHER_SCROLL : 0
E/com.samsung.app( 3982): [MSC]>>> WidgetIdManager.java:39 [0:0] AccuWeatherClockWidgetID_Length
E/com.samsung.app( 3982): [MSC]>>> WidgetIdManager.java:40 [0:0] getPrefIDs() : length = 1
E/com.samsung.app( 3982): [MSC]>>> WidgetIdManager.java:46 [0:0] getPrefIDs() : Ids1 = 2
E/com.samsung.app( 3982): [MSC]>>> WeatherWidgetProvider.java:1005 [0:0] setWeaterData 2 2130903087 true
E/com.samsung.app( 3982): [MSC]>>> WeatherWidgetProvider.java:1013 [0:0] setWeatherData dbhelper!=null
E/com.samsung.app( 3982): [MSC]>>> WeatherWidgetProvider.java:1015 [0:0] mWeatherCount : 2
E/com.samsung.app( 3982): [MSC]>>> WeatherWidgetProvider.java:1027 [0:0] onReceive Qiryat Yam cityId:213165
E/com.samsung.app( 3982): [MSC]>>> WeatherWidgetProvider.java:1027 [0:0] onReceive Qiryat Bialik cityId:213162
E/com.samsung.app( 3982): [MSC]>>> WeatherWidgetProvider.java:1631 [0:0] @@@@@ mainLayoutId--> :3
D/dalvikvm( 3982): GC_CONCURRENT freed 449K, 54% free 2748K/5895K, external 0K/0K, paused 4ms+5ms
E/com.samsung.app( 3982): [MSC]>>> WeatherWidgetProvider.java:1264 [0:0] =========2
D/PictureFrame( 4015): updateSlideShow Next - appWidgetId 6
D/PictureFrame( 4015): do not update widget, saved file is under 1
D/BatteryService( 2806): update start
E/BatteryService( 2806): TMU status = 0
D/BatteryService( 2806): updateBattery level:6 scale:100 status:2 health:2 present:true voltage: 3985 temperature: 270 technology: Li-ion AC powered:false USB powered:true icon:17302229
I/StatusBarPolicy( 2926): BAT. S:2 H:2
I/StatusBarManagerService( 2806): UPDATE-PowerTutor , 0x7f020003
I/wpa_supplicant( 2929): CTRL-EVENT-NO-CONNECTION
V/WifiMonitor( 2806): Event [ SCAN-RESULTS ]
V/WifiMonitor( 2806): Event [CTRL-EVENT-NO-CONNECTION]
I/wpa_supplicant( 2929): SCAN_RESULTS : [14] 
I/NetworkStatusReceiver( 4073): action: android.net.wifi.SHOW_AP_LIST_DIALOG
E/WifiManager( 4073): showApDialog
I/WifiService( 2806): isShowingAccessPointListDialog():false
I/WifiService( 2806): setShowAccessPointListDialog():false
I/wpa_supplicant( 2929): SCAN_RESULTS : [14] 
I/wpa_supplicant( 2929): SCAN_RESULTS : [14] 
D/dalvikvm( 3902): GC_CONCURRENT freed 288K, 49% free 3502K/6791K, external 0K/0K, paused 2ms+3ms
D/PictureFrame( 4015): updateSlideShow Next - appWidgetId 6
D/PictureFrame( 4015): do not update widget, saved file is under 1
D/dalvikvm( 2806): GC_EXTERNAL_ALLOC freed 1488K, 36% free 8708K/13447K, external 2459K/2538K, paused 143ms
I/DBG_WSS_DM( 3404): [wssTelephonyData.java Line:153] getInstance PHONE_TYPE_GSM
I/DBG_WSS_DM( 3404): [wssdmTask.java Line:183] smlTaskHandler SMLMSG_DM_SYNCML_INIT
I/DBG_WSS_DM( 3404): [DMService.java Line:1418] ProtoIsWIFIConnected WiFi DisConnected
I/DBG_WSS_DM( 3404): [wssdminitadapter.java Line:44] smlNetAdpGetNetStatus Network Status is DATA DISCONNECTED!
I/DBG_WSS_DM( 3404): [wssdmTask.java Line:186] smlTaskHandler  Network Status is not ready. DM Not Initialized
I/DBG_WSS_DM( 3404): [wssTelephonyData.java Line:153] getInstance PHONE_TYPE_GSM
I/DBG_WSS_DM( 3404): [wssdmTask.java Line:183] smlTaskHandler SMLMSG_DM_SYNCML_INIT
I/DBG_WSS_DM( 3404): [DMService.java Line:1418] ProtoIsWIFIConnected WiFi DisConnected
I/DBG_WSS_DM( 3404): [wssdminitadapter.java Line:44] smlNetAdpGetNetStatus Network Status is DATA DISCONNECTED!
I/DBG_WSS_DM( 3404): [wssdmTask.java Line:186] smlTaskHandler  Network Status is not ready. DM Not Initialized
D/dalvikvm( 3909): GC_CONCURRENT freed 459K, 51% free 3050K/6151K, external 0K/0K, paused 8ms+2ms
D/PictureFrame( 4015): updateSlideShow Next - appWidgetId 6
D/PictureFrame( 4015): do not update widget, saved file is under 1
E/com.samsung.app( 3982): [MSC]>>> WeatherWidgetProvider.java:1523 [0:0] Handler:{ what=101 when=-22ms }
E/com.samsung.app( 3982): [MSC]>>> WeatherWidgetProvider.java:1535 [0:0] HANDLER_EVENT_WEATHER_SCROLL : 1
E/com.samsung.app( 3982): [MSC]>>> WidgetIdManager.java:39 [0:0] AccuWeatherClockWidgetID_Length
E/com.samsung.app( 3982): [MSC]>>> WidgetIdManager.java:40 [0:0] getPrefIDs() : length = 1
E/com.samsung.app( 3982): [MSC]>>> WidgetIdManager.java:46 [0:0] getPrefIDs() : Ids1 = 2
E/com.samsung.app( 3982): [MSC]>>> WeatherWidgetProvider.java:1005 [0:0] setWeaterData 2 2130903087 true
E/com.samsung.app( 3982): [MSC]>>> WeatherWidgetProvider.java:1013 [0:0] setWeatherData dbhelper!=null
E/com.samsung.app( 3982): [MSC]>>> WeatherWidgetProvider.java:1015 [0:0] mWeatherCount : 2
E/com.samsung.app( 3982): [MSC]>>> WeatherWidgetProvider.java:1027 [0:0] onReceive Qiryat Yam cityId:213165
E/com.samsung.app( 3982): [MSC]>>> WeatherWidgetProvider.java:1027 [0:0] onReceive Qiryat Bialik cityId:213162
E/com.samsung.app( 3982): [MSC]>>> WeatherWidgetProvider.java:1631 [0:0] @@@@@ mainLayoutId--> :3
E/com.samsung.app( 3982): [MSC]>>> WeatherWidgetProvider.java:1264 [0:0] =========2
D/PictureFrame( 4015): updateSlideShow Next - appWidgetId 6
D/PictureFrame( 4015): do not update widget, saved file is under 1
D/dalvikvm( 3333): GC_EXTERNAL_ALLOC freed 79K, 53% free 2700K/5639K, external 589K/596K, paused 53ms
I/StatusBarManagerService( 2806): UPDATE-PowerTutor , 0x7f020003
D/PictureFrame( 4015): updateSlideShow Next - appWidgetId 6
D/PictureFrame( 4015): do not update widget, saved file is under 1
D/dalvikvm( 3909): GC_CONCURRENT freed 431K, 51% free 3057K/6151K, external 0K/0K, paused 2ms+2ms
E/com.samsung.app( 3982): [MSC]>>> WeatherWidgetProvider.java:1523 [0:0] Handler:{ what=101 when=-14ms }
E/com.samsung.app( 3982): [MSC]>>> WeatherWidgetProvider.java:1535 [0:0] HANDLER_EVENT_WEATHER_SCROLL : 0
E/com.samsung.app( 3982): [MSC]>>> WidgetIdManager.java:39 [0:0] AccuWeatherClockWidgetID_Length
E/com.samsung.app( 3982): [MSC]>>> WidgetIdManager.java:40 [0:0] getPrefIDs() : length = 1
E/com.samsung.app( 3982): [MSC]>>> WidgetIdManager.java:46 [0:0] getPrefIDs() : Ids1 = 2
E/com.samsung.app( 3982): [MSC]>>> WeatherWidgetProvider.java:1005 [0:0] setWeaterData 2 2130903087 true
E/com.samsung.app( 3982): [MSC]>>> WeatherWidgetProvider.java:1013 [0:0] setWeatherData dbhelper!=null
E/com.samsung.app( 3982): [MSC]>>> WeatherWidgetProvider.java:1015 [0:0] mWeatherCount : 2
E/com.samsung.app( 3982): [MSC]>>> WeatherWidgetProvider.java:1027 [0:0] onReceive Qiryat Yam cityId:213165
E/com.samsung.app( 3982): [MSC]>>> WeatherWidgetProvider.java:1027 [0:0] onReceive Qiryat Bialik cityId:213162
E/com.samsung.app( 3982): [MSC]>>> WeatherWidgetProvider.java:1631 [0:0] @@@@@ mainLayoutId--> :3
E/com.samsung.app( 3982): [MSC]>>> WeatherWidgetProvider.java:1264 [0:0] =========2
D/PictureFrame( 4015): updateSlideShow Next - appWidgetId 6
D/PictureFrame( 4015): do not update widget, saved file is under 1
I/wpa_supplicant( 2929): CTRL-EVENT-NO-CONNECTION
V/WifiMonitor( 2806): Event [ SCAN-RESULTS ]
V/WifiMonitor( 2806): Event [CTRL-EVENT-NO-CONNECTION]
I/wpa_supplicant( 2929): SCAN_RESULTS : [13] 
I/NetworkStatusReceiver( 4073): action: android.net.wifi.SHOW_AP_LIST_DIALOG
E/WifiManager( 4073): showApDialog
I/WifiService( 2806): isShowingAccessPointListDialog():false
I/WifiService( 2806): setShowAccessPointListDialog():false
I/wpa_supplicant( 2929): SCAN_RESULTS : [13] 
I/wpa_supplicant( 2929): SCAN_RESULTS : [13] 
D/PictureFrame( 4015): updateSlideShow Next - appWidgetId 6
D/PictureFrame( 4015): do not update widget, saved file is under 1
I/DBG_WSS_DM( 3404): [wssTelephonyData.java Line:153] getInstance PHONE_TYPE_GSM
I/DBG_WSS_DM( 3404): [wssdmTask.java Line:183] smlTaskHandler SMLMSG_DM_SYNCML_INIT
I/DBG_WSS_DM( 3404): [DMService.java Line:1418] ProtoIsWIFIConnected WiFi DisConnected
I/DBG_WSS_DM( 3404): [wssdminitadapter.java Line:44] smlNetAdpGetNetStatus Network Status is DATA DISCONNECTED!
I/DBG_WSS_DM( 3404): [wssdmTask.java Line:186] smlTaskHandler  Network Status is not ready. DM Not Initialized
D/dalvikvm( 2806): GC_EXTERNAL_ALLOC freed 701K, 36% free 8643K/13447K, external 2462K/2481K, paused 147ms
I/DBG_WSS_DM( 3404): [wssTelephonyData.java Line:153] getInstance PHONE_TYPE_GSM
I/DBG_WSS_DM( 3404): [wssdmTask.java Line:183] smlTaskHandler SMLMSG_DM_SYNCML_INIT
I/DBG_WSS_DM( 3404): [DMService.java Line:1418] ProtoIsWIFIConnected WiFi DisConnected
I/DBG_WSS_DM( 3404): [wssdminitadapter.java Line:44] smlNetAdpGetNetStatus Network Status is DATA DISCONNECTED!
I/DBG_WSS_DM( 3404): [wssdmTask.java Line:186] smlTaskHandler  Network Status is not ready. DM Not Initialized
D/PictureFrame( 4015): updateSlideShow Next - appWidgetId 6
D/PictureFrame( 4015): do not update widget, saved file is under 1
E/com.samsung.app( 3982): [MSC]>>> WeatherWidgetProvider.java:1523 [0:0] Handler:{ what=101 when=-1ms }
E/com.samsung.app( 3982): [MSC]>>> WeatherWidgetProvider.java:1535 [0:0] HANDLER_EVENT_WEATHER_SCROLL : 1
E/com.samsung.app( 3982): [MSC]>>> WidgetIdManager.java:39 [0:0] AccuWeatherClockWidgetID_Length
E/com.samsung.app( 3982): [MSC]>>> WidgetIdManager.java:40 [0:0] getPrefIDs() : length = 1
E/com.samsung.app( 3982): [MSC]>>> WidgetIdManager.java:46 [0:0] getPrefIDs() : Ids1 = 2
E/com.samsung.app( 3982): [MSC]>>> WeatherWidgetProvider.java:1005 [0:0] setWeaterData 2 2130903087 true
E/com.samsung.app( 3982): [MSC]>>> WeatherWidgetProvider.java:1013 [0:0] setWeatherData dbhelper!=null
E/com.samsung.app( 3982): [MSC]>>> WeatherWidgetProvider.java:1015 [0:0] mWeatherCount : 2
E/com.samsung.app( 3982): [MSC]>>> WeatherWidgetProvider.java:1027 [0:0] onReceive Qiryat Yam cityId:213165
E/com.samsung.app( 3982): [MSC]>>> WeatherWidgetProvider.java:1027 [0:0] onReceive Qiryat Bialik cityId:213162
E/com.samsung.app( 3982): [MSC]>>> WeatherWidgetProvider.java:1631 [0:0] @@@@@ mainLayoutId--> :3
D/dalvikvm( 3982): GC_CONCURRENT freed 417K, 54% free 2744K/5895K, external 0K/0K, paused 2ms+4ms
E/com.samsung.app( 3982): [MSC]>>> WeatherWidgetProvider.java:1264 [0:0] =========2
D/dalvikvm( 3909): GC_CONCURRENT freed 434K, 51% free 3041K/6151K, external 0K/0K, paused 2ms+3ms
I/StatusBarManagerService( 2806): UPDATE-PowerTutor , 0x7f020003
D/PictureFrame( 4015): updateSlideShow Next - appWidgetId 6
D/PictureFrame( 4015): do not update widget, saved file is under 1
D/dalvikvm( 3333): GC_EXTERNAL_ALLOC freed 77K, 53% free 2700K/5639K, external 510K/597K, paused 75ms
D/PictureFrame( 4015): updateSlideShow Next - appWidgetId 6
D/PictureFrame( 4015): do not update widget, saved file is under 1
I/DBG_WSS_DM( 3404): [wssTelephonyData.java Line:153] getInstance PHONE_TYPE_GSM
I/DBG_WSS_DM( 3404): [wssdmTask.java Line:183] smlTaskHandler SMLMSG_DM_SYNCML_INIT
I/DBG_WSS_DM( 3404): [DMService.java Line:1418] ProtoIsWIFIConnected WiFi DisConnected
I/DBG_WSS_DM( 3404): [wssdminitadapter.java Line:44] smlNetAdpGetNetStatus Network Status is DATA DISCONNECTED!
I/DBG_WSS_DM( 3404): [wssdmTask.java Line:186] smlTaskHandler  Network Status is not ready. DM Not Initialized
E/com.samsung.app( 3982): [MSC]>>> WeatherWidgetProvider.java:1523 [0:0] Handler:{ what=101 when=-10ms }
E/com.samsung.app( 3982): [MSC]>>> WeatherWidgetProvider.java:1535 [0:0] HANDLER_EVENT_WEATHER_SCROLL : 0
E/com.samsung.app( 3982): [MSC]>>> WidgetIdManager.java:39 [0:0] AccuWeatherClockWidgetID_Length
E/com.samsung.app( 3982): [MSC]>>> WidgetIdManager.java:40 [0:0] getPrefIDs() : length = 1
E/com.samsung.app( 3982): [MSC]>>> WidgetIdManager.java:46 [0:0] getPrefIDs() : Ids1 = 2
E/com.samsung.app( 3982): [MSC]>>> WeatherWidgetProvider.java:1005 [0:0] setWeaterData 2 2130903087 true
E/com.samsung.app( 3982): [MSC]>>> WeatherWidgetProvider.java:1013 [0:0] setWeatherData dbhelper!=null
E/com.samsung.app( 3982): [MSC]>>> WeatherWidgetProvider.java:1015 [0:0] mWeatherCount : 2
E/com.samsung.app( 3982): [MSC]>>> WeatherWidgetProvider.java:1027 [0:0] onReceive Qiryat Yam cityId:213165
E/com.samsung.app( 3982): [MSC]>>> WeatherWidgetProvider.java:1027 [0:0] onReceive Qiryat Bialik cityId:213162
E/com.samsung.app( 3982): [MSC]>>> WeatherWidgetProvider.java:1631 [0:0] @@@@@ mainLayoutId--> :3
E/com.samsung.app( 3982): [MSC]>>> WeatherWidgetProvider.java:1264 [0:0] =========2
D/BatteryService( 2806): update start
E/BatteryService( 2806): TMU status = 0
D/BatteryService( 2806): updateBattery level:6 scale:100 status:2 health:2 present:true voltage: 3993 temperature: 270 technology: Li-ion AC powered:false USB powered:true icon:17302229
I/StatusBarPolicy( 2926): BAT. S:2 H:2
D/dalvikvm( 3909): GC_CONCURRENT freed 415K, 51% free 3066K/6151K, external 0K/0K, paused 7ms+2ms
D/PictureFrame( 4015): updateSlideShow Next - appWidgetId 6
D/PictureFrame( 4015): do not update widget, saved file is under 1
I/StatusBarManagerService( 2806): UPDATE-PowerTutor , 0x7f020003
D/PictureFrame( 4015): updateSlideShow Next - appWidgetId 6
D/PictureFrame( 4015): do not update widget, saved file is under 1
E/com.samsung.app( 3982): [MSC]>>> WeatherWidgetProvider.java:1523 [0:0] Handler:{ what=101 when=-3ms }
E/com.samsung.app( 3982): [MSC]>>> WeatherWidgetProvider.java:1535 [0:0] HANDLER_EVENT_WEATHER_SCROLL : 1
E/com.samsung.app( 3982): [MSC]>>> WidgetIdManager.java:39 [0:0] AccuWeatherClockWidgetID_Length
E/com.samsung.app( 3982): [MSC]>>> WidgetIdManager.java:40 [0:0] getPrefIDs() : length = 1
E/com.samsung.app( 3982): [MSC]>>> WidgetIdManager.java:46 [0:0] getPrefIDs() : Ids1 = 2
E/com.samsung.app( 3982): [MSC]>>> WeatherWidgetProvider.java:1005 [0:0] setWeaterData 2 2130903087 true
E/com.samsung.app( 3982): [MSC]>>> WeatherWidgetProvider.java:1013 [0:0] setWeatherData dbhelper!=null
E/com.samsung.app( 3982): [MSC]>>> WeatherWidgetProvider.java:1015 [0:0] mWeatherCount : 2
E/com.samsung.app( 3982): [MSC]>>> WeatherWidgetProvider.java:1027 [0:0] onReceive Qiryat Yam cityId:213165
E/com.samsung.app( 3982): [MSC]>>> WeatherWidgetProvider.java:1027 [0:0] onReceive Qiryat Bialik cityId:213162
E/com.samsung.app( 3982): [MSC]>>> WeatherWidgetProvider.java:1631 [0:0] @@@@@ mainLayoutId--> :3
E/com.samsung.app( 3982): [MSC]>>> WeatherWidgetProvider.java:1264 [0:0] =========2
D/PictureFrame( 4015): updateSlideShow Next - appWidgetId 6
D/PictureFrame( 4015): do not update widget, saved file is under 1
D/dalvikvm( 3909): GC_CONCURRENT freed 422K, 51% free 3069K/6151K, external 0K/0K, paused 7ms+2ms
D/dalvikvm( 2806): GC_EXTERNAL_ALLOC freed 561K, 36% free 8632K/13447K, external 2462K/2476K, paused 89ms
D/PictureFrame( 4015): updateSlideShow Next - appWidgetId 6
D/PictureFrame( 4015): do not update widget, saved file is under 1
I/dalvikvm( 2806): Jit: resizing JitTable from 8192 to 16384
