D/dalvikvm( 3333): GC_EXTERNAL_ALLOC freed 89K, 53% free 2700K/5639K, external 588K/608K, paused 112ms
D/PowerManagerService( 2806): onSensorChanged: light value: 10
I/ALSAModule( 2592): Terminated ALSA PLAYBACK device hifi
E/yamaha::media::Parameters( 2592): SalesCode = XEF
I/DBG_WSS_DM( 3404): [wssTelephonyData.java Line:153] getInstance PHONE_TYPE_GSM
E/lights  ( 2806): write_int: path /sys/class/leds/keyboard-backlight/brightness, value 0
D/PowerManagerService( 2806): lightSensorChangedLocked 10
D/PowerManagerService( 2806): lcdValue 32
D/PowerManagerService( 2806): buttonValue 255
D/PowerManagerService( 2806): keyboardValue 0
I/DBG_WSS_DM( 3404): [wssdmTask.java Line:183] smlTaskHandler SMLMSG_DM_SYNCML_INIT
I/DBG_WSS_DM( 3404): [DMService.java Line:1418] ProtoIsWIFIConnected WiFi DisConnected
I/DBG_WSS_DM( 3404): [wssdminitadapter.java Line:44] smlNetAdpGetNetStatus Network Status is DATA DISCONNECTED!
I/DBG_WSS_DM( 3404): [wssdmTask.java Line:186] smlTaskHandler  Network Status is not ready. DM Not Initialized
D/dalvikvm( 2956): GC_CONCURRENT freed 751K, 50% free 3646K/7239K, external 0K/0K, paused 8ms+2ms
I/wpa_supplicant( 2929): CTRL-EVENT-NO-CONNECTION
V/WifiMonitor( 2806): Event [ SCAN-RESULTS ]
V/WifiMonitor( 2806): Event [CTRL-EVENT-NO-CONNECTION]
I/wpa_supplicant( 2929): SCAN_RESULTS : [16] 
I/NetworkStatusReceiver( 4073): action: android.net.wifi.SHOW_AP_LIST_DIALOG
E/WifiManager( 4073): showApDialog
I/WifiService( 2806): isShowingAccessPointListDialog():false
I/WifiService( 2806): setShowAccessPointListDialog():false
I/wpa_supplicant( 2929): SCAN_RESULTS : [16] 
I/wpa_supplicant( 2929): SCAN_RESULTS : [16] 
E/com.samsung.app( 3982): [MSC]>>> WeatherWidgetProvider.java:1523 [0:0] Handler:{ what=101 when=-5ms }
E/com.samsung.app( 3982): [MSC]>>> WeatherWidgetProvider.java:1535 [0:0] HANDLER_EVENT_WEATHER_SCROLL : 0
E/com.samsung.app( 3982): [MSC]>>> WidgetIdManager.java:39 [0:0] AccuWeatherClockWidgetID_Length
E/com.samsung.app( 3982): [MSC]>>> WidgetIdManager.java:40 [0:0] getPrefIDs() : length = 1
E/com.samsung.app( 3982): [MSC]>>> WidgetIdManager.java:46 [0:0] getPrefIDs() : Ids1 = 2
E/com.samsung.app( 3982): [MSC]>>> WeatherWidgetProvider.java:1005 [0:0] setWeaterData 2 2130903087 true
E/com.samsung.app( 3982): [MSC]>>> WeatherWidgetProvider.java:1013 [0:0] setWeatherData dbhelper!=null
E/com.samsung.app( 3982): [MSC]>>> WeatherWidgetProvider.java:1015 [0:0] mWeatherCount : 2
E/com.samsung.app( 3982): [MSC]>>> WeatherWidgetProvider.java:1027 [0:0] onReceive Qiryat Yam cityId:213165
E/com.samsung.app( 3982): [MSC]>>> WeatherWidgetProvider.java:1027 [0:0] onReceive Qiryat Bialik cityId:213162
E/com.samsung.app( 3982): [MSC]>>> WeatherWidgetProvider.java:1631 [0:0] @@@@@ mainLayoutId--> :3
E/com.samsung.app( 3982): [MSC]>>> WeatherWidgetProvider.java:1264 [0:0] =========2
D/AndroidRuntime( 4985): 
D/AndroidRuntime( 4985): >>>>>> AndroidRuntime START com.android.internal.os.RuntimeInit <<<<<<
D/AndroidRuntime( 4985): CheckJNI is OFF
D/AndroidRuntime( 4985): setted country_code = France
D/AndroidRuntime( 4985): setted sales_code = XEF
D/AndroidRuntime( 4985): found sales_code tag = <XEF>, </XEF> 
D/dalvikvm( 4985): creating instr width table
D/dalvikvm( 3909): GC_CONCURRENT freed 415K, 51% free 3001K/6087K, external 0K/0K, paused 2ms+19ms
D/PictureFrame( 4015): updateSlideShow Next - appWidgetId 6
D/PictureFrame( 4015): do not update widget, saved file is under 1
D/LibQmg_native( 4985): register_android_app_LibQmg
D/DeviceEncryption( 4985): JNI: register_android_deviceencryption_DeviceEncryptionManager
D/AndroidRuntime( 4985): Calling main entry com.android.commands.pm.Pm
D/AndroidRuntime( 4985): Shutting down VM
D/dalvikvm( 4985): GC_CONCURRENT freed 464K, 70% free 315K/1024K, external 0K/0K, paused 1ms+0ms
D/jdwp    ( 4985): adbd disconnected
I/DEBUG   ( 2587): tid 4993 does not exist in pid 4985. ignoring debug request
V/ToneGenerator( 2806): ToneGenerator destructor
V/ToneGenerator( 2806): stopTone
V/ToneGenerator( 2806): Clearing mWaveGens:
V/ToneGenerator( 2806): Delete Track: 0x47e7f8
W/Process ( 3909): Unable to open /proc/5012/status
W/Process ( 3909): Unable to open /proc/5013/status
W/Process ( 3909): Unable to open /proc/5018/status
D/PowerManagerService( 2806): onSensorChanged: light value: 100
I/StatusBarManagerService( 2806): UPDATE-PowerTutor , 0x7f020003
I/DBG_WSS_DM( 3404): [wssTelephonyData.java Line:153] getInstance PHONE_TYPE_GSM
I/DBG_WSS_DM( 3404): [wssdmTask.java Line:183] smlTaskHandler SMLMSG_DM_SYNCML_INIT
I/DBG_WSS_DM( 3404): [DMService.java Line:1418] ProtoIsWIFIConnected WiFi DisConnected
I/DBG_WSS_DM( 3404): [wssdminitadapter.java Line:44] smlNetAdpGetNetStatus Network Status is DATA DISCONNECTED!
I/DBG_WSS_DM( 3404): [wssdmTask.java Line:186] smlTaskHandler  Network Status is not ready. DM Not Initialized
E/lights  ( 2806): write_int: path /sys/class/leds/keyboard-backlight/brightness, value 0
D/PowerManagerService( 2806): lightSensorChangedLocked 100
D/PowerManagerService( 2806): lcdValue 69
D/PowerManagerService( 2806): buttonValue 0
D/PowerManagerService( 2806): keyboardValue 0
D/PictureFrame( 4015): updateSlideShow Next - appWidgetId 6
D/PictureFrame( 4015): do not update widget, saved file is under 1
E/BatteryService( 2806): TMU status = 0
D/BatteryService( 2806): update start
D/BatteryService( 2806): updateBattery level:5 scale:100 status:2 health:2 present:true voltage: 3991 temperature: 270 technology: Li-ion AC powered:false USB powered:true icon:17302229
I/StatusBarPolicy( 2926): BAT. S:2 H:2
D/PictureFrame( 4015): updateSlideShow Next - appWidgetId 6
D/PictureFrame( 4015): do not update widget, saved file is under 1
E/com.samsung.app( 3982): [MSC]>>> WeatherWidgetProvider.java:1523 [0:0] Handler:{ what=101 when=-8ms }
E/com.samsung.app( 3982): [MSC]>>> WeatherWidgetProvider.java:1535 [0:0] HANDLER_EVENT_WEATHER_SCROLL : 1
E/com.samsung.app( 3982): [MSC]>>> WidgetIdManager.java:39 [0:0] AccuWeatherClockWidgetID_Length
E/com.samsung.app( 3982): [MSC]>>> WidgetIdManager.java:40 [0:0] getPrefIDs() : length = 1
E/com.samsung.app( 3982): [MSC]>>> WidgetIdManager.java:46 [0:0] getPrefIDs() : Ids1 = 2
E/com.samsung.app( 3982): [MSC]>>> WeatherWidgetProvider.java:1005 [0:0] setWeaterData 2 2130903087 true
E/com.samsung.app( 3982): [MSC]>>> WeatherWidgetProvider.java:1013 [0:0] setWeatherData dbhelper!=null
E/com.samsung.app( 3982): [MSC]>>> WeatherWidgetProvider.java:1015 [0:0] mWeatherCount : 2
E/com.samsung.app( 3982): [MSC]>>> WeatherWidgetProvider.java:1027 [0:0] onReceive Qiryat Yam cityId:213165
E/com.samsung.app( 3982): [MSC]>>> WeatherWidgetProvider.java:1027 [0:0] onReceive Qiryat Bialik cityId:213162
D/dalvikvm( 3909): GC_CONCURRENT freed 395K, 51% free 3024K/6087K, external 0K/0K, paused 1ms+3ms
E/com.samsung.app( 3982): [MSC]>>> WeatherWidgetProvider.java:1631 [0:0] @@@@@ mainLayoutId--> :3
E/com.samsung.app( 3982): [MSC]>>> WeatherWidgetProvider.java:1264 [0:0] =========2
D/dalvikvm( 2806): GC_EXTERNAL_ALLOC freed 1339K, 36% free 8670K/13447K, external 2400K/2407K, paused 131ms
I/WindowOrientationListener( 2806): orientation 23.671452 gives new rotation = 0
I/OrientationDebug( 2806): [pwm] in MyOrientationListener.onOrientationChanged() rotation=0  mFancyRotationAnimation=0   now call mWindowManager.setRotation()
I/OrientationDebug( 2806): [wms] in setRotation() rotation=0 alwaysSendConfiguration=false animFlags=0
I/OrientationDebug( 2806): [wms] in setRotation() now call setRotationUnchecked()
I/WindowOrientationListener( 2806): orientation 23.671452 gives new rotation = 0
D/PictureFrame( 4015): updateSlideShow Next - appWidgetId 6
D/PictureFrame( 4015): do not update widget, saved file is under 1
I/InputReader( 2806): dispatchTouch::touch event's action is 0
I/InputDispatcher( 2806): Delivering touch to current input target: action: 0, channel '40aaed30 com.sec.android.app.twlauncher/com.sec.android.app.twlauncher.Launcher (server)'
I/InputDispatcher( 2806): Delivering touch to current input target: action: 0, channel '40ad0c30 com.android.internal.service.wallpaper.ImageWallpaper (server)'
E/lights  ( 2806): write_int: path /sys/devices/virtual/misc/melfas_touchkey/brightness, value 1
I/PowerManagerService( 2806): Ulight 3->7|0
D/PowerManagerService( 2806): setLightBrightness : mButtonLight : 255
D/AppMenu ( 2994): freeResources 7
I/InputReader( 2806): dispatchTouch::touch event's action is 1
I/InputDispatcher( 2806): Delivering touch to current input target: action: 1, channel '40aaed30 com.sec.android.app.twlauncher/com.sec.android.app.twlauncher.Launcher (server)'
I/InputDispatcher( 2806): Delivering touch to current input target: action: 1, channel '40ad0c30 com.android.internal.service.wallpaper.ImageWallpaper (server)'
E/power   ( 2806): acquire_dvfs_lock entry g_error=0 
I/power   ( 2806): acquire_dvfs_lock level=0 
I/power   ( 2806): acquire_dvfs_lock level=0, duration=1000, val=1000 
D/PowerManagerService( 2806): acquireDVFSlock : level : 0,    timeMS : 1000
E/lights  ( 2806): write_int: path /sys/devices/virtual/misc/melfas_touchkey/brightness, value 2
W/PowerManagerService( 2806): Timer 0x7->0x3|0x0
I/PowerManagerService( 2806): Ulight 7->3|0
D/PowerManagerService( 2806): setLightBrightness : mButtonLight : 0
I/InputReader( 2806): dispatchTouch::touch event's action is 0
I/InputDispatcher( 2806): Delivering touch to current input target: action: 0, channel '40aaed30 com.sec.android.app.twlauncher/com.sec.android.app.twlauncher.Launcher (server)'
I/InputDispatcher( 2806): Delivering touch to current input target: action: 0, channel '40ad0c30 com.android.internal.service.wallpaper.ImageWallpaper (server)'
E/lights  ( 2806): write_int: path /sys/devices/virtual/misc/melfas_touchkey/brightness, value 1
I/PowerManagerService( 2806): Ulight 3->7|0
D/PowerManagerService( 2806): setLightBrightness : mButtonLight : 255
I/InputReader( 2806): dispatchTouch::touch event's action is 1
I/InputDispatcher( 2806): Delivering touch to current input target: action: 1, channel '40aaed30 com.sec.android.app.twlauncher/com.sec.android.app.twlauncher.Launcher (server)'
I/InputDispatcher( 2806): Delivering touch to current input target: action: 1, channel '40ad0c30 com.android.internal.service.wallpaper.ImageWallpaper (server)'
I/AudioPolicyManager( 2592): getSituationVolume: isBTConnected:0 isHeadConnected:0
I/AudioFlinger( 2592): start output streamType (0, 1) for 1
D/AudioHardwareYamaha( 2592): AudioStreamOut::setParameters(keyValuePairs="start_output_streamtype=1")
E/yamaha::media::Parameters( 2592): SalesCode = XEF
E/power   ( 2806): acquire_dvfs_lock entry g_error=0 
I/power   ( 2806): acquire_dvfs_lock level=1 
I/power   ( 2806): acquire_dvfs_lock level=1, duration=1000, val=66536 
D/PowerManagerService( 2806): acquireDVFSlock : level : 1,    timeMS : 1000
I/ActivityManager( 2806): Starting: Intent { act=android.intent.action.MAIN cat=[android.intent.category.LAUNCHER] flg=0x10200000 cmp=org.libsdl.app/.SDLActivity } from pid 2994
E/yamaha::media::Parameters( 2592): SalesCode = XEF
V/LauncherAppWidgetHostView( 2994): dispatchSaveInstanceState: widgetid=1 vid=-1
V/LauncherAppWidgetHostView( 2994): dispatchSaveInstanceState: widgetid=2 vid=-1
V/LauncherAppWidgetHostView( 2994): dispatchSaveInstanceState: widgetid=3 vid=-1
V/LauncherAppWidgetHostView( 2994): dispatchSaveInstanceState: widgetid=5 vid=-1
V/LauncherAppWidgetHostView( 2994): dispatchSaveInstanceState: widgetid=4 vid=-1
V/LauncherAppWidgetHostView( 2994): dispatchSaveInstanceState: widgetid=8 vid=-1
V/LauncherAppWidgetHostView( 2994): dispatchSaveInstanceState: widgetid=7 vid=-1
V/LauncherAppWidgetHostView( 2994): dispatchSaveInstanceState: widgetid=6 vid=-1
E/com.samsung.app( 3982): [MSC]>>> WeatherWidgetProvider.java:303 [0:0] onReceive()@@@ sec.android.intent.action.HOME_PAUSE
E/com.samsung.app( 3982): [MSC]>>> WidgetIdManager.java:39 [0:0] AccuWeatherClockWidgetID_Length
E/com.samsung.app( 3982): [MSC]>>> WidgetIdManager.java:40 [0:0] getPrefIDs() : length = 1
E/com.samsung.app( 3982): [MSC]>>> WidgetIdManager.java:46 [0:0] getPrefIDs() : Ids1 = 2
E/com.samsung.app( 3982): [MSC]>>> WeatherWidgetProvider.java:1511 [0:0] disable handler
E/com.samsung.app( 3982): [MSC]>>> WeatherWidgetProvider.java:1513 [0:0] handler not null
D/PhotoAppWidgetProvider( 4015): OnReceive Start
D/PhotoAppWidgetProvider( 4015): PauseSlideShow Start
D/CalendarAppWidgetProviderAgenda( 3754): ACTION_HOME_PAUSE: false
D/AndroidRuntime( 5028): 
D/AndroidRuntime( 5028): >>>>>> AndroidRuntime START com.android.internal.os.RuntimeInit <<<<<<
D/AndroidRuntime( 5028): CheckJNI is OFF
D/AndroidRuntime( 5028): setted country_code = France
D/AndroidRuntime( 5028): setted sales_code = XEF
D/AndroidRuntime( 5028): found sales_code tag = <XEF>, </XEF> 
D/dalvikvm( 5028): creating instr width table
I/ActivityManager( 2806): Start proc org.libsdl.app for activity org.libsdl.app/.SDLActivity: pid=5030 uid=10178 gids={1015}
I/ALSAModule( 2592): Initialized ALSA PLAYBACK device hifi
W/AudioFlinger( 2592): write blocked for 103 msecs, 3 delayed writes, thread 0x5e518
I/OrientationDebug( 2806): [pwm] in updateOrientationListenerLp()
V/OrientationDebug( 2806): in updateOrientationListenerLp(), Screen status=true, current orientation=-1, SensorEnabled=true
I/OrientationDebug( 2806): [pwm] needSensorRunningLp(), return true #4
V/SDL     ( 5030): Device: GT-I9100
V/SDL     ( 5030): Model: GT-I9100
V/SDL     ( 5030): onCreate(): null
D/dalvikvm( 5030): Trying to load lib /data/data/org.libsdl.app/lib/libSDL2.so 0x4051b658
I/Launcher( 2994): onWindowFocusChanged(false)
D/dalvikvm( 5030): Added shared lib /data/data/org.libsdl.app/lib/libSDL2.so 0x4051b658
D/dalvikvm( 5030): Trying to load lib /data/data/org.libsdl.app/lib/libmain.so 0x4051b658
D/dalvikvm( 5030): Added shared lib /data/data/org.libsdl.app/lib/libmain.so 0x4051b658
D/dalvikvm( 5030): No JNI_OnLoad found in /data/data/org.libsdl.app/lib/libmain.so 0x4051b658, skipping init
I/dalvikvm( 5030): Failed resolving Lorg/libsdl/app/SDLGenericMotionListener_API12; interface 44 'Landroid/view/View$OnGenericMotionListener;'
W/dalvikvm( 5030): Link of class 'Lorg/libsdl/app/SDLGenericMotionListener_API12;' failed
E/dalvikvm( 5030): Could not find class 'org.libsdl.app.SDLGenericMotionListener_API12', referenced from method org.libsdl.app.SDLSurface.<init>
W/dalvikvm( 5030): VFY: unable to resolve new-instance 115 (Lorg/libsdl/app/SDLGenericMotionListener_API12;) in Lorg/libsdl/app/SDLSurface;
D/dalvikvm( 5030): VFY: replacing opcode 0x22 at 0x003a
D/dalvikvm( 5030): VFY: dead code 0x003c-0041 in Lorg/libsdl/app/SDLSurface;.<init> (Landroid/content/Context;)V
D/SensorManager( 5030): ====>>>>>Num Sensor: 1
D/SensorManager( 5030): ====>>>>>Num Sensor: 2
D/SensorManager( 5030): ====>>>>>Num Sensor: 3
D/SensorManager( 5030): ====>>>>>Num Sensor: 4
D/SensorManager( 5030): ====>>>>>Num Sensor: 5
D/SensorManager( 5030): ====>>>>>Num Sensor: 6
D/SensorManager( 5030): ====>>>>>Num Sensor: 7
D/SensorManager( 5030): ====>>>>>Num Sensor: 8
D/SensorManager( 5030): ====>>>>>Num Sensor: 0
V/SDL     ( 5030): onResume()
V/SDL     ( 5030): surfaceCreated()
V/SDL     ( 5030): surfaceChanged()
V/SDL     ( 5030): pixel format RGB_565
V/SDL     ( 5030): Window size: 480x800
E/SensorManager( 5030): registerListener :: handle = 0  name= K3DH Acceleration Sensor delay= 20000 Listener= org.libsdl.app.SDLSurface@40523bd0
E/SensorManager( 5030): =======>>>Sensor Thread RUNNING <<<========
E/SensorManager( 5030): reg :: handle = 0
I/SDL     ( 5030): SDL_Android_Init()
I/SDL     ( 5030): SDL_Android_Init() finished!
D/libEGL  ( 5030): loaded /system/lib/egl/libEGL_mali.so
D/libEGL  ( 5030): loaded /system/lib/egl/libGLESv1_CM_mali.so
D/libEGL  ( 5030): loaded /system/lib/egl/libGLESv2_mali.so
V/SDL     ( 5030): onWindowFocusChanged(): true
D/CLIPBOARD( 2806): Hide Clipboard dialog inside windowGainedFocus() !
D/CLIPBOARD( 5030): Hide Clipboard dialog at Starting input: finished by someone else... !
I/        ( 5030): !@Mali Android API Version : 7 [987161410]
I/ActivityManager( 2806): Displayed org.libsdl.app/.SDLActivity: +264ms
I/AudioFlinger( 2592): stop output streamType (0, 1) for 1
D/AudioHardwareYamaha( 2592): AudioStreamOut::setParameters(keyValuePairs="stop_output_streamtype=1")
D/LibQmg_native( 5028): register_android_app_LibQmg
D/DeviceEncryption( 5028): JNI: register_android_deviceencryption_DeviceEncryptionManager
D/AndroidRuntime( 5028): Calling main entry com.android.commands.am.Am
I/ActivityManager( 2806): Starting: Intent { flg=0x10000000 cmp=com.lenovo.easy.connect/.Splash } from pid 5028
D/PhoneWindow( 5030): couldn't save which view has focus because the focused view org.libsdl.app.SDLSurface@40523bd0 has no id.
V/SDL     ( 5030): onPause()
V/SDL     ( 5030): nativePause()
E/SensorManager( 5030): unregisterListener:: handle = 0 Listener= org.libsdl.app.SDLSurface@40523bd0 name = K3DH Acceleration Sensor
I/ActivityManager( 2806): Start proc com.lenovo.easy.connect for activity com.lenovo.easy.connect/.Splash: pid=5053 uid=10154 gids={1015, 3003, 3002, 3001}
D/AndroidRuntime( 5028): Shutting down VM
D/dalvikvm( 5028): GC_CONCURRENT freed 103K, 67% free 341K/1024K, external 0K/0K, paused 0ms+0ms
D/jdwp    ( 5028): adbd disconnected
D/szipinf ( 5030): Initializing inflate state
D/szipinf ( 5030): Initializing inflate state
I/SDL/APP ( 5030): LoadFileFromDisk  read success 
D/szipinf ( 5030): Initializing zlib to inflate
D/szipinf ( 5030): Initializing inflate state
D/szipinf ( 5030): Initializing inflate state
D/szipinf ( 5030): Initializing zlib to inflate
D/szipinf ( 5030): Initializing inflate state
D/szipinf ( 5030): Initializing inflate state
I/SDL/APP ( 5030): LoadFileFromDisk  read success 
D/szipinf ( 5030): Initializing zlib to inflate
D/szipinf ( 5030): Initializing inflate state
D/szipinf ( 5030): Initializing inflate state
I/OrientationDebug( 2806): [pwm] in updateOrientationListenerLp()
V/OrientationDebug( 2806): in updateOrientationListenerLp(), Screen status=true, current orientation=1, SensorEnabled=true
I/OrientationDebug( 2806): [pwm] needSensorRunningLp(), return true #4
I/ActivityManager( 2806): No longer want com.android.mms (pid 4206): hidden #26
D/dalvikvm( 5053): GC_EXTERNAL_ALLOC freed 52K, 53% free 2571K/5379K, external 0K/0K, paused 21ms
D/dalvikvm( 5053): GC_EXTERNAL_ALLOC freed 1K, 53% free 2572K/5379K, external 1K/513K, paused 19ms
V/WifiProgressStore( 5053): WifiProgressStore Created
I/ActivityManager( 2806): Displayed com.lenovo.easy.connect/.Splash: +306ms
D/CLIPBOARD( 5053): Hide Clipboard dialog at Starting input: finished by someone else... !
V/SDL     ( 5030): onWindowFocusChanged(): false
W/InputManagerService( 2806): Starting input on non-focused client com.android.internal.view.IInputMethodClient$Stub$Proxy@40a84620 (uid=10178 pid=5030)
V/SDL     ( 5030): surfaceDestroyed()
D/dalvikvm( 5030): GC_CONCURRENT freed 456K, 55% free 2565K/5639K, external 0K/0K, paused 1ms+2ms
D/szipinf ( 5030): Initializing zlib to inflate
D/CLIPBOARD( 2994): Hide Clipboard dialog at Starting input: finished by someone else... !
I/dna     ( 5030): ***** Fun with Arrays *****
I/dna     ( 5030): 
I/dna     ( 5030): => Simple Array Creation.
I/dna     ( 5030): 
I/dna     ( 5030): 100
I/dna     ( 5030): 
I/dna     ( 5030): 200
I/dna     ( 5030): 
I/dna     ( 5030): 300
I/dna     ( 5030): 
I/dna     ( 5030): 
I/dna     ( 5030): => Array Initialization.
I/dna     ( 5030): 
I/dna     ( 5030): stringArray has 3 elements
I/dna     ( 5030): 
I/dna     ( 5030): boolArray has 3 elements
I/dna     ( 5030): 
I/dna     ( 5030): intArray has 4 elements
I/dna     ( 5030): 
I/dna     ( 5030): 
I/dna     ( 5030): => Implicit Array Initialization.
I/dna     ( 5030): 
I/dna     ( 5030): a is a: System.Array
I/dna     ( 5030): 
I/dna     ( 5030): b is a: System.Array
I/dna     ( 5030): 
I/dna     ( 5030): c is a: System.Array
I/dna     ( 5030): 
I/dna     ( 5030): 
I/dna     ( 5030): => Array of Objects.
I/dna     ( 5030): 
I/dna     ( 5030): Type: System.Int32, Value: 10
I/dna     ( 5030): 
I/dna     ( 5030): Type: System.Boolean, Value: False
I/dna     ( 5030): 
I/dna     ( 5030): Type: System.DateTime, Value: 03/24/1969 00:00:00
I/dna     ( 5030): 
I/dna     ( 5030): Type: System.String, Value: Form & Void
I/dna     ( 5030): 
I/dna     ( 5030): 
I/dna     ( 5030): => Arrays as params and return values.
I/dna     ( 5030): 
I/dna     ( 5030): Item 0 is 20
I/dna     ( 5030): 
I/dna     ( 5030): Item 1 is 22
I/dna     ( 5030): 
I/dna     ( 5030): Item 2 is 23
I/dna     ( 5030): 
I/dna     ( 5030): Item 3 is 0
I/dna     ( 5030): 
I/dna     ( 5030): Hello
I/dna     ( 5030): 
I/dna     ( 5030): from
I/dna     ( 5030): 
I/dna     ( 5030): GetStringArray
I/dna     ( 5030): 
I/dna     ( 5030): 
I/dna     ( 5030): => Working with System.Array.
I/dna     ( 5030): 
I/dna     ( 5030): -> Here is the array:
I/dna     ( 5030): 
I/dna     ( 5030): Tones on Tail, 
I/dna     ( 5030): Bauhaus, 
I/dna     ( 5030): Sisters of Mercy, 
I/dna     ( 5030): 
I/dna     ( 5030): 
I/dna     ( 5030): -> The reversed array
I/dna     ( 5030): 
I/dna     ( 5030): Sisters of Mercy, 
I/dna     ( 5030): Bauhaus, 
I/dna     ( 5030): Tones on Tail, 
I/dna     ( 5030): 
I/dna     ( 5030): 
I/dna     ( 5030): -> Cleared out all but one...
I/dna     ( 5030): 
I/dna     ( 5030): Sisters of Mercy, 
I/dna     ( 5030): , 
I/dna     ( 5030): , 
I/dna     ( 5030): 
I/dna     ( 5030): **** Fun with Enums *****
I/dna     ( 5030): 
I/dna     ( 5030): You already get enough cash...
I/dna     ( 5030): 
I/dna     ( 5030): emp is a Contractor.
I/dna     ( 5030): 
I/dna     ( 5030): Contractor = 2
I/dna     ( 5030): 
I/dna     ( 5030): => Information about EmpType
I/dna     ( 5030): 
I/dna     ( 5030): This enum has 4 members.
I/dna     ( 5030): 
I/dna     ( 5030): Name: 0, Value: 0
I/dna     ( 5030): 
I/dna     ( 5030): Name: 1, Value: 1
I/dna     ( 5030): 
I/dna     ( 5030): Name: 2, Value: 2
I/dna     ( 5030): 
I/dna     ( 5030): Name: 3, Value: 3
I/dna     ( 5030): 
I/dna     ( 5030): 
I/dna     ( 5030): => Information about DayOfWeek
I/dna     ( 5030): 
I/dna     ( 5030): This enum has 7 members.
I/dna     ( 5030): 
I/dna     ( 5030): Name: 0, Value: 0
I/dna     ( 5030): 
I/dna     ( 5030): Name: 1, Value: 1
I/dna     ( 5030): 
I/dna     ( 5030): Name: 2, Value: 2
I/dna     ( 5030): 
I/dna     ( 5030): Name: 3, Value: 3
I/dna     ( 5030): 
I/dna     ( 5030): Name: 4, Value: 4
I/dna     ( 5030): 
I/dna     ( 5030): Name: 5, Value: 5
I/dna     ( 5030): 
I/dna     ( 5030): Name: 6, Value: 6
I/dna     ( 5030): 
I/dna     ( 5030): 
I/dna     ( 5030): ***** Fun with Methods *****
I/dna     ( 5030): 
I/dna     ( 5030): Before call: X: 9, Y: 10
I/dna     ( 5030): 
I/dna     ( 5030): Answer is: 19
I/dna     ( 5030): 
I/dna     ( 5030): After call: X: 9, Y: 10
I/dna     ( 5030): 
I/dna     ( 5030): 
I/dna     ( 5030): 90 + 90 = 180
I/dna     ( 5030): 
I/dna     ( 5030): Int is: 9
I/dna     ( 5030): 
I/dna     ( 5030): String is: Enjoy your string.
I/dna     ( 5030): 
I/dna     ( 5030): Boolean is: True
I/dna     ( 5030): 
I/dna     ( 5030): 
I/dna     ( 5030): Before: Flip, Flop 
I/dna     ( 5030): 
I/dna     ( 5030): After: Flop, Flip 
I/dna     ( 5030): 
I/dna     ( 5030): 
I/dna     ( 5030): You sent me 5 doubles.
I/dna     ( 5030): 
I/dna     ( 5030): Average of data is: 32.864
I/dna     ( 5030): 
I/dna     ( 5030): You sent me 3 doubles.
I/dna     ( 5030): 
I/dna     ( 5030): Average of data is: 4.3
I/dna     ( 5030): 
I/dna     ( 5030): You sent me 0 doubles.
I/dna     ( 5030): 
I/dna     ( 5030): Average of data is: 0
I/dna     ( 5030): 
I/dna     ( 5030): 
I/dna     ( 5030): Error: Oh no! Grid can't find data
I/dna     ( 5030): 
I/dna     ( 5030): Owner of Error: Programmer
I/dna     ( 5030): 
I/dna     ( 5030): Error: Oh no! I can't find the payroll data
I/dna     ( 5030): 
I/dna     ( 5030): Owner of Error: CFO
I/dna     ( 5030): 
I/dna     ( 5030): 
I/dna     ( 5030): ***** Fun with Nullable Data *****
I/dna     ( 5030): 
I/dna     ( 5030): Value of myData: 100
I/dna     ( 5030): 
I/dna     ( 5030): Value of 'i' is: 10
I/dna     ( 5030): 
I/dna     ( 5030): Value of 'b' is: True
I/dna     ( 5030): 
I/dna     ( 5030): ***** A First Look at Structures *****
I/dna     ( 5030): 
I/dna     ( 5030): X = 349, Y = 76
I/dna     ( 5030): 
I/dna     ( 5030): X = 50, Y = 60
I/dna     ( 5030): 
I/dna     ( 5030): X = 350, Y = 77
I/dna     ( 5030): 
I/dna     ( 5030): X = 49, Y = 59
I/dna     ( 5030): 
I/dna     ( 5030): ***** Fun with Method Overloading *****
I/dna     ( 5030): 
I/dna     ( 5030): 20
I/dna     ( 5030): 
I/dna     ( 5030): 1800000000000
I/dna     ( 5030): 
I/dna     ( 5030): 8.7
I/dna     ( 5030): 
I/dna     ( 5030): ***** Passing Person object by value *****
I/dna     ( 5030): 
I/dna     ( 5030): 
I/dna     ( 5030): Before by value call, Person is:
I/dna     ( 5030): 
I/dna     ( 5030): Name: Fred, Age: 12
I/dna     ( 5030): 
I/dna     ( 5030): 
I/dna     ( 5030): After by value call, Person is:
I/dna     ( 5030): 
I/dna     ( 5030): Name: Fred, Age: 99
I/dna     ( 5030): 
I/dna     ( 5030): Before by ref call, Person is:
I/dna     ( 5030): 
I/dna     ( 5030): Name: Mel, Age: 23
I/dna     ( 5030): 
I/dna     ( 5030): After by ref call, Person is:
I/dna     ( 5030): 
I/dna     ( 5030): Name: Nikki, Age: 999
I/dna     ( 5030): 
I/dna     ( 5030): ***** Fun with value types and reference types *****
I/dna     ( 5030): 
I/dna     ( 5030): Assigning value types
I/dna     ( 5030): 
I/dna     ( 5030): X = 10, Y = 10
I/dna     ( 5030): 
I/dna     ( 5030): X = 10, Y = 10
I/dna     ( 5030): 
I/dna     ( 5030): 
I/dna     ( 5030): => Changed p1.X
I/dna     ( 5030): 
I/dna     ( 5030): X = 100, Y = 10
I/dna     ( 5030): 
I/dna     ( 5030): X = 10, Y = 10
I/dna     ( 5030): 
I/dna     ( 5030): Assigning reference types
I/dna     ( 5030): 
I/dna     ( 5030): X = 10, Y = 10
I/dna     ( 5030): 
I/dna     ( 5030): X = 10, Y = 10
I/dna     ( 5030): 
I/dna     ( 5030): 
I/dna     ( 5030): => Changed p1.X
I/dna     ( 5030): 
I/dna     ( 5030): X = 100, Y = 10
I/dna     ( 5030): 
I/dna     ( 5030): X = 100, Y = 10
I/dna     ( 5030): 
I/dna     ( 5030): -> Creating r1
I/dna     ( 5030): 
I/dna     ( 5030): -> Assigning r2 to r1
I/dna     ( 5030): 
I/dna     ( 5030): -> Changing values of r2
I/dna     ( 5030): 
I/dna     ( 5030): String = This is new info!, Top = 10, Bottom = 50, Left = 10, Right = 50
I/dna     ( 5030): 
I/dna     ( 5030): String = This is new info!, Top = 10, Bottom = 4444, Left = 10, Right = 50
I/dna     ( 5030): 
I/dna     ( 5030): ***** Fun with Automatic Properties *****
I/dna     ( 5030): 
I/dna     ( 5030): Car Name: Frank
I/dna     ( 5030): 
I/dna     ( 5030): Speed: 55
I/dna     ( 5030): 
I/dna     ( 5030): Color: Red
I/dna     ( 5030): 
I/dna     ( 5030): Number of Cars in garage: 1
I/dna     ( 5030): 
I/dna     ( 5030): Your car is named: Frank
I/dna     ( 5030): 
I/dna     ( 5030): ***** Fun with Const *****
I/dna     ( 5030): 
I/dna     ( 5030): The value of PI is: 3.14
I/dna     ( 5030): 
I/dna     ( 5030): ***** Fun with Encapsulation *****
I/dna     ( 5030): 
I/dna     ( 5030): Name: Marvin
I/dna     ( 5030): 
I/dna     ( 5030): ID: 456
I/dna     ( 5030): 
I/dna     ( 5030): Age: 45
I/dna     ( 5030): 
I/dna     ( 5030): Pay: 31000
I/dna     ( 5030): 
I/dna     ( 5030): Employee is named: Marv
I/dna     ( 5030): 
I/dna     ( 5030): Error!  Name must be less than 15 characters!
I/dna     ( 5030): 
I/dna     ( 5030): ***** Fun with Encapsulation EmployeeAppPartial *****
I/dna     ( 5030): 
I/dna     ( 5030): Name: Marvin
I/dna     ( 5030): 
I/dna     ( 5030): ID: 456
I/dna     ( 5030): 
I/dna     ( 5030): Age: 0
I/dna     ( 5030): 
I/dna     ( 5030): Pay: 31000
I/dna     ( 5030): 
I/dna     ( 5030): Employee is named: Marv
I/dna     ( 5030): 
I/dna     ( 5030): Error!  Name must be less than 15 characters!
I/dna     ( 5030): 
I/dna     ( 5030): ***** Fun with Object Init Syntax *****
I/dna     ( 5030): 
I/dna     ( 5030): [10, 10]
I/dna     ( 5030): 
I/dna     ( 5030): Point is BloodRed
I/dna     ( 5030): 
I/dna     ( 5030): [20, 20]
I/dna     ( 5030): 
I/dna     ( 5030): Point is Gold
I/dna     ( 5030): 
I/dna     ( 5030): [30, 30]
I/dna     ( 5030): 
I/dna     ( 5030): Point is BloodRed
I/dna     ( 5030): 
I/dna     ( 5030): [90, 20]
I/dna     ( 5030): 
I/dna     ( 5030): Point is Gold
I/dna     ( 5030): 
I/dna     ( 5030): [TopLeft: 10, 10, BloodRed BottomRight: 200, 200, BloodRed]
I/dna     ( 5030): 
I/dna     ( 5030): ***** Fun with Class Types *****
I/dna     ( 5030): 
I/dna     ( 5030): Yeeeeeee Haaaaaeewww!
I/dna     ( 5030): 
I/dna     ( 5030): 
I/dna     ( 5030): Yeeeeeee Haaaaaeewww!
I/dna     ( 5030): 
I/dna     ( 5030): Yeeeeeee Haaaaaeewww!
I/dna     ( 5030): 
I/dna     ( 5030): Yeeeeeee Haaaaaeewww!
I/dna     ( 5030): 
I/dna     ( 5030): Yeeeeeee Haaaaaeewww!
I/dna     ( 5030): 
I/dna     ( 5030): Yeeeeeee Haaaaaeewww!
I/dna     ( 5030): 
I/dna     ( 5030): Yeeeeeee Haaaaaeewww!
I/dna     ( 5030): 
I/dna     ( 5030): Rider name is Tiny
I/dna     ( 5030): 
I/dna     ( 5030): 
I/dna     ( 5030): Chuck is going 10 MPH.
I/dna     ( 5030): 
I/dna     ( 5030): Mary is going 0 MPH.
I/dna     ( 5030): 
I/dna     ( 5030): Daisy is going 75 MPH.
I/dna     ( 5030): 
I/dna     ( 5030): 
I/dna     ( 5030): Henry is going 15 MPH.
I/dna     ( 5030): 
I/dna     ( 5030): Henry is going 20 MPH.
I/dna     ( 5030): 
I/dna     ( 5030): Henry is going 25 MPH.
I/dna     ( 5030): 
I/dna     ( 5030): Henry is going 30 MPH.
I/dna     ( 5030): 
I/dna     ( 5030): Henry is going 35 MPH.
I/dna     ( 5030): 
I/dna     ( 5030): Henry is going 40 MPH.
I/dna     ( 5030): 
I/dna     ( 5030): Henry is going 45 MPH.
I/dna     ( 5030): 
I/dna     ( 5030): Henry is going 50 MPH.
I/dna     ( 5030): 
I/dna     ( 5030): Henry is going 55 MPH.
I/dna     ( 5030): 
I/dna     ( 5030): Henry is going 60 MPH.
I/dna     ( 5030): 
I/dna     ( 5030): Henry is going 65 MPH.
I/dna     ( 5030): 
I/dna     ( 5030): 
I/dna     ( 5030): Name= , Intensity= 0
I/dna     ( 5030): 
I/dna     ( 5030): Name= Tiny, Intensity= 0
I/dna     ( 5030): 
I/dna     ( 5030): Name= , Intensity= 7
I/dna     ( 5030): 
I/dna     ( 5030): ***** Fun with Static Classes *****
I/dna     ( 5030): 
I/dna     ( 5030): 04/13/2001 11:30:10
I/dna     ( 5030): 
I/dna     ( 5030): 04/13/2001 11:30:10
I/dna     ( 5030): 
I/dna     ( 5030): ***** Fun with Static Data *****
I/dna     ( 5030): 
I/dna     ( 5030): In static ctor!
I/dna     ( 5030): 
I/dna     ( 5030): Interest Rate is: 0.04
I/dna     ( 5030): 
I/dna     ( 5030): Interest Rate is: 0.08
I/dna     ( 5030): 
I/dna     ( 5030): ***** Basic Inheritance *****
I/dna     ( 5030): 
I/dna     ( 5030): My car is going 50 MPH
I/dna     ( 5030): 
I/dna     ( 5030): My van is going 10 MPH
I/dna     ( 5030): 
I/dna     ( 5030): ***** The Employee Class Hierarchy *****
I/dna     ( 5030): 
I/dna     ( 5030): Name: Chucky
I/dna     ( 5030): 
I/dna     ( 5030): ID: 92
I/dna     ( 5030): 
I/dna     ( 5030): Age: 50
I/dna     ( 5030): 
I/dna     ( 5030): Pay: 100300
I/dna     ( 5030): 
I/dna     ( 5030): SSN: 333-23-2322
I/dna     ( 5030): 
I/dna     ( 5030): Number of Stock Options: 9313
I/dna     ( 5030): 
I/dna     ( 5030): 
I/dna     ( 5030): Name: Fran
I/dna     ( 5030): 
I/dna     ( 5030): ID: 93
I/dna     ( 5030): 
I/dna     ( 5030): Age: 43
I/dna     ( 5030): 
I/dna     ( 5030): Pay: 5000
I/dna     ( 5030): 
I/dna     ( 5030): SSN: 932-32-3232
I/dna     ( 5030): 
I/dna     ( 5030): Number of Sales: 31
I/dna     ( 5030): 
I/dna     ( 5030): 
I/dna     ( 5030): Frank Zappa was promoted!
I/dna     ( 5030): 
I/dna     ( 5030): Frank Zappa had 5 stock options...
I/dna     ( 5030): 
I/dna     ( 5030): 
I/dna     ( 5030): MoonUnit Zappa was promoted!
I/dna     ( 5030): 
I/dna     ( 5030): MoonUnit Zappa had 1 stock options...
I/dna     ( 5030): 
I/dna     ( 5030): 
I/dna     ( 5030): Jill was promoted!
I/dna     ( 5030): 
I/dna     ( 5030): Jill made 90 sale(s)!
I/dna     ( 5030): 
I/dna     ( 5030): 
I/dna     ( 5030): ***** Fun with System.Object *****
I/dna     ( 5030): 
I/dna     ( 5030): p1.ToString() = [First Name: Homer; Last Name: Simpson; Age: 50]
I/dna     ( 5030): 
I/dna     ( 5030): p2.ToString() = [First Name: Homer; Last Name: Simpson; Age: 50]
I/dna     ( 5030): 
I/dna     ( 5030): p1 = p2?: True
I/dna     ( 5030): 
I/dna     ( 5030): Same hash codes?: True
I/dna     ( 5030): 
I/dna     ( 5030): 
I/dna     ( 5030): p1.ToString() = [First Name: Homer; Last Name: Simpson; Age: 50]
I/dna     ( 5030): 
I/dna     ( 5030): p2.ToString() = [First Name: Homer; Last Name: Simpson; Age: 45]
I/dna     ( 5030): 
I/dna     ( 5030): p1 = p2?: False
I/dna     ( 5030): 
I/dna     ( 5030): Same hash codes?: False
I/dna     ( 5030): 
I/dna     ( 5030): 
I/dna     ( 5030): P3 and P4 have same state: True
I/dna     ( 5030): 
I/dna     ( 5030): P3 and P4 are pointing to same object: False
I/dna     ( 5030): 
I/dna     ( 5030): ***** Fun with Polymorphism *****
I/dna     ( 5030): 
I/dna     ( 5030): Drawing  the Hexagon
I/dna     ( 5030): 
I/dna     ( 5030): Drawing  the Circle
I/dna     ( 5030): 
I/dna     ( 5030): Drawing Mick the Hexagon
I/dna     ( 5030): 
I/dna     ( 5030): Drawing Beth the Circle
I/dna     ( 5030): 
I/dna     ( 5030): Drawing Linda the Hexagon
I/dna     ( 5030): 
I/dna     ( 5030): Drawing a 3D Circle
I/dna     ( 5030): 
I/dna     ( 5030): Drawing  the Circle
I/dna     ( 5030): 
I/dna     ( 5030): ***** Fun with Object Cloning *****
I/dna     ( 5030): 
I/dna     ( 5030): Cloned p3 and stored new Point in p4
I/dna     ( 5030): 
I/dna     ( 5030): Before modification:
I/dna     ( 5030): 
I/dna     ( 5030): p3: X = 100; Y = 100; Name = Jane;
I/dna     ( 5030): ID = 66011f51-d054-4299-8749-eca6f9493317
I/dna     ( 5030): 
I/dna     ( 5030): p4: X = 100; Y = 100; Name = Jane;
I/dna     ( 5030): ID = 21099e79-c6aa-49cb-b585-03bd4f45f55f
I/dna     ( 5030): 
I/dna     ( 5030): 
I/dna     ( 5030): Changed p4.desc.petName and p4.X
I/dna     ( 5030): 
I/dna     ( 5030): After modification:
I/dna     ( 5030): 
I/dna     ( 5030): p3: X = 100; Y = 100; Name = Jane;
I/dna     ( 5030): ID = 66011f51-d054-4299-8749-eca6f9493317
I/dna     ( 5030): 
I/dna     ( 5030): p4: X = 9; Y = 100; Name = My new Point;
I/dna     ( 5030): ID = 21099e79-c6aa-49cb-b585-03bd4f45f55f
I/dna     ( 5030): 
I/dna     ( 5030): ***** Fun with Object Sorting *****
I/dna     ( 5030): 
I/dna     ( 5030): Here is the unordered set of cars:
I/dna     ( 5030): 
I/dna     ( 5030): 1 Rusty
I/dna     ( 5030): 
I/dna     ( 5030): 234 Mary
I/dna     ( 5030): 
I/dna     ( 5030): 34 Viper
I/dna     ( 5030): 
I/dna     ( 5030): 4 Mel
I/dna     ( 5030): 
I/dna     ( 5030): 5 Chucky
I/dna     ( 5030): 
I/dna     ( 5030): 
I/dna     ( 5030): Here is the ordered set of cars:
I/dna     ( 5030): 
I/dna     ( 5030): 1 Rusty
I/dna     ( 5030): 
I/dna     ( 5030): 4 Mel
I/dna     ( 5030): 
I/dna     ( 5030): 5 Chucky
I/dna     ( 5030): 
I/dna     ( 5030): 34 Viper
I/dna     ( 5030): 
I/dna     ( 5030): 234 Mary
I/dna     ( 5030): 
I/dna     ( 5030): 
I/dna     ( 5030): Ordering by pet name:
I/dna     ( 5030): 
I/dna     ( 5030): 5 Chucky
I/dna     ( 5030): 
I/dna     ( 5030): 234 Mary
I/dna     ( 5030): 
I/dna     ( 5030): 4 Mel
I/dna     ( 5030): 
I/dna     ( 5030): 1 Rusty
I/dna     ( 5030): 
I/dna     ( 5030): 34 Viper
I/dna     ( 5030): 
I/dna     ( 5030): ***** Fun with Action and Func *****
I/dna     ( 5030): 
I/dna     ( 5030): Action Message!
I/dna     ( 5030): 
I/dna     ( 5030): Action Message!
I/dna     ( 5030): 
I/dna     ( 5030): Action Message!
I/dna     ( 5030): 
I/dna     ( 5030): Action Message!
I/dna     ( 5030): 
I/dna     ( 5030): Action Message!
I/dna     ( 5030): 
I/dna     ( 5030): 40 + 40 = 80
I/dna     ( 5030): 
I/dna     ( 5030): 390
I/dna     ( 5030): 
I/dna     ( 5030): ***** Anonymous Methods *****
I/dna     ( 5030): 
I/dna     ( 5030): CurrentSpeed = 30
I/dna     ( 5030): 
I/dna     ( 5030): CurrentSpeed = 50
I/dna     ( 5030): 
I/dna     ( 5030): CurrentSpeed = 70
I/dna     ( 5030): 
I/dna     ( 5030): Eek! Going too fast!
I/dna     ( 5030): 
I/dna     ( 5030): Message from Car: Careful buddy!  Gonna blow!
I/dna     ( 5030): 
I/dna     ( 5030): CurrentSpeed = 90
I/dna     ( 5030): 
I/dna     ( 5030): Fatal Message from Car: Sorry, this car is dead...
I/dna     ( 5030): 
I/dna     ( 5030): AboutToBlow event was fired 2 times.
I/dna     ( 5030): 
I/dna     ( 5030): ***** Delegates as event enablers *****
I/dna     ( 5030): 
I/dna     ( 5030): ***** Speeding up *****
I/dna     ( 5030): 
I/dna     ( 5030): CurrentSpeed = 30
I/dna     ( 5030): 
I/dna     ( 5030): CurrentSpeed = 50
I/dna     ( 5030): 
I/dna     ( 5030): CurrentSpeed = 70
I/dna     ( 5030): 
I/dna     ( 5030): 
I/dna     ( 5030): ***** Message From Car Object *****
I/dna     ( 5030): 
I/dna     ( 5030): => Careful buddy!  Gonna blow!
I/dna     ( 5030): 
I/dna     ( 5030): ***********************************
I/dna     ( 5030): 
I/dna     ( 5030): CurrentSpeed = 90
I/dna     ( 5030): 
I/dna     ( 5030): 
I/dna     ( 5030): ***** Message From Car Object *****
I/dna     ( 5030): 
I/dna     ( 5030): => Sorry, this car is dead...
I/dna     ( 5030): 
I/dna     ( 5030): ***********************************
I/dna     ( 5030): 
I/dna     ( 5030): ***** Speeding up *****
I/dna     ( 5030): 
I/dna     ( 5030): 
I/dna     ( 5030): ***** Message From Car Object *****
I/dna     ( 5030): 
I/dna     ( 5030): => Sorry, this car is dead...
I/dna     ( 5030): 
I/dna     ( 5030): ***********************************
I/dna     ( 5030): 
I/dna     ( 5030): 
I/dna     ( 5030): ***** Message From Car Object *****
I/dna     ( 5030): 
I/dna     ( 5030): => Sorry, this car is dead...
I/dna     ( 5030): 
I/dna     ( 5030): ***********************************
I/dna     ( 5030): 
I/dna     ( 5030): 
I/dna     ( 5030): ***** Message From Car Object *****
I/dna     ( 5030): 
I/dna     ( 5030): => Sorry, this car is dead...
I/dna     ( 5030): 
I/dna     ( 5030): ***********************************
I/dna     ( 5030): 
I/dna     ( 5030): 
I/dna     ( 5030): ***** Message From Car Object *****
I/dna     ( 5030): 
I/dna     ( 5030): => Sorry, this car is dead...
I/dna     ( 5030): 
I/dna     ( 5030): ***********************************
I/dna     ( 5030): 
I/dna     ( 5030): 
I/dna     ( 5030): ***** Message From Car Object *****
I/dna     ( 5030): 
I/dna     ( 5030): => Sorry, this car is dead...
I/dna     ( 5030): 
I/dna     ( 5030): ***********************************
I/dna     ( 5030): 
I/dna     ( 5030): 
I/dna     ( 5030): ***** Message From Car Object *****
I/dna     ( 5030): 
I/dna     ( 5030): => Sorry, this car is dead...
I/dna     ( 5030): 
I/dna     ( 5030): ***********************************
I/dna     ( 5030): 
I/dna     ( 5030): ***** Method Group Conversion *****
I/dna     ( 5030): 
I/dna     ( 5030): ***** Speeding up *****
I/dna     ( 5030): 
I/dna     ( 5030): CurrentSpeed = 20
I/dna     ( 5030): 
I/dna     ( 5030): CurrentSpeed = 40
I/dna     ( 5030): 
I/dna     ( 5030): CurrentSpeed = 60
I/dna     ( 5030): 
I/dna     ( 5030): CurrentSpeed = 80
I/dna     ( 5030): 
I/dna     ( 5030): => Message from Car: Sorry, this car is dead...
I/dna     ( 5030): 
I/dna     ( 5030): ***** More Fun with Lambdas *****
I/dna     ( 5030): 
I/dna     ( 5030): 
I/dna     ( 5030): ***** Speeding up *****
I/dna     ( 5030): 
I/dna     ( 5030): CurrentSpeed = 30
I/dna     ( 5030): 
I/dna     ( 5030): CurrentSpeed = 50
I/dna     ( 5030): 
I/dna     ( 5030): CurrentSpeed = 70
I/dna     ( 5030): 
I/dna     ( 5030): Careful buddy!  Gonna blow!
I/dna     ( 5030): 
I/dna     ( 5030): CurrentSpeed = 90
I/dna     ( 5030): 
I/dna     ( 5030): Sorry, this car is dead...
I/dna     ( 5030): 
I/dna     ( 5030): ***** Fun with Events *****
I/dna     ( 5030): 
I/dna     ( 5030): ***** Speeding up *****
I/dna     ( 5030): 
I/dna     ( 5030): CurrentSpeed = 30
I/dna     ( 5030): 
I/dna     ( 5030): CurrentSpeed = 50
I/dna     ( 5030): 
I/dna     ( 5030): CurrentSpeed = 70
I/dna     ( 5030): 
I/dna     ( 5030): => Critical Message from Car: Careful buddy!  Gonna blow!
I/dna     ( 5030): 
I/dna     ( 5030): Careful buddy!  Gonna blow!
I/dna     ( 5030): 
I/dna     ( 5030): CurrentSpeed = 90
I/dna     ( 5030): 
I/dna     ( 5030): Sorry, this car is dead...
I/dna     ( 5030): 
I/dna     ( 5030): 
I/dna     ( 5030): ***** Speeding up *****
I/dna     ( 5030): 
I/dna     ( 5030): ***** Generic Delegates *****
I/dna     ( 5030): 
I/dna     ( 5030): arg in uppercase is: some string data
I/dna     ( 5030): 
I/dna     ( 5030): ++arg is: 10
I/dna     ( 5030): 
I/dna     ( 5030): ***** Fun with Events *****
I/dna     ( 5030): 
I/dna     ( 5030): ***** Speeding up *****
I/dna     ( 5030): 
I/dna     ( 5030): CurrentSpeed = 30
I/dna     ( 5030): 
I/dna     ( 5030): CurrentSpeed = 50
I/dna     ( 5030): 
I/dna     ( 5030): CurrentSpeed = 70
I/dna     ( 5030): 
I/dna     ( 5030): Critical Message from SlugBug: Careful buddy!  Gonna blow!
I/dna     ( 5030): 
I/dna     ( 5030): CurrentSpeed = 90
I/dna     ( 5030): 
I/dna     ( 5030): Sorry, this car is dead...
I/dna     ( 5030): 
I/dna     ( 5030): 
I/dna     ( 5030): ***** Speeding up *****
I/dna     ( 5030): 
I/dna     ( 5030): Message: Adding has completed!, Result: 20
I/dna     ( 5030): 
I/dna     ( 5030): ***** Fun with Events *****
I/dna     ( 5030): 
I/dna     ( 5030): ***** Speeding up *****
I/dna     ( 5030): 
I/dna     ( 5030): CurrentSpeed = 30
I/dna     ( 5030): 
I/dna     ( 5030): CurrentSpeed = 50
I/dna     ( 5030): 
I/dna     ( 5030): CurrentSpeed = 70
I/dna     ( 5030): 
I/dna     ( 5030): Critical Message from SlugBug: Careful buddy!  Gonna blow!
I/dna     ( 5030): 
I/dna     ( 5030): CurrentSpeed = 90
I/dna     ( 5030): 
I/dna     ( 5030): Sorry, this car is dead...
I/dna     ( 5030): 
I/dna     ( 5030): 
I/dna     ( 5030): ***** Speeding up *****
I/dna     ( 5030): 
I/dna     ( 5030): ***** Agh!  No Encapsulation! *****
I/dna     ( 5030): 
I/dna     ( 5030): Sorry, this car is dead...
I/dna     ( 5030): 
I/dna     ( 5030): Sorry, this car is dead...
I/dna     ( 5030): 
I/dna     ( 5030): hee, hee, hee...
I/dna     ( 5030): 
I/dna     ( 5030): ***** Fun with Lambdas *****
I/dna     ( 5030): 
I/dna     ( 5030): Here are your even numbers:
I/dna     ( 5030): 
I/dna     ( 5030): 20	
I/dna     ( 5030): 4	
I/dna     ( 5030): 8	
I/dna     ( 5030): 44	
I/dna     ( 5030): 
I/dna     ( 5030): Here are your even numbers:
I/dna     ( 5030): 
I/dna     ( 5030): 20	
I/dna     ( 5030): 4	
I/dna     ( 5030): 8	
I/dna     ( 5030): 44	
I/dna     ( 5030): 
I/dna     ( 5030): 
I/dna     ( 5030): value of i is currently: 20
I/dna     ( 5030): 
I/dna     ( 5030): value of i is currently: 1
I/dna     ( 5030): 
I/dna     ( 5030): value of i is currently: 4
I/dna     ( 5030): 
I/dna     ( 5030): value of i is currently: 8
I/dna     ( 5030): 
I/dna     ( 5030): value of i is currently: 9
I/dna     ( 5030): 
I/dna     ( 5030): value of i is currently: 44
I/dna     ( 5030): 
I/dna     ( 5030): Here are your even numbers:
I/dna     ( 5030): 
I/dna     ( 5030): 20	
I/dna     ( 5030): 4	
I/dna     ( 5030): 8	
I/dna     ( 5030): 44	
I/dna     ( 5030): 
I/dna     ( 5030): ***** Fun with Anonymous Types *****
I/dna     ( 5030): 
E/yamaha::media::Parameters( 2592): SalesCode = XEF
I/dna     ( 5030): obj is an instance of: <>f__AnonymousType0`3[System.String,System.String,System.Int32]
I/dna     ( 5030): 
I/dna     ( 5030): Base class of <>f__AnonymousType0`3[System.String,System.String,System.Int32] is System.Object
I/dna     ( 5030): 
I/dna     ( 5030): obj.ToString() == { Color = Bright Pink, Make = Saab, CurrentSpeed = 55 }
I/dna     ( 5030): 
I/dna     ( 5030): obj.GetHashCode() == 44221240
I/dna     ( 5030): 
I/dna     ( 5030): 
I/dna     ( 5030): My car is a Bright Pink Saab.
I/dna     ( 5030): 
I/dna     ( 5030): You have a Black BMW going 90 MPH
I/dna     ( 5030): 
I/dna     ( 5030): ToString() == { Make = BMW, Color = Black, Speed = 90 }
I/dna     ( 5030): 
I/dna     ( 5030): Same anonymous object!
I/dna     ( 5030): 
I/dna     ( 5030): Not the same anonymous object!
I/dna     ( 5030): 
I/dna     ( 5030): We are both the same type!
I/dna     ( 5030): 
I/dna     ( 5030): 
I/dna     ( 5030): obj is an instance of: <>f__AnonymousType0`3[System.String,System.String,System.Int32]
I/dna     ( 5030): 
I/dna     ( 5030): Base class of <>f__AnonymousType0`3[System.String,System.String,System.Int32] is System.Object
I/dna     ( 5030): 
I/dna     ( 5030): obj.ToString() == { Color = Bright Pink, Make = Saab, CurrentSpeed = 55 }
I/dna     ( 5030): 
I/dna     ( 5030): obj.GetHashCode() == 44221240
I/dna     ( 5030): 
I/dna     ( 5030): 
I/dna     ( 5030): obj is an instance of: <>f__AnonymousType0`3[System.String,System.String,System.Int32]
I/dna     ( 5030): 
I/dna     ( 5030): Base class of <>f__AnonymousType0`3[System.String,System.String,System.Int32] is System.Object
I/dna     ( 5030): 
I/dna     ( 5030): obj.ToString() == { Color = Bright Pink, Make = Saab, CurrentSpeed = 55 }
I/dna     ( 5030): 
I/dna     ( 5030): obj.GetHashCode() == 44221240
I/dna     ( 5030): 
I/dna     ( 5030): 
I/dna     ( 5030): ***** Fun with Overloaded Operators *****
I/dna     ( 5030): 
I/dna     ( 5030): ptOne = [100, 100]
I/dna     ( 5030): 
I/dna     ( 5030): ptTwo = [40, 40]
I/dna     ( 5030): 
I/dna     ( 5030): 
I/dna     ( 5030): ptOne + ptTwo: [140, 140] 
I/dna     ( 5030): 
I/dna     ( 5030): ptOne - ptTwo: [60, 60] 
I/dna     ( 5030): 
I/dna     ( 5030): 
I/dna     ( 5030): ptOne + 10 = [110, 110]
I/dna     ( 5030): 
I/dna     ( 5030): 10 + biggerPoint = [120, 120]
I/dna     ( 5030): 
I/dna     ( 5030): 
I/dna     ( 5030): ptThree = [90, 5]
I/dna     ( 5030): 
I/dna     ( 5030): ptThree += ptTwo: [130, 45]
I/dna     ( 5030): 
I/dna     ( 5030): 
I/dna     ( 5030): ptFour = [0, 500]
I/dna     ( 5030): 
I/dna     ( 5030): ptFour -= ptThree: [-130, 455]
I/dna     ( 5030): 
I/dna     ( 5030): 
I/dna     ( 5030): ++ptFive = [2, 2]
I/dna     ( 5030): 
I/dna     ( 5030): --ptFive = [1, 1]
I/dna     ( 5030): 
I/dna     ( 5030): 
I/dna     ( 5030): ptSix++ = [20, 20]
I/dna     ( 5030): 
I/dna     ( 5030): ptSix-- = [21, 21]
I/dna     ( 5030): 
I/dna     ( 5030): 
I/dna     ( 5030): ptOne == ptTwo : False
I/dna     ( 5030): 
I/dna     ( 5030): ptOne != ptTwo : True
I/dna     ( 5030): 
I/dna     ( 5030): 
I/dna     ( 5030): ptOne < ptTwo : False
I/dna     ( 5030): 
I/dna     ( 5030): ptOne > ptTwo : True
I/dna     ( 5030): 
I/dna     ( 5030): ***** Fun with Indexers *****
I/dna     ( 5030): 
I/dna     ( 5030): Name: Homer Simpson, Age: 40
I/dna     ( 5030): 
I/dna     ( 5030): ***** Adding with Thread objects *****
I/dna     ( 5030): 
I/dna     ( 5030): ID of thread in Main(): 1
I/dna     ( 5030): 
I/dna     ( 5030): Other thread is done!
I/dna     ( 5030): 
I/dna     ( 5030): ***** The Amazing Thread App *****
I/dna     ( 5030): 
I/dna     ( 5030): -> Primary is executing Main()
I/dna     ( 5030): 
I/dna     ( 5030): *****Synchronizing Threads *****
I/dna     ( 5030): 
I/dna     ( 5030): ID of thread in Add(): 2
I/dna     ( 5030): 
I/dna     ( 5030):  -> Third is executing PrintNumbers2()
I/dna     ( 5030): 
I/dna     ( 5030):  -> Secondary is executing PrintNumbers()
I/dna     ( 5030): 
I/dna     ( 5030): 10 + 10 is 20
I/dna     ( 5030): 
I/dna     ( 5030): Third, 0 
I/dna     ( 5030): 
I/dna     ( 5030): Secondary, 0 
I/dna     ( 5030): 
I/dna     ( 5030):   thread:2  0 
I/dna     ( 5030): 
I/dna     ( 5030):   thread:2  1 
I/dna     ( 5030): 
I/dna     ( 5030):   thread:2  2 
I/dna     ( 5030): 
I/dna     ( 5030):   thread:2  3 
I/dna     ( 5030): 
I/dna     ( 5030):   thread:2  4 
I/dna     ( 5030): 
I/dna     ( 5030):   thread:2  5 
I/dna     ( 5030): 
I/dna     ( 5030):   thread:2  6 
I/dna     ( 5030): 
D/dalvikvm( 3935): GC_CONCURRENT freed 518K, 53% free 2900K/6087K, external 0K/0K, paused 2ms+2ms
I/dna     ( 5030):   thread:2  7 
I/dna     ( 5030): 
I/dna     ( 5030):   thread:2  8 
I/dna     ( 5030): 
I/dna     ( 5030):   thread:2  9 
I/dna     ( 5030): 
I/dna     ( 5030): Secondary, 1 
I/dna     ( 5030): 
I/dna     ( 5030):   thread:1  0 
I/dna     ( 5030): 
E/lights  ( 2806): write_int: path /sys/devices/virtual/misc/melfas_touchkey/brightness, value 2
W/PowerManagerService( 2806): Timer 0x7->0x3|0x0
I/PowerManagerService( 2806): Ulight 7->3|0
D/PowerManagerService( 2806): setLightBrightness : mButtonLight : 0
I/dna     ( 5030):   thread:1  1 
I/dna     ( 5030): 
I/ALSAModule( 2592): Terminated ALSA PLAYBACK device hifi
D/InputReader( 2806): Input event: value=1
E/lights  ( 2806): write_int: path /sys/devices/virtual/misc/melfas_touchkey/brightness, value 1
