--------- beginning of /dev/log/main
I/ActivityThread( 3982): Pub com.sec.android.widgetapp.weatherclock: com.sec.android.widgetapp.weatherclock.provider.accuweather.AccuContentProvider
E/com.samsung.app( 3982): [MSC]>>> AccuContentProvider.java:57 [0:0] Provider Created
E/com.samsung.app( 3982): [MSC]>>> WeatherWidgetProvider.java:235 [0:0] onEnabled()
E/com.samsung.app( 3982): [MSC]>>> WeatherWidgetProvider.java:303 [0:0] onReceive()@@@ android.appwidget.action.APPWIDGET_ENABLED
E/com.samsung.app( 3982): [MSC]>>> WidgetIdManager.java:39 [0:0] AccuWeatherClockWidgetID_Length
E/com.samsung.app( 3982): [MSC]>>> WidgetIdManager.java:40 [0:0] getPrefIDs() : length = 1
E/com.samsung.app( 3982): [MSC]>>> WidgetIdManager.java:46 [0:0] getPrefIDs() : Ids1 = 2
E/com.samsung.app( 3982): [MSC]>>> WeatherService.java:118 [0:0] Serviece Start
E/com.samsung.app( 3982): [MSC]>>> WeatherWidgetProvider.java:134 [0:0] onUpdate()
E/com.samsung.app( 3982): [MSC]>>> WidgetIdManager.java:53 [0:0] addWidgetIds() : 2
E/com.samsung.app( 3982): [MSC]>>> WidgetIdManager.java:61 [0:0] AccuWeatherClockWidgetIDs1
--------- beginning of /dev/log/system
I/ActivityManager( 2806): No longer want com.android.settings (pid 3566): hidden #26
E/com.samsung.app( 3982): [MSC]>>> WeatherWidgetProvider.java:1435 [0:0] Qiryat Yam GMT+2
E/com.samsung.app( 3982): [MSC]>>> WeatherWidgetProvider.java:1435 [0:0] Qiryat Bialik GMT+2
E/com.samsung.app( 3982): [MSC]>>> WeatherWidgetProvider.java:1005 [0:0] setWeaterData 2 2130903087 true
E/com.samsung.app( 3982): [MSC]>>> WeatherWidgetProvider.java:1013 [0:0] setWeatherData dbhelper!=null
E/com.samsung.app( 3982): [MSC]>>> WeatherWidgetProvider.java:1015 [0:0] mWeatherCount : 2
E/com.samsung.app( 3982): [MSC]>>> WeatherWidgetProvider.java:1027 [0:0] onReceive Qiryat Yam cityId:213165
E/com.samsung.app( 3982): [MSC]>>> WeatherWidgetProvider.java:1027 [0:0] onReceive Qiryat Bialik cityId:213162
E/com.samsung.app( 3982): [MSC]>>> WeatherWidgetProvider.java:1631 [0:0] @@@@@ mainLayoutId--> :3
D/dalvikvm( 3902): GC_CONCURRENT freed 160K, 44% free 3623K/6407K, external 0K/0K, paused 53ms+3ms
E/com.samsung.app( 3982): [MSC]>>> WeatherWidgetProvider.java:1264 [0:0] =========2
D/dalvikvm( 3982): GC_CONCURRENT freed 278K, 53% free 2689K/5639K, external 0K/0K, paused 2ms+2ms
E/com.samsung.app( 3982): [MSC]>>> WeatherWidgetProvider.java:169 [0:0] dbhelper!=null
D/AndroidRuntime( 3999): 
D/AndroidRuntime( 3999): >>>>>> AndroidRuntime START com.android.internal.os.RuntimeInit <<<<<<
D/AndroidRuntime( 3999): CheckJNI is OFF
D/AndroidRuntime( 3999): setted country_code = France
D/AndroidRuntime( 3999): setted sales_code = XEF
D/AndroidRuntime( 3999): found sales_code tag = <XEF>, </XEF> 
D/dalvikvm( 3999): creating instr width table
E/com.samsung.app( 3982): [MSC]>>> WeatherWidgetProvider.java:303 [0:0] onReceive()@@@ android.appwidget.action.APPWIDGET_UPDATE
E/com.samsung.app( 3982): [MSC]>>> WidgetIdManager.java:39 [0:0] AccuWeatherClockWidgetID_Length
E/com.samsung.app( 3982): [MSC]>>> WidgetIdManager.java:40 [0:0] getPrefIDs() : length = 1
E/com.samsung.app( 3982): [MSC]>>> WidgetIdManager.java:46 [0:0] getPrefIDs() : Ids1 = 2
I/ActivityManager( 2806): Start proc com.sec.android.widgetapp.stockclock for broadcast com.sec.android.widgetapp.stockclock/.StockClock_Integration: pid=4000 uid=10038 gids={3003, 1015}
E/com.samsung.app( 3982): [MSC]>>> WeatherService.java:118 [0:0] Serviece Start
I/ActivityThread( 4000): Pub com.sec.android.widgetapp.stockclock: com.sec.android.widgetapp.stockclock.db.PublicContentProvider
E/DataRouter( 2590):  fd is 21 Content read is [PDA
E/DataRouter( 2590): ]  length is 4  
E/DataRouter( 2590): DrReadUsbStatus File Open success
E/DataRouter( 2590): DrReadUsbStatus 21 characters Buffer from USB file USB_STATE_CONFIGURED
E/DataRouter( 2590): 
E/DataRouter( 2590): DrReadUsbStatus returns true USB is online 
E/DataRouter( 2590): usb connection is true 
E/DataRouter( 2590): InvokeOemRequestHookRaw usbstatus true is success
E/DataRouter( 2590): __initialize_usb_ipc before accept 
E/DataRouter( 2590): __initialize_usb_ipc after accept 
E/DataRouter( 2590): __initialize_usb_ipc after read 
I/CscReceiver( 2956): sendRILBootMsg
I/CscReceiver( 2956): wake lock released!!!!!!!!
E/lights  ( 2806): write_int: path /sys/devices/virtual/misc/melfas_touchkey/brightness, value 2
I/PowerManagerService( 2806): Ulight 7->3|0
D/PowerManagerService( 2806): setLightBrightness : mButtonLight : 0
E/DataRouter( 2590): [*] dr_smd_dsr_event_hdlr event received  is received 
E/DataRouter( 2590): data pin is DSR 
E/DataRouter( 2590): DSR pinstatus is ON 
E/DataRouter( 2590): +
E/DataRouter( 2590): -
I/CscReceiver( 2956): sendRILBootMsg completed response incoming!!
E/DataRouter( 2590): After the Modem Read select 
E/DataRouter( 2590): Read 21 chars from SMD Modem file fd = 17
E/DataRouter( 2590):  buf = 
E/DataRouter( 2590): BOOTING COMPLETED
E/DataRouter( 2590): 
E/DataRouter( 2590): Wrote 21 chars to USB PORT fd=22
E/DataRouter( 2590):  buf=
E/DataRouter( 2590): BOOTING COMPLETED
E/DataRouter( 2590): 
E/DataRouter( 2590): Before the Modem Read select 
D/LibQmg_native( 3999): register_android_app_LibQmg
D/DeviceEncryption( 3999): JNI: register_android_deviceencryption_DeviceEncryptionManager
D/dalvikvm( 3333): GC_EXTERNAL_ALLOC freed 113K, 51% free 2707K/5447K, external 0K/0K, paused 27ms
D/AndroidRuntime( 3999): Calling main entry com.android.commands.am.Am
I/ActivityManager( 2806): Starting: Intent { flg=0x10000000 cmp=com.lenovo.easy.connect/.Splash } from pid 3999
D/AndroidRuntime( 3999): Shutting down VM
I/AndroidRuntime( 3999): NOTE: attach of thread 'Binder Thread #2' failed
D/dalvikvm( 3999): GC_CONCURRENT freed 103K, 67% free 341K/1024K, external 0K/0K, paused 0ms+0ms
D/jdwp    ( 3999): adbd disconnected
I/ActivityManager( 2806): Start proc com.cooliris.media for broadcast com.cooliris.media/.PhotoAppWidgetProvider: pid=4015 uid=10082 gids={1015, 3003, 1001}
I/ActivityThread( 4015): Pub com.cooliris.picasa.contentprovider: com.cooliris.picasa.PicasaContentProvider
V/LauncherAppWidgetHostView( 2994): dispatchSaveInstanceState: widgetid=1 vid=-1
V/LauncherAppWidgetHostView( 2994): dispatchSaveInstanceState: widgetid=2 vid=-1
V/LauncherAppWidgetHostView( 2994): dispatchSaveInstanceState: widgetid=3 vid=-1
V/LauncherAppWidgetHostView( 2994): dispatchSaveInstanceState: widgetid=5 vid=-1
V/LauncherAppWidgetHostView( 2994): dispatchSaveInstanceState: widgetid=4 vid=-1
V/LauncherAppWidgetHostView( 2994): dispatchSaveInstanceState: widgetid=8 vid=-1
V/LauncherAppWidgetHostView( 2994): dispatchSaveInstanceState: widgetid=7 vid=-1
V/LauncherAppWidgetHostView( 2994): dispatchSaveInstanceState: widgetid=6 vid=-1
I/ActivityManager( 2806): Start proc com.lenovo.easy.connect for activity com.lenovo.easy.connect/.Splash: pid=4025 uid=10154 gids={1015, 3003, 3002, 3001}
D/PhotoAppWidgetProvider( 4015): OnReceive Start
D/PhotoAppWidgetProvider( 4015): OnReceive Start
D/dalvikvm( 4015): GC_CONCURRENT freed 333K, 54% free 2637K/5639K, external 0K/0K, paused 2ms+2ms
D/dalvikvm( 4025): GC_EXTERNAL_ALLOC freed 58K, 53% free 2571K/5379K, external 0K/0K, paused 30ms
D/dalvikvm( 4025): GC_EXTERNAL_ALLOC freed 1K, 53% free 2572K/5379K, external 1K/513K, paused 21ms
D/dalvikvm( 4015): GC_EXTERNAL_ALLOC freed 9K, 54% free 2628K/5639K, external 0K/0K, paused 50ms
D/PhotoAppWidgetProvider( 4015): StartSlideShow : 6
I/PhotoAppWidgetProvider( 4015): PictureFrame StartSlideShow insert 6
I/PhotoAppWidgetProvider( 4015): PictureFrame StartSlideShow appWidgetId 6
D/PictureFrame( 4015): sending out views=android.widget.RemoteViews@40554eb8 for id=6
D/PhotoAppWidgetProvider( 4015): Super.onReceive End
D/PhotoAppWidgetProvider( 4015): PauseSlideShow End
I/ActivityManager( 2806): Start proc com.sec.android.widgetapp.emailwidget for broadcast com.sec.android.widgetapp.emailwidget/.EmailListAppWidgetProvider: pid=4033 uid=10087 gids={}
V/WifiProgressStore( 4025): WifiProgressStore Created
I/EmailListAppWidgetProvider( 4033): onEnabled
D/EmailUpdateService( 4033): onCreate()
I/EmailUpdateService( 4033): setContentObserver
D/EmailUpdateService( 4033): onStartCommand(Intent { cmp=com.sec.android.widgetapp.emailwidget/.EmailUpdateService }, 2, 1)
D/EmailListAppWidgetProvider( 4033): onUpdate()
I/EmailListAppWidgetProvider( 4033): updateAppWidget() Id=5
W/EmailList( 4033): getEmailItems() ends 0
D/EmailList( 4033): Please set account
D/CLIPBOARD( 4025): Hide Clipboard dialog at Starting input: finished by someone else... !
I/ActivityManager( 2806): Displayed com.lenovo.easy.connect/.Splash: +329ms (total +7s671ms)
I/ActivityManager( 2806): Start proc com.android.browser for broadcast com.android.browser/.BookmarkAppWidgetProvider: pid=4041 uid=10096 gids={3003, 1015, 1001}
I/dalvikvm( 3902): Total arena pages for JIT: 11
D/dalvikvm( 3217): GC_CONCURRENT freed 374K, 44% free 4016K/7111K, external 0K/0K, paused 2ms+5ms
I/ActivityThread( 4041): Pub browser: com.android.browser.BrowserProvider
I/BrowserSettings( 4041): Selected search engine: ActivitySearchEngine{android.app.SearchableInfo@40551480}
D/BookmarkAppWidgetProvider( 4041): getBitmap query count=0
D/BookmarkAppWidgetProvider( 4041): getBitmap query count=0
D/dalvikvm( 4041): GC_EXTERNAL_ALLOC freed 124K, 52% free 2669K/5447K, external 0K/0K, paused 33ms
E/wpa_supplicant( 2929): Ongoing Scan action...
D/BookmarkAppWidgetProvider( 4041): sending out views=android.widget.RemoteViews@4054cb98 for id=7
D/dalvikvm( 3902): GC_CONCURRENT freed 750K, 51% free 3394K/6791K, external 0K/0K, paused 1ms+2ms
I/ActivityManager( 2806): Start proc com.google.android.googlequicksearchbox for broadcast com.google.android.googlequicksearchbox/.SearchWidgetProvider: pid=4051 uid=10076 gids={3003}
I/ActivityManager( 2806): No longer want com.sec.android.app.popupuireceiver (pid 3628): hidden #26
D/dalvikvm( 2591): GC_EXPLICIT freed 11K, 54% free 2524K/5379K, external 0K/0K, paused 22ms
D/dalvikvm( 2591): GC_EXPLICIT freed <1K, 54% free 2524K/5379K, external 0K/0K, paused 23ms
D/dalvikvm( 2591): GC_EXPLICIT freed <1K, 54% free 2524K/5379K, external 0K/0K, paused 21ms
D/dalvikvm( 3026): GC_CONCURRENT freed 338K, 43% free 4040K/7047K, external 0K/512K, paused 3ms+3ms
I/ActivityThread( 4051): Pub com.google.android.googlequicksearchbox.shortcuts: com.google.android.googlequicksearchbox.WebHistoryProvider
I/ActivityThread( 4051): Pub com.google.android.googlequicksearchbox.google: com.google.android.googlequicksearchbox.google.GoogleSuggestionProvider
I/Icing   ( 3217): updateResources: need to parse f{com.google.android.gms}
I/ActivityManager( 2806): No longer want com.sec.android.providers.downloads (pid 3580): hidden #26
D/GCM     ( 3026): GcmService start Intent { act=com.google.android.gms.INITIALIZE pkg=com.google.android.gms cmp=com.google.android.gms/.gcm.GcmService } com.google.android.gms.INITIALIZE
D/AuthorizationBluetoothService( 3026): Received GmsCore event: Intent { act=com.google.android.gms.INITIALIZE pkg=com.google.android.gms cmp=com.google.android.gms/.auth.be.proximity.authorization.bt.AuthorizationBluetoothService$AutoStarter }.
E/AuthorizationBluetoothService( 3026): Proximity feature is not enabled.
V/GmsCoreStatsServiceLauncher( 3217): Received broadcast intent Intent { act=com.google.android.gms.INITIALIZE pkg=com.google.android.gms cmp=com.google.android.gms/.common.stats.GmsCoreStatsServiceLauncher }
D/dalvikvm( 2994): GC_EXTERNAL_ALLOC freed 312K, 48% free 4836K/9223K, external 15843K/16055K, paused 169ms
D/LocationInitializer( 3217): Restart initialization of location
E/com.samsung.app( 3982): [MSC]>>> WeatherWidgetProvider.java:303 [0:0] onReceive()@@@ com.sec.android.widgetapp.APPWIDGET_RESIZE
E/com.samsung.app( 3982): [MSC]>>> WidgetIdManager.java:39 [0:0] AccuWeatherClockWidgetID_Length
E/com.samsung.app( 3982): [MSC]>>> WidgetIdManager.java:40 [0:0] getPrefIDs() : length = 1
E/com.samsung.app( 3982): [MSC]>>> WidgetIdManager.java:46 [0:0] getPrefIDs() : Ids1 = 2
E/com.samsung.app( 3982): [MSC]>>> WeatherWidgetProvider.java:1435 [0:0] Qiryat Yam GMT+2
I/Launcher( 2994): onWindowFocusChanged(false)
E/com.samsung.app( 3982): [MSC]>>> WeatherWidgetProvider.java:1435 [0:0] Qiryat Bialik GMT+2
E/com.samsung.app( 3982): [MSC]>>> WeatherWidgetProvider.java:1005 [0:0] setWeaterData 2 2130903087 true
E/com.samsung.app( 3982): [MSC]>>> WeatherWidgetProvider.java:1013 [0:0] setWeatherData dbhelper!=null
E/com.samsung.app( 3982): [MSC]>>> WeatherWidgetProvider.java:1015 [0:0] mWeatherCount : 2
E/com.samsung.app( 3982): [MSC]>>> WeatherWidgetProvider.java:1027 [0:0] onReceive Qiryat Yam cityId:213165
E/com.samsung.app( 3982): [MSC]>>> WeatherWidgetProvider.java:1027 [0:0] onReceive Qiryat Bialik cityId:213162
E/com.samsung.app( 3982): [MSC]>>> WeatherWidgetProvider.java:1631 [0:0] @@@@@ mainLayoutId--> :3
E/com.samsung.app( 3982): [MSC]>>> WeatherWidgetProvider.java:1264 [0:0] =========2
I/EmailListAppWidgetProvider( 4033): WIDGET resize W: 5 (4, 2)
I/EmailListAppWidgetProvider( 4033): updateAppWidget() Id=5
W/EmailList( 4033): getEmailItems() ends 0
D/EmailList( 4033): Please set account
I/ActivityManager( 2806): Start proc com.android.settings for broadcast com.android.settings/.NetworkStatusReceiver: pid=4073 uid=1000 gids={3003, 1015, 1001, 1006, 2001, 3002, 3001, 1007}
I/Zygote  ( 4073): Zygote: pid 4073 has CALL PRIVILEGED permission, then set capability for CAP_SYS_ADMIN (21)
D/CLIPBOARD( 2994): Hide Clipboard dialog at Starting input: finished by someone else... !
V/WifiProgressStore( 4073): WifiProgressStore Created
I/NetworkStatusReceiver( 4073): action: android.net.wifi.SHOW_AP_LIST_DIALOG
E/WifiManager( 4073): showApDialog
I/WifiService( 2806): isShowingAccessPointListDialog():false
I/WifiService( 2806): setShowAccessPointListDialog():false
I/ActivityManager( 2806): No longer want com.sec.android.im (pid 3592): hidden #26
W/PowerManagerService( 2806): Timer 0x3->0x3|0x0
D/GCM     ( 3026): GcmService start Intent { act=com.google.android.gms.INITIALIZE pkg=com.google.android.gms cmp=com.google.android.gms/.gcm.GcmService } com.google.android.gms.INITIALIZE
D/AuthorizationBluetoothService( 3026): Received GmsCore event: Intent { act=com.google.android.gms.INITIALIZE pkg=com.google.android.gms cmp=com.google.android.gms/.auth.be.proximity.authorization.bt.AuthorizationBluetoothService$AutoStarter }.
E/AuthorizationBluetoothService( 3026): Proximity feature is not enabled.
V/GmsCoreStatsServiceLauncher( 3217): Received broadcast intent Intent { act=com.google.android.gms.INITIALIZE pkg=com.google.android.gms cmp=com.google.android.gms/.common.stats.GmsCoreStatsServiceLauncher }
I/Icing   ( 3217): Not enough disk space for indexing trimmable
I/Icing   ( 3217): Internal init done: storage state 1
D/dalvikvm( 3951): GC_CONCURRENT freed 362K, 52% free 2935K/6087K, external 0K/0K, paused 2ms+2ms
D/LocationInitializer( 3217): Restart initialization of location
D/PhotoAppWidgetProvider( 4015): OnReceive Start
D/PhotoAppWidgetProvider( 4015): WIDGET_RESIZE Start
E/PhotoAppWidgetProvider( 4015): WIDGET_RESIZE spanX : 4, spanY : 2
D/PictureFrame( 4015): setPhoto - i:0/itemsInFolder:1
I/Icing   ( 3217): No maintenance for too long
I/Icing   ( 3217): Performing maintenance.
D/PhotoAppWidgetProvider( 4015): StartSlideShow : 6
D/dalvikvm( 2806): GC_EXPLICIT freed 965K, 31% free 8585K/12295K, external 1876K/3016K, paused 76ms
D/PhotoAppWidgetProvider( 4015): PauseSlideShow End
E/BookmarkAppWidgetProvider( 4041): WIDGET_RESIZE spanX : 2, spanY : 1
D/BookmarkAppWidgetProvider( 4041): updateAppWidget() appWidgetId=7, mainLayoutId=2130903086
D/BookmarkAppWidgetProvider( 4041): getBitmap query count=0
D/BookmarkAppWidgetProvider( 4041): getBitmap query count=0
E/        ( 4000): WIDGET_RESIZE spanX : 2, spanY : 1
D/GCM     ( 3026): GcmService start Intent { act=com.google.android.gms.INITIALIZE pkg=com.google.android.gms cmp=com.google.android.gms/.gcm.GcmService } com.google.android.gms.INITIALIZE
D/AuthorizationBluetoothService( 3026): Received GmsCore event: Intent { act=com.google.android.gms.INITIALIZE pkg=com.google.android.gms cmp=com.google.android.gms/.auth.be.proximity.authorization.bt.AuthorizationBluetoothService$AutoStarter }.
E/AuthorizationBluetoothService( 3026): Proximity feature is not enabled.
V/GmsCoreStatsServiceLauncher( 3217): Received broadcast intent Intent { act=com.google.android.gms.INITIALIZE pkg=com.google.android.gms cmp=com.google.android.gms/.common.stats.GmsCoreStatsServiceLauncher }
D/dalvikvm( 3217): GC_CONCURRENT freed 301K, 43% free 4157K/7175K, external 0K/0K, paused 2ms+2ms
D/LocationInitializer( 3217): Restart initialization of location
V/UNA     ( 3619): ScreenOnReceiver : onReceive
D/GCM     ( 3026): GcmService start Intent { act=com.google.android.checkin.CHECKIN_COMPLETE cmp=com.google.android.gms/.gcm.GcmService (has extras) } com.google.android.checkin.CHECKIN_COMPLETE
I/ActivityManager( 2806): Start proc com.android.MtpApplication for broadcast com.android.MtpApplication/.MtpReceiver: pid=4089 uid=1000 gids={3003, 1015, 1001, 1006, 2001, 3002, 3001, 1007}
I/Zygote  ( 4089): Zygote: pid 4089 has CALL PRIVILEGED permission, then set capability for CAP_SYS_ADMIN (21)
E/MTPRx   ( 4089): In MtpReceiverandroid.intent.action.USER_PRESENT
D/dalvikvm( 3109): GC_EXPLICIT freed 152K, 51% free 2723K/5511K, external 0K/0K, paused 20ms
E/DataRouter( 2590):  fd is 28 Content read is [PDA
E/DataRouter( 2590): ]  length is 4  
E/DataRouter( 2590): DrReadUsbStatus File Open success
E/DataRouter( 2590): DrReadUsbStatus 21 characters Buffer from USB file USB_STATE_CONFIGURED
E/DataRouter( 2590): 
E/DataRouter( 2590): DrReadUsbStatus returns true USB is online 
E/DataRouter( 2590): usb connection is true 
E/DataRouter( 2590): DSR is ON. Don't send DTR ON.
E/DataRouter( 2590): __initialize_usb_ipc before accept 
I/Icing   ( 3217): updateResources: need to parse f{com.google.android.gms}
V/SettingsProvider( 2806): system <- value=0 name=phone_lock_status
V/SettingsProvider( 2806): property: sys.settings_system_version=2
V/SettingsProvider( 2806): notifying: content://settings/system/phone_lock_status
W/MTPRx   ( 4089): Result for phone lock status in ACTION USER PRESENTtrue
D/PowerManagerService( 2806): setScreenOffTimeoutsLocked() : userActivity()
D/PowerManagerService( 2806): setScreenOffTimeouts mKeylightDelay=1500 mDimDelay=591500 mScreenOffDelay=7000 mDimScreen=true
E/MTPRX   ( 4089): Internal SDcard is available
E/MTPRx   ( 4089): file kieswifi.dat is not found
E/MTPRX   ( 4089): Battery charging. plugType = 2
E/MTPRx   ( 4089): USB charging
I/Icing   ( 3217): Performing maintenance usage 67104 budget 0 free 0.000% index free 100.000% purge? true target 0
I/Icing   ( 3217): Not enough disk space for indexing trimmable
I/Icing   ( 3217): Starting purge with target free 100.000% min disk 0.000% min index 100.000%
D/dalvikvm( 2994): GC_EXTERNAL_ALLOC freed 449K, 50% free 4690K/9223K, external 14426K/14622K, paused 31ms
V/SettingsProvider( 2806): system <- value=1 name=mtp_usb_connection_status
V/SettingsProvider( 2806): property: sys.settings_system_version=3
V/SettingsProvider( 2806): notifying: content://settings/system/mtp_usb_connection_status
E/MTPRx   ( 4089): usb is connected, set value in Settings.System, result = true
E/MTPRx   ( 4089): usb mode = 0
E/MTPRx   ( 4089): usb debugging is enabled
D/PowerManagerService( 2806): setScreenOffTimeoutsLocked() : userActivity()
D/PowerManagerService( 2806): setScreenOffTimeouts mKeylightDelay=1500 mDimDelay=591500 mScreenOffDelay=7000 mDimScreen=true
I/ActivityManager( 2806): Start proc eu.chainfire.supersu for broadcast eu.chainfire.supersu/.UserPresentReceiver: pid=4096 uid=10196 gids={}
I/ActivityManager( 2806): No longer want com.android.settings.mt (pid 3637): hidden #26
I/dalvikvm( 4096): Could not find method android.graphics.drawable.ColorDrawable.getColor, referenced from method eu.chainfire.supersu.Application.p
W/dalvikvm( 4096): VFY: unable to resolve virtual method 389: Landroid/graphics/drawable/ColorDrawable;.getColor ()I
D/dalvikvm( 4096): VFY: replacing opcode 0x6e at 0x002b
D/dalvikvm( 4096): VFY: dead code 0x002e-0030 in Leu/chainfire/supersu/Application;.p ()I
I/dalvikvm( 4096): Could not find method android.content.SharedPreferences.getStringSet, referenced from method eu.chainfire.supersu.UserPresentReceiver.onReceive
W/dalvikvm( 4096): VFY: unable to resolve interface method 263: Landroid/content/SharedPreferences;.getStringSet (Ljava/lang/String;Ljava/util/Set;)Ljava/util/Set;
D/dalvikvm( 4096): VFY: replacing opcode 0x72 at 0x000f
D/dalvikvm( 4096): VFY: dead code 0x0012-0077 in Leu/chainfire/supersu/UserPresentReceiver;.onReceive (Landroid/content/Context;Landroid/content/Intent;)V
D/dalvikvm( 4096): VFY: dead code 0x0079-0094 in Leu/chainfire/supersu/UserPresentReceiver;.onReceive (Landroid/content/Context;Landroid/content/Intent;)V
I/ActivityManager( 2806): No longer want com.sec.android.app.memo (pid 3669): hidden #26
I/ActivityManager( 2806): Start proc com.sec.android.app.MmsProvision for broadcast com.sec.android.app.MmsProvision/.MmsProvisionReceiver: pid=4104 uid=10060 gids={}
V/MmsProvisioning( 4104): Get debugsetting ready intent
D/dalvikvm( 2994): GC_EXTERNAL_ALLOC freed 156K, 51% free 4578K/9223K, external 13239K/14141K, paused 77ms
V/MmsProvisioning( 4104): Broadcast log on flag 
V/MmsProvisioning( 4104): Broadcast optionalfieldattendance flag 
V/MmsProvisioning( 4104): Broadcast UA
I/NetworkStatusReceiver( 4073): action: android.net.wifi.SHOW_AP_LIST_DIALOG
E/WifiManager( 4073): showApDialog
I/WifiService( 2806): isShowingAccessPointListDialog():false
I/WifiService( 2806): setShowAccessPointListDialog():false
I/ActivityManager( 2806): No longer want com.android.IMEITracker (pid 3681): hidden #26
I/ActivityManager( 2806): Start proc com.yahoo.mobile.client.android.mail for broadcast com.yahoo.mobile.client.android.mail/com.yahoo.mobile.client.share.notification.StatusBarNotificationManager: pid=4111 uid=10133 gids={3003, 1007, 1015}
I/Icing   ( 3217): Usage reports aged/total 0/0
I/ActivityThread( 4111): Pub com.yahoo.mobile.client.android.mail.provider.Mail: com.yahoo.mobile.client.android.mail.provider.MailProvider
I/ActivityThread( 4111): Pub com.yahoo.mobile.client.mail: com.yahoo.mobile.client.share.provider.MailShareProvider
D/dalvikvm( 4111): GC_CONCURRENT freed 114K, 49% free 2915K/5639K, external 0K/0K, paused 2ms+3ms
E/wpa_supplicant( 2929): Ongoing Scan action...
I/ActivityManager( 2806): Starting: Intent { act=com.lenovo.easy.connect.startwifivapact cmp=com.lenovo.easy.connect/.WifiVapListActivity } from pid 4025
I/ActivityManager( 2806): No longer want com.google.android.partnersetup (pid 3690): hidden #26
I/GCoreUlr( 3041): Starting service, intent=Intent { act=com.google.android.location.reporting.ACTION_UPDATE_WORLD cmp=com.google.android.gms/com.google.android.location.reporting.service.DispatchingService (has extras) }, extras=Bundle[{receiverAction=com.google.android.location.internal.server.ACTION_RESTARTED}]
I/GCoreUlr( 3041): DispatchingService.onCreate()
I/NetworkStatusReceiver( 4073): action: android.net.wifi.SHOW_AP_LIST_DIALOG
E/WifiManager( 4073): showApDialog
I/WifiService( 2806): isShowingAccessPointListDialog():false
I/WifiService( 2806): setShowAccessPointListDialog():false
E/MTPRx   ( 4089): In MtpReceiverandroid.intent.action.MEDIA_MOUNTED
I/ActivityManager( 2806): Start proc com.google.android.apps.uploader for broadcast com.google.android.apps.uploader/.ConnectivityBroadcastReceiver: pid=4124 uid=10065 gids={3003}
E/SensorManager( 3041): registerListener :: handle = 0  name= K3DH Acceleration Sensor delay= 20000 Listener= com.google.android.location.collectionlib.cm@405f8100
E/SensorManager( 3041): reg :: handle = 0
I/ActivityThread( 4124): Pub com.google.android.apps.uploader: com.google.android.apps.uploader.UploadsContentProvider
I/ActivityThread( 4124): Pub com.google.photos.provider.Album: com.google.android.apps.uploader.clients.picasa.AlbumProvider
D/MediaUploader( 4124): UploaderApplication.onCreate
D/MediaUploader( 4124): nonWifiLimit=20971520, default=20971520
I/MediaUploader( 4124): No need to wake up
V/MediaScannerReceiver( 2957): onReceive : action = [android.intent.action.MEDIA_MOUNTED], path = [/mnt/sdcard]
D/MediaScannerReceiver( 2957): onReceive : externalStorageSdPath : /mnt/sdcard/external_sd, path : /mnt/sdcard
D/MediaScannerReceiver( 2957): Start scanning Internal SD. Set bIsScanningInternalSD = true
D/MediaScannerReceiver( 2957): scan - volume : external
I/ActivityManager( 2806): No longer want com.sec.android.app.factorytest (pid 3704): hidden #26
D/BootReceiver( 4015): MOUNTED: mListenersInitialized = false
E/BootReceiver( 4015): registerContentObserver
E/MTPRx   ( 4089): In MtpReceiverandroid.intent.action.UMS_CONNECTED
I/ActivityManager( 2806): Start proc com.sec.android.Kies for broadcast com.sec.android.Kies/.kies_receiver: pid=4137 uid=1000 gids={3003, 1015, 1001, 1006, 2001, 3002, 3001, 1007}
W/ActivityManager( 2806): Trying to launch com.lenovo.easy.connect/.WifiVapListActivity
I/Zygote  ( 4137): Zygote: pid 4137 has CALL PRIVILEGED permission, then set capability for CAP_SYS_ADMIN (21)
D/dalvikvm( 4025): GC_EXTERNAL_ALLOC freed 84K, 52% free 2626K/5379K, external 1898K/2306K, paused 24ms
I/GCoreUlr( 3041): WorldUpdater received intent Intent { act=com.google.android.location.reporting.ACTION_UPDATE_WORLD cmp=com.google.android.gms/com.google.android.location.reporting.service.DispatchingService (has extras) } with receiverAction com.google.android.location.internal.server.ACTION_RESTARTED
D/MediaScannerService( 2957): onStartCommand : intent - Intent { cmp=com.android.providers.media/.MediaScannerService (has extras) }
D/MediaScannerService( 2957): onStartCommand : flags [2], startId [1]
D/MediaScannerService( 2957): onStartCommand : intent.getExtra's volume : external
D/MediaScannerService( 2957): ServiceHandler:handleMessage volume[external], filePath[null]
I/MediaScannerService( 2957): !@beginofMediascannerservice
D/MediaScannerService( 2957): start scanning volume external
E/MTPRx   ( 4089): In MtpReceiverandroid.intent.action.MEDIA_MOUNTED
I/wpa_supplicant( 2929): SCAN_RESULTS : [11] 
I/MediaUploader( 4124): No need to wake up
V/MediaScannerReceiver( 2957): onReceive : action = [android.intent.action.MEDIA_MOUNTED], path = [/mnt/sdcard/external_sd]
D/MediaScannerReceiver( 2957): onReceive : externalStorageSdPath : /mnt/sdcard/external_sd, path : /mnt/sdcard/external_sd
E/MediaScannerReceiver( 2957): skip scan[/mnt/sdcard/external_sd] because InternalSD is now scanning
I/ActivityManager( 2806): No longer want com.sec.android.app.encrypt (pid 3712): hidden #26
D/BootReceiver( 4015): MOUNTED: mListenersInitialized = true
I/ActivityManager( 2806): Start proc com.sec.android.app.controlpanel for broadcast com.sec.android.app.controlpanel/.PackageIntentReceiver: pid=4151 uid=1000 gids={3003, 1015, 1001, 1006, 2001, 3002, 3001, 1007}
I/Zygote  ( 4151): Zygote: pid 4151 has CALL PRIVILEGED permission, then set capability for CAP_SYS_ADMIN (21)
D/dalvikvm( 4151): GC_EXTERNAL_ALLOC freed 60K, 53% free 2552K/5379K, external 0K/0K, paused 21ms
D/MediaProvider( 2957): mMediaScannerReceiver - intent.getAction : android.intent.action.MEDIA_SCANNER_STARTED
I/StatusBarManagerService( 2806): ADD-Media scanner running... , 0x7f020003
V/MediaProvider( 2957): Suspending ThumbWorker
I/MediaProvider( 2957): MediaScanner started!!!
V/MediaProvider( 2957): /mnt/sdcard volume ID: 949225427
W/dalvikvm( 3850): Unable to match class for part: 'Landroid/app/Fragment;III)V'
E/GeckoAnnounce( 3850): firefox :: BackgroundService :: Method org.mozilla.gecko.GeckoPreferences/broadcastAnnouncementsPref not found!
W/dalvikvm( 3850): Unable to match class for part: 'Landroid/app/Fragment;III)V'
V/MmsProvisioning( 4104): Get debugsetting ready intent
V/MmsProvisioning( 4104): Broadcast log on flag 
V/MmsProvisioning( 4104): Broadcast optionalfieldattendance flag 
V/MmsProvisioning( 4104): Broadcast UA
E/com.samsung.app( 3982): [MSC]>>> WeatherWidgetProvider.java:303 [0:0] onReceive()@@@ com.sec.android.widgetapp.APPWIDGET_RESIZE
E/com.samsung.app( 3982): [MSC]>>> WidgetIdManager.java:39 [0:0] AccuWeatherClockWidgetID_Length
E/com.samsung.app( 3982): [MSC]>>> WidgetIdManager.java:40 [0:0] getPrefIDs() : length = 1
E/com.samsung.app( 3982): [MSC]>>> WidgetIdManager.java:46 [0:0] getPrefIDs() : Ids1 = 2
E/GeckoHealth( 3850): firefox :: BackgroundService :: Method org.mozilla.gecko.GeckoPreferences/broadcastHealthReportUploadPref not found!
I/ActivityManager( 2806): No longer want com.sec.android.provider.logsprovider (pid 3662): hidden #26
E/com.samsung.app( 3982): [MSC]>>> WeatherWidgetProvider.java:1435 [0:0] Qiryat Yam GMT+2
E/com.samsung.app( 3982): [MSC]>>> WeatherWidgetProvider.java:1435 [0:0] Qiryat Bialik GMT+2
E/com.samsung.app( 3982): [MSC]>>> WeatherWidgetProvider.java:1005 [0:0] setWeaterData 2 2130903087 true
E/com.samsung.app( 3982): [MSC]>>> WeatherWidgetProvider.java:1013 [0:0] setWeatherData dbhelper!=null
E/com.samsung.app( 3982): [MSC]>>> WeatherWidgetProvider.java:1015 [0:0] mWeatherCount : 2
E/com.samsung.app( 3982): [MSC]>>> WeatherWidgetProvider.java:1027 [0:0] onReceive Qiryat Yam cityId:213165
E/com.samsung.app( 3982): [MSC]>>> WeatherWidgetProvider.java:1027 [0:0] onReceive Qiryat Bialik cityId:213162
E/com.samsung.app( 3982): [MSC]>>> WeatherWidgetProvider.java:1631 [0:0] @@@@@ mainLayoutId--> :3
E/wpa_supplicant( 2929): Ongoing Scan action...
D/CLIPBOARD( 2806): Hide Clipboard dialog inside windowGainedFocus() !
D/dalvikvm( 3850): GC_CONCURRENT freed 197K, 51% free 2766K/5575K, external 0K/0K, paused 3ms+4ms
E/com.samsung.app( 3982): [MSC]>>> WeatherWidgetProvider.java:1264 [0:0] =========2
D/dalvikvm( 2945): GC_EXPLICIT freed 59K, 51% free 2698K/5447K, external 0K/0K, paused 57ms
D/dalvikvm( 3982): GC_CONCURRENT freed 364K, 53% free 2752K/5767K, external 0K/0K, paused 2ms+2ms
I/ActivityManager( 2806): Displayed com.lenovo.easy.connect/.WifiVapListActivity: +414ms
I/EmailListAppWidgetProvider( 4033): WIDGET resize W: 5 (4, 2)
I/EmailListAppWidgetProvider( 4033): updateAppWidget() Id=5
W/EmailList( 4033): getEmailItems() ends 0
D/EmailList( 4033): Please set account
D/PhotoAppWidgetProvider( 4015): OnReceive Start
D/PhotoAppWidgetProvider( 4015): WIDGET_RESIZE Start
E/PhotoAppWidgetProvider( 4015): WIDGET_RESIZE spanX : 4, spanY : 2
D/PictureFrame( 4015): setPhoto - i:0/itemsInFolder:1
D/SyncManager( 2806): setIsSyncable: Account {name=elix22@gmail.com, type=com.google}, provider com.google.android.location.reporting -> 1
D/SyncManager( 2806): setIsSyncable: already set to 1, doing nothing
D/SyncManager( 2806): setSyncAutomatically: , provider com.google.android.location.reporting -> true
D/SyncManager( 2806): setSyncAutomatically: already set to true, doing nothing
D/Launcher.LauncherModel( 2994): ApplicationInfo title=Phone page=-1 cell=0
D/Launcher.LauncherModel( 2994): ApplicationInfo title=Contacts page=-1 cell=1
D/Launcher.LauncherModel( 2994): ApplicationInfo title=Messaging page=-1 cell=2
D/Launcher.LauncherModel( 2994): ApplicationInfo title=Clock page=0 cell=0
D/Launcher.LauncherModel( 2994): ApplicationInfo title=Calendar page=0 cell=1
D/Launcher.LauncherModel( 2994): ApplicationInfo title=Music page=0 cell=2
D/Launcher.LauncherModel( 2994): ApplicationInfo title=Internet page=0 cell=3
D/Launcher.LauncherModel( 2994): ApplicationInfo title=Camera page=0 cell=4
D/Launcher.LauncherModel( 2994): ApplicationInfo title=Maps page=0 cell=5
D/Launcher.LauncherModel( 2994): ApplicationInfo title=Email page=0 cell=6
D/Launcher.LauncherModel( 2994): ApplicationInfo title=Gmail page=0 cell=7
D/Launcher.LauncherModel( 2994): ApplicationInfo title=Gallery page=0 cell=8
D/Launcher.LauncherModel( 2994): ApplicationInfo title=Search page=0 cell=9
D/Launcher.LauncherModel( 2994): ApplicationInfo title=Play Store page=0 cell=10
D/Launcher.LauncherModel( 2994): ApplicationInfo title=Settings page=0 cell=11
D/Launcher.LauncherModel( 2994): ApplicationInfo title=Social Hub page=0 cell=12
D/Launcher.LauncherModel( 2994): ApplicationInfo title=Readers Hub page=0 cell=13
D/Launcher.LauncherModel( 2994): ApplicationInfo title=Game Hub page=0 cell=14
D/Launcher.LauncherModel( 2994): ApplicationInfo title=My files page=1 cell=0
D/Launcher.LauncherModel( 2994): ApplicationInfo title=Videos page=1 cell=1
D/Launcher.LauncherModel( 2994): ApplicationInfo title=AllShare page=1 cell=2
D/Launcher.LauncherModel( 2994): ApplicationInfo title=Kies air page=1 cell=3
D/Launcher.LauncherModel( 2994): ApplicationInfo title=Talk page=1 cell=4
D/Launcher.LauncherModel( 2994): ApplicationInfo title=Latitude page=1 cell=5
D/Launcher.LauncherModel( 2994): ApplicationInfo title=Task page=1 cell=6
D/Launcher.LauncherModel( 2994): ApplicationInfo title=Navigation page=1 cell=7
D/Launcher.LauncherModel( 2994): ApplicationInfo title=Voice command page=1 cell=8
D/Launcher.LauncherModel( 2994): ApplicationInfo title=Voice recorder page=1 cell=9
D/Launcher.LauncherModel( 2994): ApplicationInfo title=Voice talk page=1 cell=10
D/Launcher.LauncherModel( 2994): ApplicationInfo title=Voice Search page=1 cell=11
D/Launcher.LauncherModel( 2994): ApplicationInfo title=Places page=1 cell=12
D/Launcher.LauncherModel( 2994): ApplicationInfo title=Downloads page=1 cell=13
D/Launcher.LauncherModel( 2994): ApplicationInfo title=Photo editor page=1 cell=14
D/Launcher.LauncherModel( 2994): ApplicationInfo title=Video maker page=1 cell=15
D/Launcher.LauncherModel( 2994): ApplicationInfo title=Mini diary page=2 cell=0
D/Launcher.LauncherModel( 2994): ApplicationInfo title=Calculator page=2 cell=1
D/Launcher.LauncherModel( 2994): ApplicationInfo title=Samsung Apps page=2 cell=2
D/Launcher.LauncherModel( 2994): ApplicationInfo title=News & Weather page=2 cell=3
D/Launcher.LauncherModel( 2994): ApplicationInfo title=Task manager page=2 cell=4
D/Launcher.LauncherModel( 2994): ApplicationInfo title=FM radio page=2 cell=5
D/Launcher.LauncherModel( 2994): ApplicationInfo title=IM page=2 cell=6
D/Launcher.LauncherModel( 2994): ApplicationInfo title=Memo page=2 cell=7
D/Launcher.LauncherModel( 2994): ApplicationInfo title=Polaris Office page=2 cell=8
D/Launcher.LauncherModel( 2994): ApplicationInfo title=Sound Corner page=2 cell=9
D/Launcher.LauncherModel( 2994): ApplicationInfo title=YouTube page=3 cell=0
D/Launcher.LauncherModel( 2994): ApplicationInfo title=Bookmarks to SD page=3 cell=1
D/Launcher.LauncherModel( 2994): ApplicationInfo title=Facebook page=3 cell=5
D/Launcher.LauncherModel( 2994): ApplicationInfo title=GTRacing page=3 cell=7
D/Launcher.LauncherModel( 2994): ApplicationInfo title=iGO page=3 cell=8
D/Launcher.LauncherModel( 2994): ApplicationInfo title=LED Light page=3 cell=9
D/Launcher.LauncherModel( 2994): ApplicationInfo title=Modern Combat 2 page=4 cell=0
D/Launcher.LauncherModel( 2994): ApplicationInfo title=MP3 Ringtone page=4 cell=1
D/Launcher.LauncherModel( 2994): ApplicationInfo title=Raging Thunder 2 page=4 cell=3
D/Launcher.LauncherModel( 2994): ApplicationInfo title=Remote page=4 cell=5
D/Launcher.LauncherModel( 2994): ApplicationInfo title=s3eMixSoundAudio page=4 cell=7
D/Launcher.LauncherModel( 2994): ApplicationInfo title=Smart Distance page=4 cell=10
D/Launcher.LauncherModel( 2994): ApplicationInfo title=Smart Measure page=4 cell=11
D/Launcher.LauncherModel( 2994): ApplicationInfo title=Mail page=5 cell=0
D/Launcher.LauncherModel( 2994): ApplicationInfo title=PocketSphinx Demo page=5 cell=1
D/Launcher.LauncherModel( 2994): ApplicationInfo title=PowerTutor page=5 cell=2
D/Launcher.LauncherModel( 2994): ApplicationInfo title=MoreLocale 2 page=5 cell=4
D/Launcher.LauncherModel( 2994): ApplicationInfo title=Locale Select page=5 cell=5
D/Launcher.LauncherModel( 2994): ApplicationInfo title=GTA III 10-YEAR ANNIVERSARY page=5 cell=6
D/Launcher.LauncherModel( 2994): ApplicationInfo title=Riptide GP page=6 cell=2
D/Launcher.LauncherModel( 2994): ApplicationInfo title=Translate page=6 cell=3
D/Launcher.LauncherModel( 2994): ApplicationInfo title=Earth page=6 cell=4
D/Launcher.LauncherModel( 2994): ApplicationInfo title=Antivirus Pro page=6 cell=5
D/Launcher.LauncherModel( 2994): ApplicationInfo title=AnySoftKeyboard Settings page=7 cell=0
D/Launcher.LauncherModel( 2994): ApplicationInfo title=Tank Hero page=8 cell=0
D/Launcher.LauncherModel( 2994): ApplicationInfo title=FPse page=8 cell=1
D/Launcher.LauncherModel( 2994): ApplicationInfo title=OGLES2ChameleonMan page=8 cell=2
D/Launcher.LauncherModel( 2994): ApplicationInfo title=OGLES2IntroducingPOD page=8 cell=3
D/Launcher.LauncherModel( 2994): ApplicationInfo title=OGLES2IntroducingPFX page=8 cell=4
D/PhotoAppWidgetProvider( 4015): StartSlideShow : 6
D/Launcher.LauncherModel( 2994): ApplicationInfo title=Tutorial 1 Basic - 0. Android Camera page=9 cell=4
D/PhotoAppWidgetProvider( 4015): PauseSlideShow End
E/BookmarkAppWidgetProvider( 4041): WIDGET_RESIZE spanX : 2, spanY : 1
D/BookmarkAppWidgetProvider( 4041): updateAppWidget() appWidgetId=7, mainLayoutId=2130903086
D/Launcher.LauncherModel( 2994): ApplicationInfo title=OfficeSuite page=10 cell=0
D/Launcher.LauncherModel( 2994): ApplicationInfo title=Temple Run page=10 cell=1
D/Launcher.LauncherModel( 2994): ApplicationInfo title=Any.DO page=10 cell=2
D/BookmarkAppWidgetProvider( 4041): getBitmap query count=0
D/BookmarkAppWidgetProvider( 4041): getBitmap query count=0
D/Launcher.LauncherModel( 2994): ApplicationInfo title=Dragon, Fly! Free page=10 cell=4
D/Launcher.LauncherModel( 2994): ApplicationInfo title=Move the Box page=10 cell=5
D/Launcher.LauncherModel( 2994): ApplicationInfo title=MyCalendar page=10 cell=6
D/Launcher.LauncherModel( 2994): ApplicationInfo title=testjs page=10 cell=7
D/Launcher.LauncherModel( 2994): ApplicationInfo title=Mathlab Calc page=10 cell=8
D/Launcher.LauncherModel( 2994): ApplicationInfo title=MathStudio page=11 cell=0
D/Launcher.LauncherModel( 2994): ApplicationInfo title=Spider-Man page=11 cell=3
D/Launcher.LauncherModel( 2994): ApplicationInfo title=Pfx 1 Simple page=11 cell=5
D/Launcher.LauncherModel( 2994): ApplicationInfo title=Tiki Golf 3D FREE page=11 cell=7
D/Launcher.LauncherModel( 2994): ApplicationInfo title=Super K.O. BoxingÂ® 2 Free page=12 cell=2
D/Launcher.LauncherModel( 2994): ApplicationInfo title=Reckless Racing 2 page=12 cell=4
D/Launcher.LauncherModel( 2994): ApplicationInfo title=Modern Combat 2 HD page=12 cell=5
D/Launcher.LauncherModel( 2994): ApplicationInfo title=Dead Trigger page=12 cell=6
D/Launcher.LauncherModel( 2994): ApplicationInfo title=Remote page=12 cell=8
D/Launcher.LauncherModel( 2994): ApplicationInfo title=OGLES2Navigation3D page=12 cell=9
D/Launcher.LauncherModel( 2994): ApplicationInfo title=OGLES2Skinning page=12 cell=10
D/Launcher.LauncherModel( 2994): ApplicationInfo title=OGLES2IntroducingPrint3D page=12 cell=11
D/Launcher.LauncherModel( 2994): ApplicationInfo title=OGLES2LevelOfDetail page=13 cell=0
D/Launcher.LauncherModel( 2994): ApplicationInfo title=OGLESLighting page=13 cell=1
D/Launcher.LauncherModel( 2994): ApplicationInfo title=OGLES2DeferredShading page=13 cell=2
D/Launcher.LauncherModel( 2994): ApplicationInfo title=OGLES2RenderToTexture page=13 cell=3
D/Launcher.LauncherModel( 2994): ApplicationInfo title=NativeActivity page=13 cell=4
D/Launcher.LauncherModel( 2994): ApplicationInfo title=Rock Racing page=13 cell=5
D/Launcher.LauncherModel( 2994): ApplicationInfo title=Motorcycle page=13 cell=6
D/Launcher.LauncherModel( 2994): ApplicationInfo title=Bike Race page=13 cell=7
D/Launcher.LauncherModel( 2994): ApplicationInfo title=Motorbike Lite page=13 cell=8
D/Launcher.LauncherModel( 2994): ApplicationInfo title=SimpleGame page=13 cell=9
D/Launcher.LauncherModel( 2994): ApplicationInfo title=TestCpp page=14 cell=0
D/Launcher.LauncherModel( 2994): ApplicationInfo title=TestAnimation page=14 cell=1
D/Launcher.LauncherModel( 2994): ApplicationInfo title=Ireland Browser page=14 cell=2
D/Launcher.LauncherModel( 2994): ApplicationInfo title=Google Settings page=14 cell=3
D/Launcher.LauncherModel( 2994): ApplicationInfo title=Firefox page=14 cell=4
D/Launcher.LauncherModel( 2994): ApplicationInfo title=Panda Run page=14 cell=5
D/Launcher.LauncherModel( 2994): ApplicationInfo title=Star Lander(Demo) page=15 cell=0
D/Launcher.LauncherModel( 2994): ApplicationInfo title=Goal Crusaders page=15 cell=1
D/Launcher.LauncherModel( 2994): ApplicationInfo title=CWM page=15 cell=2
D/Launcher.LauncherModel( 2994): ApplicationInfo title=CameraCapture page=15 cell=3
D/Launcher.LauncherModel( 2994): ApplicationInfo title=OpenSL audiotest page=15 cell=4
D/Launcher.LauncherModel( 2994): ApplicationInfo title=NativeAudio page=15 cell=5
D/Launcher.LauncherModel( 2994): ApplicationInfo title=Phone Companion page=15 cell=6
D/Launcher.LauncherModel( 2994): ApplicationInfo title=PortAudioTest page=15 cell=7
D/Launcher.LauncherModel( 2994): ApplicationInfo title=Samples page=15 cell=8
D/Launcher.LauncherModel( 2994): ApplicationInfo title=RemoteBluetooth page=15 cell=9
D/Launcher.LauncherModel( 2994): ApplicationInfo title=ConnectTest page=15 cell=10
D/Launcher.LauncherModel( 2994): ApplicationInfo title=Truck Town page=15 cell=11
D/Launcher.LauncherModel( 2994): ApplicationInfo title=YouStar page=16 cell=0
D/Launcher.LauncherModel( 2994): ApplicationInfo title=Play2View page=16 cell=1
D/Launcher.LauncherModel( 2994): ApplicationInfo title=SuperSU page=16 cell=2
D/Launcher.LauncherModel( 2994): ApplicationInfo title=shadow-map-qml page=16 cell=3
D/Launcher.LauncherModel( 2994): ApplicationInfo title=UFPS page=16 cell=4
D/Launcher.LauncherModel( 2994): ApplicationInfo title=X-Racer page=16 cell=5
D/Launcher.LauncherModel( 2994): ApplicationInfo title=Turbo Badger Demo page=16 cell=6
D/Launcher.LauncherModel( 2994): ApplicationInfo title=Urho3D page=16 cell=7
D/Launcher.LauncherModel( 2994): ApplicationInfo title=SDL App page=16 cell=8
D/Launcher.LauncherModel( 2994): ApplicationInfo title=SamplyGame page=17 cell=0
D/Launcher.LauncherModel( 2994): ApplicationInfo title=Mono page=17 cell=1
I/DebugFolder( 2994): Syncing with com.sec.android.app.twlauncher.ApplicationsAdapter@4067f9d0
D/dalvikvm( 4041): GC_EXTERNAL_ALLOC freed 34K, 52% free 2664K/5447K, external 562K/652K, paused 31ms
I/dalvikvm( 2994): Jit: resizing JitTable from 4096 to 8192
E/MTPRx   ( 4089): In MtpReceiverandroid.intent.action.MEDIA_SCANNER_STARTED
W/MTPRx   ( 4089): Media scanning is started
I/System.out( 4089): setting Media scanner status1
I/System.out( 4089): After setting Media scanner status1
I/GCoreUlr( 3041): WorldUpdater:com.google.android.location.internal.server.ACTION_RESTARTED: Ensuring that reporting is stopped because of reasons: {account#-9#=[InactiveReason{mVersionCode=0, mIdentifier=6, mName='ReportingNotEnabled'}]}
I/GCoreUlr( 3041): Unbound from all location providers
I/GCoreUlr( 3041): DispatchingService.onDestroy()
I/GCoreUlr( 3041): Unbound from all location providers
I/DebugDb ( 2994): UpdateDBTask Begin Saving to DB
W/PowerManagerService( 2806): Timer 0x3->0x3|0x0
I/DebugFolder( 2994): saveToDBwithInfos: Save Folder Data To DB 2
I/DebugDb ( 2994): UpdateDBTask End Saving to DB true
I/DebugDb ( 2994): UpdateDBTask Close DB
D/VoldCmdListener( 2584): volume devpath /mnt/sdcard/external_sd
D/MountService( 2806):  :::: getStorageSerialNumber :: path = /mnt/sdcard/external_sd, result = 0x0fa8be3c
E/MediaProvider( 2957): MountService returned externalSd Serial Number : 0x0fa8be3c
V/SettingsProvider( 2806): secure <- value=1 name=media_scanning_finished
V/SettingsProvider( 2806): property: sys.settings_secure_version=1
V/SettingsProvider( 2806): notifying: content://settings/secure/media_scanning_finished
E/MTPRX   ( 4089): Internal SDcard is available
E/MTPRx   ( 4089): file kieswifi.dat is not found
E/MTPRX   ( 4089): Battery charging. plugType = 2
E/MTPRx   ( 4089): USB charging
E/MTPRx   ( 4089): usb mode = 0
E/MTPRx   ( 4089): usb debugging is enabled
E/        ( 4000): WIDGET_RESIZE spanX : 2, spanY : 1
E/com.samsung.app( 3982): [MSC]>>> WeatherWidgetProvider.java:303 [0:0] onReceive()@@@ sec.android.intent.action.HOME_PAUSE
E/com.samsung.app( 3982): [MSC]>>> WidgetIdManager.java:39 [0:0] AccuWeatherClockWidgetID_Length
E/com.samsung.app( 3982): [MSC]>>> WidgetIdManager.java:40 [0:0] getPrefIDs() : length = 1
E/com.samsung.app( 3982): [MSC]>>> WidgetIdManager.java:46 [0:0] getPrefIDs() : Ids1 = 2
E/com.samsung.app( 3982): [MSC]>>> WeatherWidgetProvider.java:1511 [0:0] disable handler
E/com.samsung.app( 3982): [MSC]>>> WeatherWidgetProvider.java:1513 [0:0] handler not null
D/PhotoAppWidgetProvider( 4015): OnReceive Start
D/PhotoAppWidgetProvider( 4015): PauseSlideShow Start
D/CalendarAppWidgetProviderAgenda( 3754): ACTION_HOME_PAUSE: false
E/com.samsung.app( 3982): [MSC]>>> WeatherWidgetProvider.java:303 [0:0] onReceive()@@@ sec.android.intent.action.HOME_RESUME
E/com.samsung.app( 3982): [MSC]>>> WidgetIdManager.java:39 [0:0] AccuWeatherClockWidgetID_Length
E/com.samsung.app( 3982): [MSC]>>> WidgetIdManager.java:40 [0:0] getPrefIDs() : length = 1
E/com.samsung.app( 3982): [MSC]>>> WidgetIdManager.java:46 [0:0] getPrefIDs() : Ids1 = 2
D/PhotoAppWidgetProvider( 4015): OnReceive Start
D/PhotoAppWidgetProvider( 4015): RestartSlideShow Start
I/Icing   ( 3217): Done compaction min disk 0.000% min index 100.000% num docs 0 old 0 trimmed 0 err 0
I/Icing   ( 3217): Post-init done
I/ActivityManager( 2806): Start proc com.sec.android.widgetapp.buddiesnow for broadcast com.sec.android.widgetapp.buddiesnow/.BuddiesWidget: pid=4161 uid=10012 gids={3003, 1015, 3002}
I/Zygote  ( 4161): Zygote: pid 4161 has CALL PRIVILEGED permission, then set capability for CAP_SYS_ADMIN (21)
D/Buddies--------------------------->( 4161): Service:OnReceive ACTION_HOME_RESUME called
E/DEVICE_PROVISIONED : ( 4073): DEVICE_PROVISIONED : 1
E/MTPRx   ( 4089): In MtpReceiverandroid.intent.action.MEDIA_SCANNER_FINISHED
W/MTPRx   ( 4089): Media scanning is finished
I/System.out( 4089): setting Media scanner status0
I/System.out( 4089): After setting Media scanner status0
V/SettingsProvider( 2806): secure <- value=0 name=media_scanning_finished
V/SettingsProvider( 2806): property: sys.settings_secure_version=2
V/SettingsProvider( 2806): notifying: content://settings/secure/media_scanning_finished
I/ActivityManager( 2806): No longer want com.android.mms (pid 3645): hidden #26
D/BootReceiver( 4015): ACTION_MEDIA_SCANNER_FINISHED: path = /system/media
D/BootReceiver( 4015): ImageManager.hasStorage()truetrue
E/BootReceiver( 4015): Ignore first ACTION_MEDIA_SCANNER_FINISHED
D/CscParser( 2956): customer_path =/system/csc/customer.xml
D/CscParser( 2956): others_path =/system/csc/others.xml
E/CscReceiver( 2956): onReceive android.intent.action.MEDIA_SCANNER_FINISHED
D/CscParser( 2956): ID_path =/system/SW_Configuration.xml
D/CscReceiver( 2956): Media DB Scanner finished.
D/CscReceiver( 2956): Set Ringtone
D/CscParser( 2956): customer_path =/system/csc/customer.xml
D/CscParser( 2956): others_path =/system/csc/others.xml
E/CscParser( 2956): fileName + /system/csc/customer.xml
D/dalvikvm( 2956): GC_CONCURRENT freed 704K, 48% free 3712K/7047K, external 0K/0K, paused 2ms+2ms
D/dalvikvm( 2956): GC_CONCURRENT freed 182K, 43% free 4042K/7047K, external 0K/0K, paused 2ms+3ms
D/CscParser( 2956): getInstance fileName =/system/csc/customer.xml
D/CscParser( 2956): customer_path =/system/csc/customer.xml
D/CscParser( 2956): customer_path =/system/csc/customer.xml
E/CscParser( 2956): fileName + /system/csc/customer.xml
D/dalvikvm( 3909): GC_CONCURRENT freed 394K, 52% free 2809K/5831K, external 0K/0K, paused 2ms+2ms
V/MediaProvider( 2957): Attached volume: external
D/MediaScannerService( 2957): scan : call scanner.scanDirectories - directories : /mnt/sdcard
D/MediaScanner( 2957): prescan enter: path - null
D/MediaScanner( 2957): prescan debug audio - content://media/external/audio/media  null
D/dalvikvm( 2956): GC_CONCURRENT freed 600K, 46% free 3942K/7175K, external 0K/0K, paused 2ms+4ms
W/CSCSettings( 2956): Setting Ringtones (type) : 1
D/CscParser( 2956): RingTone: null
W/CSCSettings( 2956): 1. Tag_Str: null
D/CscReceiver( 2956): Set Notification
D/CscParser( 2956): customer_path =/system/csc/customer.xml
D/CscParser( 2956): others_path =/system/csc/others.xml
E/CscParser( 2956): fileName + /system/csc/customer.xml
V/WifiMonitor( 2806): Event [ SCAN-RESULTS ]
I/wpa_supplicant( 2929): CTRL-EVENT-NO-CONNECTION
V/WifiMonitor( 2806): Event [CTRL-EVENT-NO-CONNECTION]
I/wpa_supplicant( 2929): SCAN_RESULTS : [13] 
I/wpa_supplicant( 2929): SCAN_RESULTS : [13] 
I/wpa_supplicant( 2929): SCAN_RESULTS : [13] 
D/dalvikvm( 3217): GC_CONCURRENT freed 639K, 46% free 4030K/7367K, external 0K/0K, paused 2ms+11ms
D/dalvikvm( 2956): GC_CONCURRENT freed 606K, 47% free 3848K/7175K, external 0K/0K, paused 2ms+2ms
D/CscParser( 2956): getInstance fileName =/system/csc/customer.xml
D/CscParser( 2956): customer_path =/system/csc/customer.xml
D/CscParser( 2956): customer_path =/system/csc/customer.xml
E/CscParser( 2956): fileName + /system/csc/customer.xml
I/wpa_supplicant( 2929): SCAN_RESULTS : [13] 
D/MediaScanner( 2957): prescan debug video - content://media/external/video/media  null
I/System.out( 3902): [INFO:5962]: c: Running flush
